Archive member included to satisfy reference by file (symbol)

/home/alastair/pftf-rpi4/Build/RPi4/RELEASE_GCC5/AARCH64/MdePkg/Library/UefiDriverEntryPoint/UefiDriverEntryPoint/OUTPUT/UefiDriverEntryPoint.lib(DriverEntryPoint.obj)
                              (_ModuleEntryPoint)
/home/alastair/pftf-rpi4/Build/RPi4/RELEASE_GCC5/AARCH64/MdePkg/Library/BaseStackCheckLib/BaseStackCheckLib/OUTPUT/BaseStackCheckLib.lib(BaseStackCheckGcc.obj)
                              /home/alastair/pftf-rpi4/edk2/ArmPkg/Library/GccLto/liblto-aarch64.a (__stack_chk_fail)
/home/alastair/pftf-rpi4/Build/RPi4/RELEASE_GCC5/AARCH64/ArmPkg/Library/CompilerIntrinsicsLib/CompilerIntrinsicsLib/OUTPUT/CompilerIntrinsicsLib.lib(memcpy.obj)
                              /home/alastair/pftf-rpi4/edk2/ArmPkg/Library/GccLto/liblto-aarch64.a (memcpy)
/home/alastair/pftf-rpi4/Build/RPi4/RELEASE_GCC5/AARCH64/ArmPkg/Library/CompilerIntrinsicsLib/CompilerIntrinsicsLib/OUTPUT/CompilerIntrinsicsLib.lib(memset.obj)
                              /home/alastair/pftf-rpi4/edk2/ArmPkg/Library/GccLto/liblto-aarch64.a (memset)
/home/alastair/pftf-rpi4/Build/RPi4/RELEASE_GCC5/AARCH64/NetworkPkg/DpcDxe/DpcDxe/OUTPUT/DpcDxe.lib(AutoGen.obj)
                              DriverEntryPoint.obj (symbol from plugin) (ProcessLibraryConstructorList)
/home/alastair/pftf-rpi4/Build/RPi4/RELEASE_GCC5/AARCH64/NetworkPkg/DpcDxe/DpcDxe/OUTPUT/DpcDxe.lib(Dpc.obj)
                              AutoGen.obj (symbol from plugin) (DpcDriverEntryPoint)
/home/alastair/pftf-rpi4/Build/RPi4/RELEASE_GCC5/AARCH64/MdePkg/Library/BaseLib/BaseLib/OUTPUT/BaseLib.lib(CpuDeadLoop.obj)
                              BaseStackCheckGcc.obj (symbol from plugin) (CpuDeadLoop)
/home/alastair/pftf-rpi4/Build/RPi4/RELEASE_GCC5/AARCH64/MdePkg/Library/BaseLib/BaseLib/OUTPUT/BaseLib.lib(LinkedList.obj)
                              Dpc.obj (symbol from plugin) (InitializeListHead)
/home/alastair/pftf-rpi4/Build/RPi4/RELEASE_GCC5/AARCH64/MdePkg/Library/BaseLib/BaseLib/OUTPUT/BaseLib.lib(CpuBreakpoint.obj)
                              BaseStackCheckGcc.obj (symbol from plugin) (CpuBreakpoint)
/home/alastair/pftf-rpi4/Build/RPi4/RELEASE_GCC5/AARCH64/MdePkg/Library/UefiBootServicesTableLib/UefiBootServicesTableLib/OUTPUT/UefiBootServicesTableLib.lib(UefiBootServicesTableLib.obj)
                              AutoGen.obj (symbol from plugin) (UefiBootServicesTableLibConstructor)
/home/alastair/pftf-rpi4/Build/RPi4/RELEASE_GCC5/AARCH64/MdePkg/Library/UefiMemoryAllocationLib/UefiMemoryAllocationLib/OUTPUT/UefiMemoryAllocationLib.lib(MemoryAllocationLib.obj)
                              Dpc.obj (symbol from plugin) (AllocatePool)
/home/alastair/pftf-rpi4/Build/RPi4/RELEASE_GCC5/AARCH64/MdePkg/Library/BaseMemoryLibOptDxe/BaseMemoryLibOptDxe/OUTPUT/BaseMemoryLibOptDxe.lib(ZeroMemWrapper.obj)
                              MemoryAllocationLib.obj (symbol from plugin) (ZeroMem)
/home/alastair/pftf-rpi4/Build/RPi4/RELEASE_GCC5/AARCH64/MdePkg/Library/BaseMemoryLibOptDxe/BaseMemoryLibOptDxe/OUTPUT/BaseMemoryLibOptDxe.lib(CopyMemWrapper.obj)
                              MemoryAllocationLib.obj (symbol from plugin) (CopyMem)
/home/alastair/pftf-rpi4/Build/RPi4/RELEASE_GCC5/AARCH64/MdePkg/Library/BaseMemoryLibOptDxe/BaseMemoryLibOptDxe/OUTPUT/BaseMemoryLibOptDxe.lib(SetMem.obj)
                              ZeroMemWrapper.obj (symbol from plugin) (InternalMemZeroMem)
/home/alastair/pftf-rpi4/Build/RPi4/RELEASE_GCC5/AARCH64/MdePkg/Library/BaseMemoryLibOptDxe/BaseMemoryLibOptDxe/OUTPUT/BaseMemoryLibOptDxe.lib(CopyMem.obj)
                              CopyMemWrapper.obj (symbol from plugin) (InternalMemCopyMem)

Discarded input sections

 .text          0x0000000000000000       0x10 /home/alastair/pftf-rpi4/edk2/ArmPkg/Library/GccLto/liblto-aarch64.a
 .data          0x0000000000000000        0x0 /home/alastair/pftf-rpi4/edk2/ArmPkg/Library/GccLto/liblto-aarch64.a
 .bss           0x0000000000000000        0x0 /home/alastair/pftf-rpi4/edk2/ArmPkg/Library/GccLto/liblto-aarch64.a
 .text          0x0000000000000000        0x0 /tmp/DpcDxe.dll.VvHWKd.ltrans0.ltrans.o
 .data          0x0000000000000000        0x0 /tmp/DpcDxe.dll.VvHWKd.ltrans0.ltrans.o
 .bss           0x0000000000000000        0x0 /tmp/DpcDxe.dll.VvHWKd.ltrans0.ltrans.o
 .text._DriverUnloadHandler
                0x0000000000000000        0x8 /tmp/DpcDxe.dll.VvHWKd.ltrans0.ltrans.o
 .text.__memset
                0x0000000000000000       0x1c /tmp/DpcDxe.dll.VvHWKd.ltrans0.ltrans.o
 .text.memcpy   0x0000000000000000       0x20 /tmp/DpcDxe.dll.VvHWKd.ltrans0.ltrans.o
 .comment       0x0000000000000000       0x2b /tmp/DpcDxe.dll.VvHWKd.ltrans0.ltrans.o
 .note.GNU-stack
                0x0000000000000000        0x0 /tmp/DpcDxe.dll.VvHWKd.ltrans0.ltrans.o
 .comment       0x0000000000000000       0x2b /tmp/ccDRqPDe.debug.temp.o
 .note.GNU-stack
                0x0000000000000000        0x0 /tmp/ccDRqPDe.debug.temp.o
 .comment       0x0000000000000000       0x2b /tmp/cczDFlIe.debug.temp.o
 .note.GNU-stack
                0x0000000000000000        0x0 /tmp/cczDFlIe.debug.temp.o
 .comment       0x0000000000000000       0x2b /tmp/ccypMUYd.debug.temp.o
 .note.GNU-stack
                0x0000000000000000        0x0 /tmp/ccypMUYd.debug.temp.o
 .comment       0x0000000000000000       0x2b /tmp/ccIhGdFe.debug.temp.o
 .note.GNU-stack
                0x0000000000000000        0x0 /tmp/ccIhGdFe.debug.temp.o
 .comment       0x0000000000000000       0x2b /tmp/ccyBBAQe.debug.temp.o
 .note.GNU-stack
                0x0000000000000000        0x0 /tmp/ccyBBAQe.debug.temp.o
 .comment       0x0000000000000000       0x2b /tmp/ccRcKnLf.debug.temp.o
 .note.GNU-stack
                0x0000000000000000        0x0 /tmp/ccRcKnLf.debug.temp.o
 .comment       0x0000000000000000       0x2b /tmp/ccsfRZbc.debug.temp.o
 .note.GNU-stack
                0x0000000000000000        0x0 /tmp/ccsfRZbc.debug.temp.o
 .comment       0x0000000000000000       0x2b /tmp/ccx89jbd.debug.temp.o
 .note.GNU-stack
                0x0000000000000000        0x0 /tmp/ccx89jbd.debug.temp.o
 .comment       0x0000000000000000       0x2b /tmp/cchNYV7c.debug.temp.o
 .note.GNU-stack
                0x0000000000000000        0x0 /tmp/cchNYV7c.debug.temp.o
 .comment       0x0000000000000000       0x2b /tmp/cc0IsmWe.debug.temp.o
 .note.GNU-stack
                0x0000000000000000        0x0 /tmp/cc0IsmWe.debug.temp.o
 .debug_info    0x0000000000000000      0x16e /tmp/ccMIj06d.debug.temp.o
 .debug_abbrev  0x0000000000000000       0xb1 /tmp/ccMIj06d.debug.temp.o
 .debug_line    0x0000000000000000      0x175 /tmp/ccMIj06d.debug.temp.o
 .debug_str     0x0000000000000000      0x352 /tmp/ccMIj06d.debug.temp.o
 .comment       0x0000000000000000       0x2b /tmp/ccMIj06d.debug.temp.o
 .note.GNU-stack
                0x0000000000000000        0x0 /tmp/ccMIj06d.debug.temp.o
 .debug_info    0x0000000000000000      0x185 /tmp/ccNXZnsb.debug.temp.o
 .debug_abbrev  0x0000000000000000       0xb8 /tmp/ccNXZnsb.debug.temp.o
 .debug_line    0x0000000000000000      0x175 /tmp/ccNXZnsb.debug.temp.o
 .debug_str     0x0000000000000000      0x36a /tmp/ccNXZnsb.debug.temp.o
 .comment       0x0000000000000000       0x2b /tmp/ccNXZnsb.debug.temp.o
 .note.GNU-stack
                0x0000000000000000        0x0 /tmp/ccNXZnsb.debug.temp.o
 .text          0x0000000000000000        0x8 /home/alastair/pftf-rpi4/Build/RPi4/RELEASE_GCC5/AARCH64/MdePkg/Library/BaseLib/BaseLib/OUTPUT/BaseLib.lib(CpuBreakpoint.obj)
 .data          0x0000000000000000        0x0 /home/alastair/pftf-rpi4/Build/RPi4/RELEASE_GCC5/AARCH64/MdePkg/Library/BaseLib/BaseLib/OUTPUT/BaseLib.lib(CpuBreakpoint.obj)
 .bss           0x0000000000000000        0x0 /home/alastair/pftf-rpi4/Build/RPi4/RELEASE_GCC5/AARCH64/MdePkg/Library/BaseLib/BaseLib/OUTPUT/BaseLib.lib(CpuBreakpoint.obj)
 .text          0x0000000000000000      0x200 /home/alastair/pftf-rpi4/Build/RPi4/RELEASE_GCC5/AARCH64/MdePkg/Library/BaseMemoryLibOptDxe/BaseMemoryLibOptDxe/OUTPUT/BaseMemoryLibOptDxe.lib(SetMem.obj)
 .data          0x0000000000000000        0x0 /home/alastair/pftf-rpi4/Build/RPi4/RELEASE_GCC5/AARCH64/MdePkg/Library/BaseMemoryLibOptDxe/BaseMemoryLibOptDxe/OUTPUT/BaseMemoryLibOptDxe.lib(SetMem.obj)
 .bss           0x0000000000000000        0x0 /home/alastair/pftf-rpi4/Build/RPi4/RELEASE_GCC5/AARCH64/MdePkg/Library/BaseMemoryLibOptDxe/BaseMemoryLibOptDxe/OUTPUT/BaseMemoryLibOptDxe.lib(SetMem.obj)
 .text          0x0000000000000000      0x218 /home/alastair/pftf-rpi4/Build/RPi4/RELEASE_GCC5/AARCH64/MdePkg/Library/BaseMemoryLibOptDxe/BaseMemoryLibOptDxe/OUTPUT/BaseMemoryLibOptDxe.lib(CopyMem.obj)
 .data          0x0000000000000000        0x0 /home/alastair/pftf-rpi4/Build/RPi4/RELEASE_GCC5/AARCH64/MdePkg/Library/BaseMemoryLibOptDxe/BaseMemoryLibOptDxe/OUTPUT/BaseMemoryLibOptDxe.lib(CopyMem.obj)
 .bss           0x0000000000000000        0x0 /home/alastair/pftf-rpi4/Build/RPi4/RELEASE_GCC5/AARCH64/MdePkg/Library/BaseMemoryLibOptDxe/BaseMemoryLibOptDxe/OUTPUT/BaseMemoryLibOptDxe.lib(CopyMem.obj)

Memory Configuration

Name             Origin             Length             Attributes
*default*        0x0000000000000000 0xffffffffffffffff

Linker script and memory map

LOAD /home/alastair/pftf-rpi4/edk2/ArmPkg/Library/GccLto/liblto-aarch64.a
START GROUP
LOAD /tmp/DpcDxe.dll.VvHWKd.ltrans0.ltrans.o
LOAD /tmp/ccDRqPDe.debug.temp.o
LOAD /tmp/cczDFlIe.debug.temp.o
LOAD /tmp/ccypMUYd.debug.temp.o
LOAD /tmp/ccIhGdFe.debug.temp.o
LOAD /tmp/ccyBBAQe.debug.temp.o
LOAD /tmp/ccRcKnLf.debug.temp.o
LOAD /tmp/ccsfRZbc.debug.temp.o
LOAD /tmp/ccx89jbd.debug.temp.o
LOAD /tmp/cchNYV7c.debug.temp.o
LOAD /tmp/cc0IsmWe.debug.temp.o
LOAD /tmp/ccMIj06d.debug.temp.o
LOAD /tmp/ccNXZnsb.debug.temp.o
LOAD /home/alastair/pftf-rpi4/Build/RPi4/RELEASE_GCC5/AARCH64/NetworkPkg/DpcDxe/DpcDxe/OUTPUT/DpcDxe.lib
LOAD /home/alastair/pftf-rpi4/Build/RPi4/RELEASE_GCC5/AARCH64/MdePkg/Library/DxePcdLib/DxePcdLib/OUTPUT/DxePcdLib.lib
LOAD /home/alastair/pftf-rpi4/Build/RPi4/RELEASE_GCC5/AARCH64/MdePkg/Library/BaseMemoryLibOptDxe/BaseMemoryLibOptDxe/OUTPUT/BaseMemoryLibOptDxe.lib
LOAD /home/alastair/pftf-rpi4/Build/RPi4/RELEASE_GCC5/AARCH64/MdePkg/Library/BaseDebugLibNull/BaseDebugLibNull/OUTPUT/BaseDebugLibNull.lib
LOAD /home/alastair/pftf-rpi4/Build/RPi4/RELEASE_GCC5/AARCH64/MdePkg/Library/BaseLib/BaseLib/OUTPUT/BaseLib.lib
LOAD /home/alastair/pftf-rpi4/Build/RPi4/RELEASE_GCC5/AARCH64/MdePkg/Library/UefiBootServicesTableLib/UefiBootServicesTableLib/OUTPUT/UefiBootServicesTableLib.lib
LOAD /home/alastair/pftf-rpi4/Build/RPi4/RELEASE_GCC5/AARCH64/MdePkg/Library/UefiDriverEntryPoint/UefiDriverEntryPoint/OUTPUT/UefiDriverEntryPoint.lib
LOAD /home/alastair/pftf-rpi4/Build/RPi4/RELEASE_GCC5/AARCH64/MdePkg/Library/UefiMemoryAllocationLib/UefiMemoryAllocationLib/OUTPUT/UefiMemoryAllocationLib.lib
LOAD /home/alastair/pftf-rpi4/Build/RPi4/RELEASE_GCC5/AARCH64/MdePkg/Library/BaseStackCheckLib/BaseStackCheckLib/OUTPUT/BaseStackCheckLib.lib
LOAD /home/alastair/pftf-rpi4/Build/RPi4/RELEASE_GCC5/AARCH64/ArmPkg/Library/CompilerIntrinsicsLib/CompilerIntrinsicsLib/OUTPUT/CompilerIntrinsicsLib.lib
END GROUP
                0x0000000000000228                . = PECOFF_HEADER_SIZE

.gnu.version_d  0x0000000000000228        0x0
 .gnu.version_d
                0x0000000000000228        0x0 /home/alastair/pftf-rpi4/edk2/ArmPkg/Library/GccLto/liblto-aarch64.a

.gnu.version    0x0000000000000228        0x0
 .gnu.version   0x0000000000000228        0x0 /home/alastair/pftf-rpi4/edk2/ArmPkg/Library/GccLto/liblto-aarch64.a

.gnu.version_r  0x0000000000000228        0x0
 .gnu.version_r
                0x0000000000000228        0x0 /home/alastair/pftf-rpi4/edk2/ArmPkg/Library/GccLto/liblto-aarch64.a

.text           0x0000000000001000      0x3a0
 *(.text .text.* .stub .gnu.linkonce.t.*)
 .text.RemoveEntryList
                0x0000000000001000       0x14 /tmp/DpcDxe.dll.VvHWKd.ltrans0.ltrans.o
 .text.IsListEmpty
                0x0000000000001014       0x10 /tmp/DpcDxe.dll.VvHWKd.ltrans0.ltrans.o
 .text.GetFirstNode
                0x0000000000001024        0x8 /tmp/DpcDxe.dll.VvHWKd.ltrans0.ltrans.o
 .text.InsertTailList
                0x000000000000102c       0x18 /tmp/DpcDxe.dll.VvHWKd.ltrans0.ltrans.o
 .text.InitializeListHead
                0x0000000000001044        0x8 /tmp/DpcDxe.dll.VvHWKd.ltrans0.ltrans.o
 .text.DpcDispatchDpc
                0x000000000000104c      0x108 /tmp/DpcDxe.dll.VvHWKd.ltrans0.ltrans.o
 .text.DpcQueueDpc
                0x0000000000001154      0x1a8 /tmp/DpcDxe.dll.VvHWKd.ltrans0.ltrans.o
 .text.__stack_chk_fail
                0x00000000000012fc       0x18 /tmp/DpcDxe.dll.VvHWKd.ltrans0.ltrans.o
                0x00000000000012fc                __stack_chk_fail
 .text._ModuleEntryPoint
                0x0000000000001314       0x6c /tmp/DpcDxe.dll.VvHWKd.ltrans0.ltrans.o
                0x0000000000001314                _ModuleEntryPoint
 *(.rodata .rodata.* .gnu.linkonce.r.*)
 *(.got .got.*)
 .got           0x0000000000001380        0x8 /home/alastair/pftf-rpi4/edk2/ArmPkg/Library/GccLto/liblto-aarch64.a
                0x0000000000001380                _GLOBAL_OFFSET_TABLE_
 .got.plt       0x0000000000001388       0x18 /home/alastair/pftf-rpi4/edk2/ArmPkg/Library/GccLto/liblto-aarch64.a
 *:AutoGen.obj(.data.g*Guid)

.plt            0x00000000000013a0        0x0
 .plt           0x00000000000013a0        0x0 /home/alastair/pftf-rpi4/edk2/ArmPkg/Library/GccLto/liblto-aarch64.a

.data           0x0000000000002000      0x260
 *(.data .data.* .gnu.linkonce.d.*)
 .data.rel.ro   0x0000000000002000        0x0 /home/alastair/pftf-rpi4/edk2/ArmPkg/Library/GccLto/liblto-aarch64.a
 .data.__stack_chk_guard
                0x0000000000002000        0x8 /tmp/DpcDxe.dll.VvHWKd.ltrans0.ltrans.o
                0x0000000000002000                __stack_chk_guard
 .data.gEfiDpcProtocolGuid
                0x0000000000002008       0x10 /tmp/DpcDxe.dll.VvHWKd.ltrans0.ltrans.o
 .data.mDpc     0x0000000000002018       0x10 /tmp/DpcDxe.dll.VvHWKd.ltrans0.ltrans.o
 .data.mDpcEntryFreeList
                0x0000000000002028       0x10 /tmp/DpcDxe.dll.VvHWKd.ltrans0.ltrans.o
 *(.bss .bss.*)
 .bss.gBS       0x0000000000002038        0x8 /tmp/DpcDxe.dll.VvHWKd.ltrans0.ltrans.o
 .bss.gST       0x0000000000002040        0x8 /tmp/DpcDxe.dll.VvHWKd.ltrans0.ltrans.o
 .bss.mDpcHandle
                0x0000000000002048        0x8 /tmp/DpcDxe.dll.VvHWKd.ltrans0.ltrans.o
 .bss.mDpcQueue
                0x0000000000002050      0x200 /tmp/DpcDxe.dll.VvHWKd.ltrans0.ltrans.o
 .bss.mDpcQueueDepth
                0x0000000000002250        0x8 /tmp/DpcDxe.dll.VvHWKd.ltrans0.ltrans.o
 .bss.mMaxDpcQueueDepth
                0x0000000000002258        0x8 /tmp/DpcDxe.dll.VvHWKd.ltrans0.ltrans.o

.dynbss         0x0000000000002260        0x0
 .dynbss        0x0000000000002260        0x0 /home/alastair/pftf-rpi4/edk2/ArmPkg/Library/GccLto/liblto-aarch64.a

.eh_frame
 *(.eh_frame)

.rela           0x0000000000002260       0x60
 *(.rela .rela.*)
 .rela.got      0x0000000000002260        0x0 /home/alastair/pftf-rpi4/edk2/ArmPkg/Library/GccLto/liblto-aarch64.a
 .rela.plt      0x0000000000002260        0x0 /home/alastair/pftf-rpi4/edk2/ArmPkg/Library/GccLto/liblto-aarch64.a
 .rela.bss      0x0000000000002260        0x0 /home/alastair/pftf-rpi4/edk2/ArmPkg/Library/GccLto/liblto-aarch64.a
 .rela.data.rel.ro
                0x0000000000002260        0x0 /home/alastair/pftf-rpi4/edk2/ArmPkg/Library/GccLto/liblto-aarch64.a
 .rela.ifunc    0x0000000000002260        0x0 /home/alastair/pftf-rpi4/edk2/ArmPkg/Library/GccLto/liblto-aarch64.a
 .rela.data.mDpc
                0x0000000000002260       0x30 /home/alastair/pftf-rpi4/edk2/ArmPkg/Library/GccLto/liblto-aarch64.a
 .rela.data.mDpcEntryFreeList
                0x0000000000002290       0x30 /home/alastair/pftf-rpi4/edk2/ArmPkg/Library/GccLto/liblto-aarch64.a

.hii
 *(.hii)

.build-id       0x00000000000022c0       0x24
 *(.note.gnu.build-id)
 .note.gnu.build-id
                0x00000000000022c0       0x24 /home/alastair/pftf-rpi4/edk2/ArmPkg/Library/GccLto/liblto-aarch64.a

/DISCARD/
 *(.note.GNU-stack)
 *(.gnu_debuglink)
 *(.interp)
 *(.dynsym)
 *(.dynstr)
 *(.dynamic)
 *(.hash .gnu.hash)
 *(.comment)
 *(COMMON)
                0x0000000000000228                PECOFF_HEADER_SIZE = 0x228
OUTPUT(/home/alastair/pftf-rpi4/Build/RPi4/RELEASE_GCC5/AARCH64/NetworkPkg/DpcDxe/DpcDxe/DEBUG/DpcDxe.dll elf64-littleaarch64)
LOAD linker stubs

.debug_info     0x0000000000000000     0x9a5f
 .debug_info    0x0000000000000000      0x7f3 /tmp/DpcDxe.dll.VvHWKd.ltrans0.ltrans.o
 .debug_info    0x00000000000007f3     0x1a57 /tmp/ccDRqPDe.debug.temp.o
                0x00000000000007f3                DriverEntryPoint.c.0bb94e37
 .debug_info    0x000000000000224a      0x17b /tmp/cczDFlIe.debug.temp.o
                0x000000000000224a                BaseStackCheckGcc.c.3fb9ce64
 .debug_info    0x00000000000023c5      0x1d7 /tmp/ccypMUYd.debug.temp.o
                0x00000000000023c5                memcpy.c.79986cd0
 .debug_info    0x000000000000259c      0x188 /tmp/ccIhGdFe.debug.temp.o
                0x000000000000259c                memset.c.02de5c04
 .debug_info    0x0000000000002724     0x1ac6 /tmp/ccyBBAQe.debug.temp.o
                0x0000000000002724                AutoGen.c.df6eada9
 .debug_info    0x00000000000041ea     0x1bbc /tmp/ccRcKnLf.debug.temp.o
                0x00000000000041ea                Dpc.c.fb161412
 .debug_info    0x0000000000005da6      0x1d0 /tmp/ccsfRZbc.debug.temp.o
                0x0000000000005da6                CpuDeadLoop.c.755e7c7b
 .debug_info    0x0000000000005f76      0x428 /tmp/ccx89jbd.debug.temp.o
                0x0000000000005f76                LinkedList.c.7e1d43c9
 .debug_info    0x000000000000639e     0x18e1 /tmp/cchNYV7c.debug.temp.o
                0x000000000000639e                UefiBootServicesTableLib.c.1b9b5282
 .debug_info    0x0000000000007c7f     0x1de0 /tmp/cc0IsmWe.debug.temp.o
                0x0000000000007c7f                MemoryAllocationLib.c.7e75fabe

.debug_abbrev   0x0000000000000000      0xffe
 .debug_abbrev  0x0000000000000000      0x131 /tmp/DpcDxe.dll.VvHWKd.ltrans0.ltrans.o
 .debug_abbrev  0x0000000000000131      0x1e9 /tmp/ccDRqPDe.debug.temp.o
 .debug_abbrev  0x000000000000031a       0xc7 /tmp/cczDFlIe.debug.temp.o
 .debug_abbrev  0x00000000000003e1       0xee /tmp/ccypMUYd.debug.temp.o
 .debug_abbrev  0x00000000000004cf       0xc0 /tmp/ccIhGdFe.debug.temp.o
 .debug_abbrev  0x000000000000058f      0x218 /tmp/ccyBBAQe.debug.temp.o
 .debug_abbrev  0x00000000000007a7      0x249 /tmp/ccRcKnLf.debug.temp.o
 .debug_abbrev  0x00000000000009f0       0xb6 /tmp/ccsfRZbc.debug.temp.o
 .debug_abbrev  0x0000000000000aa6      0x139 /tmp/ccx89jbd.debug.temp.o
 .debug_abbrev  0x0000000000000bdf      0x1dd /tmp/cchNYV7c.debug.temp.o
 .debug_abbrev  0x0000000000000dbc      0x242 /tmp/cc0IsmWe.debug.temp.o

.debug_loc      0x0000000000000000      0xc44
 .debug_loc     0x0000000000000000      0xc44 /tmp/DpcDxe.dll.VvHWKd.ltrans0.ltrans.o

.debug_aranges  0x0000000000000000       0xe0
 .debug_aranges
                0x0000000000000000       0xe0 /tmp/DpcDxe.dll.VvHWKd.ltrans0.ltrans.o

.debug_ranges   0x0000000000000000      0x2f0
 .debug_ranges  0x0000000000000000      0x2f0 /tmp/DpcDxe.dll.VvHWKd.ltrans0.ltrans.o

.debug_line     0x0000000000000000     0x1e62
 .debug_line    0x0000000000000000      0x794 /tmp/DpcDxe.dll.VvHWKd.ltrans0.ltrans.o
 .debug_line    0x0000000000000794      0x349 /tmp/ccDRqPDe.debug.temp.o
 .debug_line    0x0000000000000add      0x172 /tmp/cczDFlIe.debug.temp.o
 .debug_line    0x0000000000000c4f      0x173 /tmp/ccypMUYd.debug.temp.o
 .debug_line    0x0000000000000dc2      0x173 /tmp/ccIhGdFe.debug.temp.o
 .debug_line    0x0000000000000f35      0x2df /tmp/ccyBBAQe.debug.temp.o
 .debug_line    0x0000000000001214      0x357 /tmp/ccRcKnLf.debug.temp.o
 .debug_line    0x000000000000156b      0x14e /tmp/ccsfRZbc.debug.temp.o
 .debug_line    0x00000000000016b9      0x14d /tmp/ccx89jbd.debug.temp.o
 .debug_line    0x0000000000001806      0x332 /tmp/cchNYV7c.debug.temp.o
 .debug_line    0x0000000000001b38      0x32a /tmp/cc0IsmWe.debug.temp.o

.debug_str      0x0000000000000000     0x2502
 .debug_str     0x0000000000000000      0x208 /tmp/DpcDxe.dll.VvHWKd.ltrans0.ltrans.o
 .debug_str     0x0000000000000208     0x1585 /tmp/ccDRqPDe.debug.temp.o
                                       0x1692 (size before relaxing)
 .debug_str     0x000000000000178d      0x27c /tmp/cczDFlIe.debug.temp.o
                                        0x3a9 (size before relaxing)
 .debug_str     0x0000000000001a09       0xd5 /tmp/ccypMUYd.debug.temp.o
                                        0x350 (size before relaxing)
 .debug_str     0x0000000000001ade       0x55 /tmp/ccIhGdFe.debug.temp.o
                                        0x344 (size before relaxing)
 .debug_str     0x0000000000001b33      0x280 /tmp/ccyBBAQe.debug.temp.o
                                       0x17ed (size before relaxing)
 .debug_str     0x0000000000001db3      0x183 /tmp/ccRcKnLf.debug.temp.o
                                       0x1777 (size before relaxing)
 .debug_str     0x0000000000001f36       0xa7 /tmp/ccsfRZbc.debug.temp.o
                                        0x463 (size before relaxing)
 .debug_str     0x0000000000001fdd      0x11a /tmp/ccx89jbd.debug.temp.o
                                        0x573 (size before relaxing)
 .debug_str     0x00000000000020f7       0xff /tmp/cchNYV7c.debug.temp.o
                                       0x156f (size before relaxing)
 .debug_str     0x00000000000021f6      0x30c /tmp/cc0IsmWe.debug.temp.o
                                       0x17db (size before relaxing)

.debug_frame    0x0000000000000000      0x1a8
 .debug_frame   0x0000000000000000      0x1a8 /tmp/DpcDxe.dll.VvHWKd.ltrans0.ltrans.o
