Archive member included to satisfy reference by file (symbol)

/home/alastair/pftf-rpi4/Build/RPi4/RELEASE_GCC5/AARCH64/MdePkg/Library/UefiDriverEntryPoint/UefiDriverEntryPoint/OUTPUT/UefiDriverEntryPoint.lib(DriverEntryPoint.obj)
                              (_ModuleEntryPoint)
/home/alastair/pftf-rpi4/Build/RPi4/RELEASE_GCC5/AARCH64/MdePkg/Library/BaseStackCheckLib/BaseStackCheckLib/OUTPUT/BaseStackCheckLib.lib(BaseStackCheckGcc.obj)
                              /home/alastair/pftf-rpi4/edk2/ArmPkg/Library/GccLto/liblto-aarch64.a (__stack_chk_fail)
/home/alastair/pftf-rpi4/Build/RPi4/RELEASE_GCC5/AARCH64/ArmPkg/Library/CompilerIntrinsicsLib/CompilerIntrinsicsLib/OUTPUT/CompilerIntrinsicsLib.lib(memcpy.obj)
                              /home/alastair/pftf-rpi4/edk2/ArmPkg/Library/GccLto/liblto-aarch64.a (memcpy)
/home/alastair/pftf-rpi4/Build/RPi4/RELEASE_GCC5/AARCH64/ArmPkg/Library/CompilerIntrinsicsLib/CompilerIntrinsicsLib/OUTPUT/CompilerIntrinsicsLib.lib(memset.obj)
                              /home/alastair/pftf-rpi4/edk2/ArmPkg/Library/GccLto/liblto-aarch64.a (memset)
/home/alastair/pftf-rpi4/Build/RPi4/RELEASE_GCC5/AARCH64/MdeModulePkg/Universal/Acpi/AcpiTableDxe/AcpiTableDxe/OUTPUT/AcpiTableDxe.lib(AutoGen.obj)
                              DriverEntryPoint.obj (symbol from plugin) (ProcessLibraryConstructorList)
/home/alastair/pftf-rpi4/Build/RPi4/RELEASE_GCC5/AARCH64/MdeModulePkg/Universal/Acpi/AcpiTableDxe/AcpiTableDxe/OUTPUT/AcpiTableDxe.lib(AcpiTable.obj)
                              AutoGen.obj (symbol from plugin) (InitializeAcpiTableDxe)
/home/alastair/pftf-rpi4/Build/RPi4/RELEASE_GCC5/AARCH64/MdeModulePkg/Universal/Acpi/AcpiTableDxe/AcpiTableDxe/OUTPUT/AcpiTableDxe.lib(AcpiTableProtocol.obj)
                              AcpiTable.obj (symbol from plugin) (AcpiTableAcpiTableConstructor)
/home/alastair/pftf-rpi4/Build/RPi4/RELEASE_GCC5/AARCH64/MdeModulePkg/Universal/Acpi/AcpiTableDxe/AcpiTableDxe/OUTPUT/AcpiTableDxe.lib(AcpiSdt.obj)
                              AcpiTableProtocol.obj (symbol from plugin) (SdtNotifyAcpiList)
/home/alastair/pftf-rpi4/Build/RPi4/RELEASE_GCC5/AARCH64/MdeModulePkg/Universal/Acpi/AcpiTableDxe/AcpiTableDxe/OUTPUT/AcpiTableDxe.lib(Aml.obj)
                              AcpiSdt.obj (symbol from plugin) (AmlSearchByOpByte)
/home/alastair/pftf-rpi4/Build/RPi4/RELEASE_GCC5/AARCH64/MdeModulePkg/Universal/Acpi/AcpiTableDxe/AcpiTableDxe/OUTPUT/AcpiTableDxe.lib(AmlString.obj)
                              AcpiSdt.obj (symbol from plugin) (AmlIsRootPath)
/home/alastair/pftf-rpi4/Build/RPi4/RELEASE_GCC5/AARCH64/MdeModulePkg/Universal/Acpi/AcpiTableDxe/AcpiTableDxe/OUTPUT/AcpiTableDxe.lib(AmlOption.obj)
                              AcpiSdt.obj (symbol from plugin) (AmlGetObjectSize)
/home/alastair/pftf-rpi4/Build/RPi4/RELEASE_GCC5/AARCH64/MdeModulePkg/Universal/Acpi/AcpiTableDxe/AcpiTableDxe/OUTPUT/AcpiTableDxe.lib(AmlChild.obj)
                              AcpiSdt.obj (symbol from plugin) (AmlGetChildFromRoot)
/home/alastair/pftf-rpi4/Build/RPi4/RELEASE_GCC5/AARCH64/MdeModulePkg/Universal/Acpi/AcpiTableDxe/AcpiTableDxe/OUTPUT/AcpiTableDxe.lib(AmlNamespace.obj)
                              AcpiSdt.obj (symbol from plugin) (AmlFindPath)
/home/alastair/pftf-rpi4/Build/RPi4/RELEASE_GCC5/AARCH64/MdePkg/Library/BaseLib/BaseLib/OUTPUT/BaseLib.lib(CpuDeadLoop.obj)
                              BaseStackCheckGcc.obj (symbol from plugin) (CpuDeadLoop)
/home/alastair/pftf-rpi4/Build/RPi4/RELEASE_GCC5/AARCH64/MdePkg/Library/BaseLib/BaseLib/OUTPUT/BaseLib.lib(LinkedList.obj)
                              AcpiTableProtocol.obj (symbol from plugin) (InitializeListHead)
/home/alastair/pftf-rpi4/Build/RPi4/RELEASE_GCC5/AARCH64/MdePkg/Library/BaseLib/BaseLib/OUTPUT/BaseLib.lib(String.obj)
                              AmlOption.obj (symbol from plugin) (AsciiStrSize)
/home/alastair/pftf-rpi4/Build/RPi4/RELEASE_GCC5/AARCH64/MdePkg/Library/BaseLib/BaseLib/OUTPUT/BaseLib.lib(CpuBreakpoint.obj)
                              BaseStackCheckGcc.obj (symbol from plugin) (CpuBreakpoint)
/home/alastair/pftf-rpi4/Build/RPi4/RELEASE_GCC5/AARCH64/MdePkg/Library/BaseLib/BaseLib/OUTPUT/BaseLib.lib(SafeString.obj)
                              String.obj (symbol from plugin) (StrDecimalToUintnS)
/home/alastair/pftf-rpi4/Build/RPi4/RELEASE_GCC5/AARCH64/MdePkg/Library/BaseLib/BaseLib/OUTPUT/BaseLib.lib(SwapBytes32.obj)
                              SafeString.obj (symbol from plugin) (SwapBytes32)
/home/alastair/pftf-rpi4/Build/RPi4/RELEASE_GCC5/AARCH64/MdePkg/Library/BaseLib/BaseLib/OUTPUT/BaseLib.lib(SwapBytes16.obj)
                              SafeString.obj (symbol from plugin) (SwapBytes16)
/home/alastair/pftf-rpi4/Build/RPi4/RELEASE_GCC5/AARCH64/MdePkg/Library/BaseLib/BaseLib/OUTPUT/BaseLib.lib(RShiftU64.obj)
                              SafeString.obj (symbol from plugin) (RShiftU64)
/home/alastair/pftf-rpi4/Build/RPi4/RELEASE_GCC5/AARCH64/MdePkg/Library/BaseLib/BaseLib/OUTPUT/BaseLib.lib(MultU64x32.obj)
                              SafeString.obj (symbol from plugin) (MultU64x32)
/home/alastair/pftf-rpi4/Build/RPi4/RELEASE_GCC5/AARCH64/MdePkg/Library/BaseLib/BaseLib/OUTPUT/BaseLib.lib(LShiftU64.obj)
                              SafeString.obj (symbol from plugin) (LShiftU64)
/home/alastair/pftf-rpi4/Build/RPi4/RELEASE_GCC5/AARCH64/MdePkg/Library/BaseLib/BaseLib/OUTPUT/BaseLib.lib(DivU64x32.obj)
                              SafeString.obj (symbol from plugin) (DivU64x32)
/home/alastair/pftf-rpi4/Build/RPi4/RELEASE_GCC5/AARCH64/MdePkg/Library/BaseLib/BaseLib/OUTPUT/BaseLib.lib(Math64.obj)
                              LShiftU64.obj (symbol from plugin) (InternalMathLShiftU64)
/home/alastair/pftf-rpi4/Build/RPi4/RELEASE_GCC5/AARCH64/MdePkg/Library/BaseDebugLibNull/BaseDebugLibNull/OUTPUT/BaseDebugLibNull.lib(DebugLib.obj)
                              AcpiSdt.obj (symbol from plugin) (DebugCodeEnabled)
/home/alastair/pftf-rpi4/Build/RPi4/RELEASE_GCC5/AARCH64/MdePkg/Library/BaseMemoryLibOptDxe/BaseMemoryLibOptDxe/OUTPUT/BaseMemoryLibOptDxe.lib(MemLibGuid.obj)
                              SafeString.obj (symbol from plugin) (CopyGuid)
/home/alastair/pftf-rpi4/Build/RPi4/RELEASE_GCC5/AARCH64/MdePkg/Library/BaseMemoryLibOptDxe/BaseMemoryLibOptDxe/OUTPUT/BaseMemoryLibOptDxe.lib(ZeroMemWrapper.obj)
                              AcpiTableProtocol.obj (symbol from plugin) (ZeroMem)
/home/alastair/pftf-rpi4/Build/RPi4/RELEASE_GCC5/AARCH64/MdePkg/Library/BaseMemoryLibOptDxe/BaseMemoryLibOptDxe/OUTPUT/BaseMemoryLibOptDxe.lib(CompareMemWrapper.obj)
                              AmlNamespace.obj (symbol from plugin) (CompareMem)
/home/alastair/pftf-rpi4/Build/RPi4/RELEASE_GCC5/AARCH64/MdePkg/Library/BaseMemoryLibOptDxe/BaseMemoryLibOptDxe/OUTPUT/BaseMemoryLibOptDxe.lib(SetMemWrapper.obj)
                              AcpiTableProtocol.obj (symbol from plugin) (SetMem)
/home/alastair/pftf-rpi4/Build/RPi4/RELEASE_GCC5/AARCH64/MdePkg/Library/BaseMemoryLibOptDxe/BaseMemoryLibOptDxe/OUTPUT/BaseMemoryLibOptDxe.lib(CopyMemWrapper.obj)
                              AcpiTableProtocol.obj (symbol from plugin) (CopyMem)
/home/alastair/pftf-rpi4/Build/RPi4/RELEASE_GCC5/AARCH64/MdePkg/Library/BaseMemoryLibOptDxe/BaseMemoryLibOptDxe/OUTPUT/BaseMemoryLibOptDxe.lib(SetMem.obj)
                              ZeroMemWrapper.obj (symbol from plugin) (InternalMemZeroMem)
/home/alastair/pftf-rpi4/Build/RPi4/RELEASE_GCC5/AARCH64/MdePkg/Library/BaseMemoryLibOptDxe/BaseMemoryLibOptDxe/OUTPUT/BaseMemoryLibOptDxe.lib(CopyMem.obj)
                              MemLibGuid.obj (symbol from plugin) (InternalMemCopyMem)
/home/alastair/pftf-rpi4/Build/RPi4/RELEASE_GCC5/AARCH64/MdePkg/Library/BaseMemoryLibOptDxe/BaseMemoryLibOptDxe/OUTPUT/BaseMemoryLibOptDxe.lib(CompareMem.obj)
                              CompareMemWrapper.obj (symbol from plugin) (InternalMemCompareMem)
/home/alastair/pftf-rpi4/Build/RPi4/RELEASE_GCC5/AARCH64/MdePkg/Library/BaseMemoryLibOptDxe/BaseMemoryLibOptDxe/OUTPUT/BaseMemoryLibOptDxe.lib(CompareGuid.obj)
                              MemLibGuid.obj (symbol from plugin) (InternalMemCompareGuid)
/home/alastair/pftf-rpi4/Build/RPi4/RELEASE_GCC5/AARCH64/MdePkg/Library/BaseMemoryLibOptDxe/BaseMemoryLibOptDxe/OUTPUT/BaseMemoryLibOptDxe.lib(SetMem64Wrapper.obj)
                              SetMemWrapper.obj (symbol from plugin) (SetMem64)
/home/alastair/pftf-rpi4/Build/RPi4/RELEASE_GCC5/AARCH64/MdePkg/Library/UefiBootServicesTableLib/UefiBootServicesTableLib/OUTPUT/UefiBootServicesTableLib.lib(UefiBootServicesTableLib.obj)
                              AutoGen.obj (symbol from plugin) (UefiBootServicesTableLibConstructor)
/home/alastair/pftf-rpi4/Build/RPi4/RELEASE_GCC5/AARCH64/MdePkg/Library/UefiMemoryAllocationLib/UefiMemoryAllocationLib/OUTPUT/UefiMemoryAllocationLib.lib(MemoryAllocationLib.obj)
                              AcpiTableProtocol.obj (symbol from plugin) (AllocatePool)
/home/alastair/pftf-rpi4/Build/RPi4/RELEASE_GCC5/AARCH64/MdePkg/Library/UefiRuntimeServicesTableLib/UefiRuntimeServicesTableLib/OUTPUT/UefiRuntimeServicesTableLib.lib(UefiRuntimeServicesTableLib.obj)
                              AutoGen.obj (symbol from plugin) (UefiRuntimeServicesTableLibConstructor)
/home/alastair/pftf-rpi4/Build/RPi4/RELEASE_GCC5/AARCH64/MdePkg/Library/UefiLib/UefiLib/OUTPUT/UefiLib.lib(UefiLib.obj)
                              AutoGen.obj (symbol from plugin) (UefiLibConstructor)
/home/alastair/pftf-rpi4/Build/RPi4/RELEASE_GCC5/AARCH64/MdePkg/Library/BaseLib/BaseLib/OUTPUT/BaseLib.lib(Unaligned.obj)
                              UefiLib.obj (symbol from plugin) (ReadUnaligned24)
/home/alastair/pftf-rpi4/Build/RPi4/RELEASE_GCC5/AARCH64/MdePkg/Library/UefiDevicePathLib/UefiDevicePathLib/OUTPUT/UefiDevicePathLib.lib(DevicePathUtilities.obj)
                              UefiLib.obj (symbol from plugin) (DevicePathType)
/home/alastair/pftf-rpi4/Build/RPi4/RELEASE_GCC5/AARCH64/MdePkg/Library/UefiDevicePathLib/UefiDevicePathLib/OUTPUT/UefiDevicePathLib.lib(DevicePathUtilitiesDxeSmm.obj)
                              DevicePathUtilities.obj (symbol from plugin) (DevicePathFromHandle)
/home/alastair/pftf-rpi4/Build/RPi4/RELEASE_GCC5/AARCH64/MdePkg/Library/UefiDevicePathLib/UefiDevicePathLib/OUTPUT/UefiDevicePathLib.lib(UefiDevicePathLib.obj)
                              DevicePathUtilities.obj (symbol from plugin) (GetDevicePathSize)
/home/alastair/pftf-rpi4/Build/RPi4/RELEASE_GCC5/AARCH64/MdePkg/Library/UefiDevicePathLib/UefiDevicePathLib/OUTPUT/UefiDevicePathLib.lib(DevicePathToText.obj)
                              UefiDevicePathLib.obj (symbol from plugin) (UefiDevicePathLibConvertDeviceNodeToText)
/home/alastair/pftf-rpi4/Build/RPi4/RELEASE_GCC5/AARCH64/MdePkg/Library/UefiDevicePathLib/UefiDevicePathLib/OUTPUT/UefiDevicePathLib.lib(DevicePathFromText.obj)
                              UefiDevicePathLib.obj (symbol from plugin) (UefiDevicePathLibConvertTextToDeviceNode)
/home/alastair/pftf-rpi4/Build/RPi4/RELEASE_GCC5/AARCH64/MdePkg/Library/BaseLib/BaseLib/OUTPUT/BaseLib.lib(SwapBytes64.obj)
                              DevicePathFromText.obj (symbol from plugin) (SwapBytes64)
/home/alastair/pftf-rpi4/Build/RPi4/RELEASE_GCC5/AARCH64/MdePkg/Library/BasePrintLib/BasePrintLib/OUTPUT/BasePrintLib.lib(PrintLib.obj)
                              DevicePathToText.obj (symbol from plugin) (UnicodeVSPrint)
/home/alastair/pftf-rpi4/Build/RPi4/RELEASE_GCC5/AARCH64/MdePkg/Library/BasePrintLib/BasePrintLib/OUTPUT/BasePrintLib.lib(PrintLibInternal.obj)
                              PrintLib.obj (symbol from plugin) (BasePrintLibConvertValueToStringS)
/home/alastair/pftf-rpi4/Build/RPi4/RELEASE_GCC5/AARCH64/MdePkg/Library/BaseLib/BaseLib/OUTPUT/BaseLib.lib(DivU64x32Remainder.obj)
                              PrintLibInternal.obj (symbol from plugin) (DivU64x32Remainder)

Discarded input sections

 .text          0x0000000000000000       0x10 /home/alastair/pftf-rpi4/edk2/ArmPkg/Library/GccLto/liblto-aarch64.a
 .data          0x0000000000000000        0x0 /home/alastair/pftf-rpi4/edk2/ArmPkg/Library/GccLto/liblto-aarch64.a
 .bss           0x0000000000000000        0x0 /home/alastair/pftf-rpi4/edk2/ArmPkg/Library/GccLto/liblto-aarch64.a
 .text          0x0000000000000000        0x0 /tmp/AcpiTableDxe.dll.CXbD3e.ltrans0.ltrans.o
 .data          0x0000000000000000        0x0 /tmp/AcpiTableDxe.dll.CXbD3e.ltrans0.ltrans.o
 .bss           0x0000000000000000        0x0 /tmp/AcpiTableDxe.dll.CXbD3e.ltrans0.ltrans.o
 .text._DriverUnloadHandler
                0x0000000000000000        0x8 /tmp/AcpiTableDxe.dll.CXbD3e.ltrans0.ltrans.o
 .text.__memset
                0x0000000000000000       0x1c /tmp/AcpiTableDxe.dll.CXbD3e.ltrans0.ltrans.o
 .text.memcpy   0x0000000000000000       0x20 /tmp/AcpiTableDxe.dll.CXbD3e.ltrans0.ltrans.o
 .comment       0x0000000000000000       0x2b /tmp/AcpiTableDxe.dll.CXbD3e.ltrans0.ltrans.o
 .note.GNU-stack
                0x0000000000000000        0x0 /tmp/AcpiTableDxe.dll.CXbD3e.ltrans0.ltrans.o
 .comment       0x0000000000000000       0x2b /tmp/ccGnn4Be.debug.temp.o
 .note.GNU-stack
                0x0000000000000000        0x0 /tmp/ccGnn4Be.debug.temp.o
 .comment       0x0000000000000000       0x2b /tmp/ccwpoNae.debug.temp.o
 .note.GNU-stack
                0x0000000000000000        0x0 /tmp/ccwpoNae.debug.temp.o
 .comment       0x0000000000000000       0x2b /tmp/ccBGlf0f.debug.temp.o
 .note.GNU-stack
                0x0000000000000000        0x0 /tmp/ccBGlf0f.debug.temp.o
 .comment       0x0000000000000000       0x2b /tmp/ccNqbAqe.debug.temp.o
 .note.GNU-stack
                0x0000000000000000        0x0 /tmp/ccNqbAqe.debug.temp.o
 .comment       0x0000000000000000       0x2b /tmp/ccOyfAjg.debug.temp.o
 .note.GNU-stack
                0x0000000000000000        0x0 /tmp/ccOyfAjg.debug.temp.o
 .comment       0x0000000000000000       0x2b /tmp/ccOWMlxe.debug.temp.o
 .note.GNU-stack
                0x0000000000000000        0x0 /tmp/ccOWMlxe.debug.temp.o
 .comment       0x0000000000000000       0x2b /tmp/ccWFem8d.debug.temp.o
 .note.GNU-stack
                0x0000000000000000        0x0 /tmp/ccWFem8d.debug.temp.o
 .comment       0x0000000000000000       0x2b /tmp/ccgXW1le.debug.temp.o
 .note.GNU-stack
                0x0000000000000000        0x0 /tmp/ccgXW1le.debug.temp.o
 .comment       0x0000000000000000       0x2b /tmp/cct4OHbe.debug.temp.o
 .note.GNU-stack
                0x0000000000000000        0x0 /tmp/cct4OHbe.debug.temp.o
 .comment       0x0000000000000000       0x2b /tmp/cc3hSZfg.debug.temp.o
 .note.GNU-stack
                0x0000000000000000        0x0 /tmp/cc3hSZfg.debug.temp.o
 .comment       0x0000000000000000       0x2b /tmp/ccpK40Te.debug.temp.o
 .note.GNU-stack
                0x0000000000000000        0x0 /tmp/ccpK40Te.debug.temp.o
 .comment       0x0000000000000000       0x2b /tmp/cc8bEsPe.debug.temp.o
 .note.GNU-stack
                0x0000000000000000        0x0 /tmp/cc8bEsPe.debug.temp.o
 .comment       0x0000000000000000       0x2b /tmp/ccfESiRc.debug.temp.o
 .note.GNU-stack
                0x0000000000000000        0x0 /tmp/ccfESiRc.debug.temp.o
 .comment       0x0000000000000000       0x2b /tmp/ccRaUdBe.debug.temp.o
 .note.GNU-stack
                0x0000000000000000        0x0 /tmp/ccRaUdBe.debug.temp.o
 .comment       0x0000000000000000       0x2b /tmp/cch4QcQc.debug.temp.o
 .note.GNU-stack
                0x0000000000000000        0x0 /tmp/cch4QcQc.debug.temp.o
 .comment       0x0000000000000000       0x2b /tmp/ccJKrwTc.debug.temp.o
 .note.GNU-stack
                0x0000000000000000        0x0 /tmp/ccJKrwTc.debug.temp.o
 .debug_info    0x0000000000000000      0xdc8 /tmp/cctg45Xc.debug.temp.o
 .debug_abbrev  0x0000000000000000      0x12d /tmp/cctg45Xc.debug.temp.o
 .debug_line    0x0000000000000000      0x14d /tmp/cctg45Xc.debug.temp.o
 .debug_str     0x0000000000000000      0x822 /tmp/cctg45Xc.debug.temp.o
 .comment       0x0000000000000000       0x2b /tmp/cctg45Xc.debug.temp.o
 .note.GNU-stack
                0x0000000000000000        0x0 /tmp/cctg45Xc.debug.temp.o
 .debug_info    0x0000000000000000      0x1db /tmp/ccnwHoog.debug.temp.o
 .debug_abbrev  0x0000000000000000       0xc0 /tmp/ccnwHoog.debug.temp.o
 .debug_line    0x0000000000000000      0x14e /tmp/ccnwHoog.debug.temp.o
 .debug_str     0x0000000000000000      0x474 /tmp/ccnwHoog.debug.temp.o
 .comment       0x0000000000000000       0x2b /tmp/ccnwHoog.debug.temp.o
 .note.GNU-stack
                0x0000000000000000        0x0 /tmp/ccnwHoog.debug.temp.o
 .debug_info    0x0000000000000000      0x1c3 /tmp/cc7jQhIf.debug.temp.o
 .debug_abbrev  0x0000000000000000       0xb1 /tmp/cc7jQhIf.debug.temp.o
 .debug_line    0x0000000000000000      0x14e /tmp/cc7jQhIf.debug.temp.o
 .debug_str     0x0000000000000000      0x45d /tmp/cc7jQhIf.debug.temp.o
 .comment       0x0000000000000000       0x2b /tmp/cc7jQhIf.debug.temp.o
 .note.GNU-stack
                0x0000000000000000        0x0 /tmp/cc7jQhIf.debug.temp.o
 .debug_info    0x0000000000000000      0x1db /tmp/ccMMCC6g.debug.temp.o
 .debug_abbrev  0x0000000000000000       0xb1 /tmp/ccMMCC6g.debug.temp.o
 .debug_line    0x0000000000000000      0x14c /tmp/ccMMCC6g.debug.temp.o
 .debug_str     0x0000000000000000      0x467 /tmp/ccMMCC6g.debug.temp.o
 .comment       0x0000000000000000       0x2b /tmp/ccMMCC6g.debug.temp.o
 .note.GNU-stack
                0x0000000000000000        0x0 /tmp/ccMMCC6g.debug.temp.o
 .debug_info    0x0000000000000000      0x1db /tmp/ccySrMjg.debug.temp.o
 .debug_abbrev  0x0000000000000000       0xc0 /tmp/ccySrMjg.debug.temp.o
 .debug_line    0x0000000000000000      0x14d /tmp/ccySrMjg.debug.temp.o
 .debug_str     0x0000000000000000      0x474 /tmp/ccySrMjg.debug.temp.o
 .comment       0x0000000000000000       0x2b /tmp/ccySrMjg.debug.temp.o
 .note.GNU-stack
                0x0000000000000000        0x0 /tmp/ccySrMjg.debug.temp.o
 .debug_info    0x0000000000000000      0x1db /tmp/ccuvhkHd.debug.temp.o
 .debug_abbrev  0x0000000000000000       0xb1 /tmp/ccuvhkHd.debug.temp.o
 .debug_line    0x0000000000000000      0x14c /tmp/ccuvhkHd.debug.temp.o
 .debug_str     0x0000000000000000      0x467 /tmp/ccuvhkHd.debug.temp.o
 .comment       0x0000000000000000       0x2b /tmp/ccuvhkHd.debug.temp.o
 .note.GNU-stack
                0x0000000000000000        0x0 /tmp/ccuvhkHd.debug.temp.o
 .debug_info    0x0000000000000000      0x1cf /tmp/ccDXhoQd.debug.temp.o
 .debug_abbrev  0x0000000000000000       0xb1 /tmp/ccDXhoQd.debug.temp.o
 .debug_line    0x0000000000000000      0x14c /tmp/ccDXhoQd.debug.temp.o
 .debug_str     0x0000000000000000      0x464 /tmp/ccDXhoQd.debug.temp.o
 .comment       0x0000000000000000       0x2b /tmp/ccDXhoQd.debug.temp.o
 .note.GNU-stack
                0x0000000000000000        0x0 /tmp/ccDXhoQd.debug.temp.o
 .debug_info    0x0000000000000000      0x43c /tmp/ccBzuE5e.debug.temp.o
 .debug_abbrev  0x0000000000000000       0xf9 /tmp/ccBzuE5e.debug.temp.o
 .debug_line    0x0000000000000000      0x149 /tmp/ccBzuE5e.debug.temp.o
 .debug_str     0x0000000000000000      0x5e1 /tmp/ccBzuE5e.debug.temp.o
 .comment       0x0000000000000000       0x2b /tmp/ccBzuE5e.debug.temp.o
 .note.GNU-stack
                0x0000000000000000        0x0 /tmp/ccBzuE5e.debug.temp.o
 .comment       0x0000000000000000       0x2b /tmp/cce5WF2f.debug.temp.o
 .note.GNU-stack
                0x0000000000000000        0x0 /tmp/cce5WF2f.debug.temp.o
 .comment       0x0000000000000000       0x2b /tmp/cc7E9qLg.debug.temp.o
 .note.GNU-stack
                0x0000000000000000        0x0 /tmp/cc7E9qLg.debug.temp.o
 .comment       0x0000000000000000       0x2b /tmp/ccp4f2xe.debug.temp.o
 .note.GNU-stack
                0x0000000000000000        0x0 /tmp/ccp4f2xe.debug.temp.o
 .comment       0x0000000000000000       0x2b /tmp/ccZ8z31f.debug.temp.o
 .note.GNU-stack
                0x0000000000000000        0x0 /tmp/ccZ8z31f.debug.temp.o
 .comment       0x0000000000000000       0x2b /tmp/ccvnfcEf.debug.temp.o
 .note.GNU-stack
                0x0000000000000000        0x0 /tmp/ccvnfcEf.debug.temp.o
 .comment       0x0000000000000000       0x2b /tmp/ccxacXHg.debug.temp.o
 .note.GNU-stack
                0x0000000000000000        0x0 /tmp/ccxacXHg.debug.temp.o
 .debug_info    0x0000000000000000      0x17a /tmp/ccHwUa0g.debug.temp.o
 .debug_abbrev  0x0000000000000000       0xb1 /tmp/ccHwUa0g.debug.temp.o
 .debug_line    0x0000000000000000      0x176 /tmp/ccHwUa0g.debug.temp.o
 .debug_str     0x0000000000000000      0x35a /tmp/ccHwUa0g.debug.temp.o
 .comment       0x0000000000000000       0x2b /tmp/ccHwUa0g.debug.temp.o
 .note.GNU-stack
                0x0000000000000000        0x0 /tmp/ccHwUa0g.debug.temp.o
 .comment       0x0000000000000000       0x2b /tmp/cce4GhAe.debug.temp.o
 .note.GNU-stack
                0x0000000000000000        0x0 /tmp/cce4GhAe.debug.temp.o
 .comment       0x0000000000000000       0x2b /tmp/ccqMDByd.debug.temp.o
 .note.GNU-stack
                0x0000000000000000        0x0 /tmp/ccqMDByd.debug.temp.o
 .comment       0x0000000000000000       0x2b /tmp/cc9dbxGd.debug.temp.o
 .note.GNU-stack
                0x0000000000000000        0x0 /tmp/cc9dbxGd.debug.temp.o
 .comment       0x0000000000000000       0x2b /tmp/ccGB94ye.debug.temp.o
 .note.GNU-stack
                0x0000000000000000        0x0 /tmp/ccGB94ye.debug.temp.o
 .debug_info    0x0000000000000000      0x33d /tmp/ccNvfG0f.debug.temp.o
 .debug_abbrev  0x0000000000000000       0xc9 /tmp/ccNvfG0f.debug.temp.o
 .debug_line    0x0000000000000000      0x150 /tmp/ccNvfG0f.debug.temp.o
 .debug_str     0x0000000000000000      0x50a /tmp/ccNvfG0f.debug.temp.o
 .comment       0x0000000000000000       0x2b /tmp/ccNvfG0f.debug.temp.o
 .note.GNU-stack
                0x0000000000000000        0x0 /tmp/ccNvfG0f.debug.temp.o
 .debug_info    0x0000000000000000     0x1d7d /tmp/cctZSlMg.debug.temp.o
 .debug_abbrev  0x0000000000000000      0x240 /tmp/cctZSlMg.debug.temp.o
 .debug_line    0x0000000000000000      0x36e /tmp/cctZSlMg.debug.temp.o
 .debug_str     0x0000000000000000     0x1976 /tmp/cctZSlMg.debug.temp.o
 .comment       0x0000000000000000       0x2b /tmp/cctZSlMg.debug.temp.o
 .note.GNU-stack
                0x0000000000000000        0x0 /tmp/cctZSlMg.debug.temp.o
 .debug_info    0x0000000000000000     0x1953 /tmp/ccDLbMNe.debug.temp.o
 .debug_abbrev  0x0000000000000000      0x1d4 /tmp/ccDLbMNe.debug.temp.o
 .debug_line    0x0000000000000000      0x374 /tmp/ccDLbMNe.debug.temp.o
 .debug_str     0x0000000000000000     0x165a /tmp/ccDLbMNe.debug.temp.o
 .comment       0x0000000000000000       0x2b /tmp/ccDLbMNe.debug.temp.o
 .note.GNU-stack
                0x0000000000000000        0x0 /tmp/ccDLbMNe.debug.temp.o
 .debug_info    0x0000000000000000     0x1afe /tmp/ccb7RRsd.debug.temp.o
 .debug_abbrev  0x0000000000000000      0x1fe /tmp/ccb7RRsd.debug.temp.o
 .debug_line    0x0000000000000000      0x36c /tmp/ccb7RRsd.debug.temp.o
 .debug_str     0x0000000000000000     0x17da /tmp/ccb7RRsd.debug.temp.o
 .comment       0x0000000000000000       0x2b /tmp/ccb7RRsd.debug.temp.o
 .note.GNU-stack
                0x0000000000000000        0x0 /tmp/ccb7RRsd.debug.temp.o
 .debug_info    0x0000000000000000     0x3d60 /tmp/cccC246d.debug.temp.o
 .debug_abbrev  0x0000000000000000      0x2ca /tmp/cccC246d.debug.temp.o
 .debug_line    0x0000000000000000      0x3dd /tmp/cccC246d.debug.temp.o
 .debug_str     0x0000000000000000     0x25ee /tmp/cccC246d.debug.temp.o
 .comment       0x0000000000000000       0x2b /tmp/cccC246d.debug.temp.o
 .note.GNU-stack
                0x0000000000000000        0x0 /tmp/cccC246d.debug.temp.o
 .debug_info    0x0000000000000000     0x45d4 /tmp/ccj53c1f.debug.temp.o
 .debug_abbrev  0x0000000000000000      0x2b0 /tmp/ccj53c1f.debug.temp.o
 .debug_line    0x0000000000000000      0x3d1 /tmp/ccj53c1f.debug.temp.o
 .debug_str     0x0000000000000000     0x2f13 /tmp/ccj53c1f.debug.temp.o
 .comment       0x0000000000000000       0x2b /tmp/ccj53c1f.debug.temp.o
 .note.GNU-stack
                0x0000000000000000        0x0 /tmp/ccj53c1f.debug.temp.o
 .debug_info    0x0000000000000000      0x1c3 /tmp/cchAzmnf.debug.temp.o
 .debug_abbrev  0x0000000000000000       0xb1 /tmp/cchAzmnf.debug.temp.o
 .debug_line    0x0000000000000000      0x14e /tmp/cchAzmnf.debug.temp.o
 .debug_str     0x0000000000000000      0x45d /tmp/cchAzmnf.debug.temp.o
 .comment       0x0000000000000000       0x2b /tmp/cchAzmnf.debug.temp.o
 .note.GNU-stack
                0x0000000000000000        0x0 /tmp/cchAzmnf.debug.temp.o
 .debug_info    0x0000000000000000      0x683 /tmp/ccHnNYve.debug.temp.o
 .debug_abbrev  0x0000000000000000      0x150 /tmp/ccHnNYve.debug.temp.o
 .debug_line    0x0000000000000000      0x168 /tmp/ccHnNYve.debug.temp.o
 .debug_str     0x0000000000000000      0x59c /tmp/ccHnNYve.debug.temp.o
 .comment       0x0000000000000000       0x2b /tmp/ccHnNYve.debug.temp.o
 .note.GNU-stack
                0x0000000000000000        0x0 /tmp/ccHnNYve.debug.temp.o
 .debug_info    0x0000000000000000      0x79a /tmp/cc3SRmRg.debug.temp.o
 .debug_abbrev  0x0000000000000000      0x161 /tmp/cc3SRmRg.debug.temp.o
 .debug_line    0x0000000000000000      0x186 /tmp/cc3SRmRg.debug.temp.o
 .debug_str     0x0000000000000000      0x70e /tmp/cc3SRmRg.debug.temp.o
 .comment       0x0000000000000000       0x2b /tmp/cc3SRmRg.debug.temp.o
 .note.GNU-stack
                0x0000000000000000        0x0 /tmp/cc3SRmRg.debug.temp.o
 .debug_info    0x0000000000000000      0x1e5 /tmp/ccUwIRzf.debug.temp.o
 .debug_abbrev  0x0000000000000000       0xb3 /tmp/ccUwIRzf.debug.temp.o
 .debug_line    0x0000000000000000      0x155 /tmp/ccUwIRzf.debug.temp.o
 .debug_str     0x0000000000000000      0x480 /tmp/ccUwIRzf.debug.temp.o
 .comment       0x0000000000000000       0x2b /tmp/ccUwIRzf.debug.temp.o
 .note.GNU-stack
                0x0000000000000000        0x0 /tmp/ccUwIRzf.debug.temp.o
 .text          0x0000000000000000        0x8 /home/alastair/pftf-rpi4/Build/RPi4/RELEASE_GCC5/AARCH64/MdePkg/Library/BaseLib/BaseLib/OUTPUT/BaseLib.lib(CpuBreakpoint.obj)
 .data          0x0000000000000000        0x0 /home/alastair/pftf-rpi4/Build/RPi4/RELEASE_GCC5/AARCH64/MdePkg/Library/BaseLib/BaseLib/OUTPUT/BaseLib.lib(CpuBreakpoint.obj)
 .bss           0x0000000000000000        0x0 /home/alastair/pftf-rpi4/Build/RPi4/RELEASE_GCC5/AARCH64/MdePkg/Library/BaseLib/BaseLib/OUTPUT/BaseLib.lib(CpuBreakpoint.obj)
 .data          0x0000000000000000        0x0 /home/alastair/pftf-rpi4/Build/RPi4/RELEASE_GCC5/AARCH64/MdePkg/Library/BaseMemoryLibOptDxe/BaseMemoryLibOptDxe/OUTPUT/BaseMemoryLibOptDxe.lib(SetMem.obj)
 .bss           0x0000000000000000        0x0 /home/alastair/pftf-rpi4/Build/RPi4/RELEASE_GCC5/AARCH64/MdePkg/Library/BaseMemoryLibOptDxe/BaseMemoryLibOptDxe/OUTPUT/BaseMemoryLibOptDxe.lib(SetMem.obj)
 .data          0x0000000000000000        0x0 /home/alastair/pftf-rpi4/Build/RPi4/RELEASE_GCC5/AARCH64/MdePkg/Library/BaseMemoryLibOptDxe/BaseMemoryLibOptDxe/OUTPUT/BaseMemoryLibOptDxe.lib(CopyMem.obj)
 .bss           0x0000000000000000        0x0 /home/alastair/pftf-rpi4/Build/RPi4/RELEASE_GCC5/AARCH64/MdePkg/Library/BaseMemoryLibOptDxe/BaseMemoryLibOptDxe/OUTPUT/BaseMemoryLibOptDxe.lib(CopyMem.obj)
 .data          0x0000000000000000        0x0 /home/alastair/pftf-rpi4/Build/RPi4/RELEASE_GCC5/AARCH64/MdePkg/Library/BaseMemoryLibOptDxe/BaseMemoryLibOptDxe/OUTPUT/BaseMemoryLibOptDxe.lib(CompareMem.obj)
 .bss           0x0000000000000000        0x0 /home/alastair/pftf-rpi4/Build/RPi4/RELEASE_GCC5/AARCH64/MdePkg/Library/BaseMemoryLibOptDxe/BaseMemoryLibOptDxe/OUTPUT/BaseMemoryLibOptDxe.lib(CompareMem.obj)
 .text          0x0000000000000000       0x20 /home/alastair/pftf-rpi4/Build/RPi4/RELEASE_GCC5/AARCH64/MdePkg/Library/BaseMemoryLibOptDxe/BaseMemoryLibOptDxe/OUTPUT/BaseMemoryLibOptDxe.lib(CompareGuid.obj)
 .data          0x0000000000000000        0x0 /home/alastair/pftf-rpi4/Build/RPi4/RELEASE_GCC5/AARCH64/MdePkg/Library/BaseMemoryLibOptDxe/BaseMemoryLibOptDxe/OUTPUT/BaseMemoryLibOptDxe.lib(CompareGuid.obj)
 .bss           0x0000000000000000        0x0 /home/alastair/pftf-rpi4/Build/RPi4/RELEASE_GCC5/AARCH64/MdePkg/Library/BaseMemoryLibOptDxe/BaseMemoryLibOptDxe/OUTPUT/BaseMemoryLibOptDxe.lib(CompareGuid.obj)

Memory Configuration

Name             Origin             Length             Attributes
*default*        0x0000000000000000 0xffffffffffffffff

Linker script and memory map

LOAD /home/alastair/pftf-rpi4/edk2/ArmPkg/Library/GccLto/liblto-aarch64.a
START GROUP
LOAD /tmp/AcpiTableDxe.dll.CXbD3e.ltrans0.ltrans.o
LOAD /tmp/ccGnn4Be.debug.temp.o
LOAD /tmp/ccwpoNae.debug.temp.o
LOAD /tmp/ccBGlf0f.debug.temp.o
LOAD /tmp/ccNqbAqe.debug.temp.o
LOAD /tmp/ccOyfAjg.debug.temp.o
LOAD /tmp/ccOWMlxe.debug.temp.o
LOAD /tmp/ccWFem8d.debug.temp.o
LOAD /tmp/ccgXW1le.debug.temp.o
LOAD /tmp/cct4OHbe.debug.temp.o
LOAD /tmp/cc3hSZfg.debug.temp.o
LOAD /tmp/ccpK40Te.debug.temp.o
LOAD /tmp/cc8bEsPe.debug.temp.o
LOAD /tmp/ccfESiRc.debug.temp.o
LOAD /tmp/ccRaUdBe.debug.temp.o
LOAD /tmp/cch4QcQc.debug.temp.o
LOAD /tmp/ccJKrwTc.debug.temp.o
LOAD /tmp/cctg45Xc.debug.temp.o
LOAD /tmp/ccnwHoog.debug.temp.o
LOAD /tmp/cc7jQhIf.debug.temp.o
LOAD /tmp/ccMMCC6g.debug.temp.o
LOAD /tmp/ccySrMjg.debug.temp.o
LOAD /tmp/ccuvhkHd.debug.temp.o
LOAD /tmp/ccDXhoQd.debug.temp.o
LOAD /tmp/ccBzuE5e.debug.temp.o
LOAD /tmp/cce5WF2f.debug.temp.o
LOAD /tmp/cc7E9qLg.debug.temp.o
LOAD /tmp/ccp4f2xe.debug.temp.o
LOAD /tmp/ccZ8z31f.debug.temp.o
LOAD /tmp/ccvnfcEf.debug.temp.o
LOAD /tmp/ccxacXHg.debug.temp.o
LOAD /tmp/ccHwUa0g.debug.temp.o
LOAD /tmp/cce4GhAe.debug.temp.o
LOAD /tmp/ccqMDByd.debug.temp.o
LOAD /tmp/cc9dbxGd.debug.temp.o
LOAD /tmp/ccGB94ye.debug.temp.o
LOAD /tmp/ccNvfG0f.debug.temp.o
LOAD /tmp/cctZSlMg.debug.temp.o
LOAD /tmp/ccDLbMNe.debug.temp.o
LOAD /tmp/ccb7RRsd.debug.temp.o
LOAD /tmp/cccC246d.debug.temp.o
LOAD /tmp/ccj53c1f.debug.temp.o
LOAD /tmp/cchAzmnf.debug.temp.o
LOAD /tmp/ccHnNYve.debug.temp.o
LOAD /tmp/cc3SRmRg.debug.temp.o
LOAD /tmp/ccUwIRzf.debug.temp.o
LOAD /home/alastair/pftf-rpi4/Build/RPi4/RELEASE_GCC5/AARCH64/MdeModulePkg/Universal/Acpi/AcpiTableDxe/AcpiTableDxe/OUTPUT/AcpiTableDxe.lib
LOAD /home/alastair/pftf-rpi4/Build/RPi4/RELEASE_GCC5/AARCH64/MdePkg/Library/DxePcdLib/DxePcdLib/OUTPUT/DxePcdLib.lib
LOAD /home/alastair/pftf-rpi4/Build/RPi4/RELEASE_GCC5/AARCH64/MdePkg/Library/BaseLib/BaseLib/OUTPUT/BaseLib.lib
LOAD /home/alastair/pftf-rpi4/Build/RPi4/RELEASE_GCC5/AARCH64/MdePkg/Library/BaseDebugLibNull/BaseDebugLibNull/OUTPUT/BaseDebugLibNull.lib
LOAD /home/alastair/pftf-rpi4/Build/RPi4/RELEASE_GCC5/AARCH64/MdePkg/Library/BaseMemoryLibOptDxe/BaseMemoryLibOptDxe/OUTPUT/BaseMemoryLibOptDxe.lib
LOAD /home/alastair/pftf-rpi4/Build/RPi4/RELEASE_GCC5/AARCH64/MdePkg/Library/UefiBootServicesTableLib/UefiBootServicesTableLib/OUTPUT/UefiBootServicesTableLib.lib
LOAD /home/alastair/pftf-rpi4/Build/RPi4/RELEASE_GCC5/AARCH64/MdePkg/Library/BasePrintLib/BasePrintLib/OUTPUT/BasePrintLib.lib
LOAD /home/alastair/pftf-rpi4/Build/RPi4/RELEASE_GCC5/AARCH64/MdePkg/Library/UefiMemoryAllocationLib/UefiMemoryAllocationLib/OUTPUT/UefiMemoryAllocationLib.lib
LOAD /home/alastair/pftf-rpi4/Build/RPi4/RELEASE_GCC5/AARCH64/MdePkg/Library/UefiRuntimeServicesTableLib/UefiRuntimeServicesTableLib/OUTPUT/UefiRuntimeServicesTableLib.lib
LOAD /home/alastair/pftf-rpi4/Build/RPi4/RELEASE_GCC5/AARCH64/MdePkg/Library/UefiDevicePathLib/UefiDevicePathLib/OUTPUT/UefiDevicePathLib.lib
LOAD /home/alastair/pftf-rpi4/Build/RPi4/RELEASE_GCC5/AARCH64/MdePkg/Library/UefiDriverEntryPoint/UefiDriverEntryPoint/OUTPUT/UefiDriverEntryPoint.lib
LOAD /home/alastair/pftf-rpi4/Build/RPi4/RELEASE_GCC5/AARCH64/MdePkg/Library/UefiLib/UefiLib/OUTPUT/UefiLib.lib
LOAD /home/alastair/pftf-rpi4/Build/RPi4/RELEASE_GCC5/AARCH64/MdePkg/Library/BaseStackCheckLib/BaseStackCheckLib/OUTPUT/BaseStackCheckLib.lib
LOAD /home/alastair/pftf-rpi4/Build/RPi4/RELEASE_GCC5/AARCH64/ArmPkg/Library/CompilerIntrinsicsLib/CompilerIntrinsicsLib/OUTPUT/CompilerIntrinsicsLib.lib
END GROUP
                0x0000000000000228                . = PECOFF_HEADER_SIZE

.gnu.version_d  0x0000000000000228        0x0
 .gnu.version_d
                0x0000000000000228        0x0 /home/alastair/pftf-rpi4/edk2/ArmPkg/Library/GccLto/liblto-aarch64.a

.gnu.version    0x0000000000000228        0x0
 .gnu.version   0x0000000000000228        0x0 /home/alastair/pftf-rpi4/edk2/ArmPkg/Library/GccLto/liblto-aarch64.a

.gnu.version_r  0x0000000000000228        0x0
 .gnu.version_r
                0x0000000000000228        0x0 /home/alastair/pftf-rpi4/edk2/ArmPkg/Library/GccLto/liblto-aarch64.a

.text           0x0000000000001000     0x2c38
 *(.text .text.* .stub .gnu.linkonce.t.*)
 .text.InternalAllocatePool.constprop.0
                0x0000000000001000       0x6c /tmp/AcpiTableDxe.dll.CXbD3e.ltrans0.ltrans.o
 .text.FreePool
                0x000000000000106c       0x14 /tmp/AcpiTableDxe.dll.CXbD3e.ltrans0.ltrans.o
 .text.DebugCodeEnabled
                0x0000000000001080        0x8 /tmp/AcpiTableDxe.dll.CXbD3e.ltrans0.ltrans.o
 .text.AsciiStrSize
                0x0000000000001088       0x18 /tmp/AcpiTableDxe.dll.CXbD3e.ltrans0.ltrans.o
 .text.RemoveEntryList
                0x00000000000010a0       0x14 /tmp/AcpiTableDxe.dll.CXbD3e.ltrans0.ltrans.o
 .text.InsertTailList
                0x00000000000010b4       0x18 /tmp/AcpiTableDxe.dll.CXbD3e.ltrans0.ltrans.o
 .text.InitializeListHead
                0x00000000000010cc        0x8 /tmp/AcpiTableDxe.dll.CXbD3e.ltrans0.ltrans.o
 .text.AmlDumpNodeInfo
                0x00000000000010d4       0x48 /tmp/AcpiTableDxe.dll.CXbD3e.ltrans0.ltrans.o
 .text.AmlDestructNodeList
                0x000000000000111c       0x54 /tmp/AcpiTableDxe.dll.CXbD3e.ltrans0.ltrans.o
 .text.AmlIsAslLeadName
                0x0000000000001170       0x34 /tmp/AcpiTableDxe.dll.CXbD3e.ltrans0.ltrans.o
 .text.AmlGetAslNameSegLength
                0x00000000000011a4       0xa4 /tmp/AcpiTableDxe.dll.CXbD3e.ltrans0.ltrans.o
 .text.AmlGetNameStringSize
                0x0000000000001248      0x12c /tmp/AcpiTableDxe.dll.CXbD3e.ltrans0.ltrans.o
 .text.AmlGetPkgLength
                0x0000000000001374       0x70 /tmp/AcpiTableDxe.dll.CXbD3e.ltrans0.ltrans.o
 .text.AmlSearchByOpByte
                0x00000000000013e4       0x64 /tmp/AcpiTableDxe.dll.CXbD3e.ltrans0.ltrans.o
 .text.AmlParseOptionCommon.part.0
                0x0000000000001448      0x280 /tmp/AcpiTableDxe.dll.CXbD3e.ltrans0.ltrans.o
 .text.AmlGetObjectSize
                0x00000000000016c8       0x98 /tmp/AcpiTableDxe.dll.CXbD3e.ltrans0.ltrans.o
 .text.AmlGetChildFromObjectBuffer
                0x0000000000001760       0x84 /tmp/AcpiTableDxe.dll.CXbD3e.ltrans0.ltrans.o
 .text.AmlParseOptionHandleCommon
                0x00000000000017e4       0x88 /tmp/AcpiTableDxe.dll.CXbD3e.ltrans0.ltrans.o
 .text.AmlGetOffsetAfterLastOption
                0x000000000000186c       0xa0 /tmp/AcpiTableDxe.dll.CXbD3e.ltrans0.ltrans.o
 .text.GetOption
                0x000000000000190c       0x68 /tmp/AcpiTableDxe.dll.CXbD3e.ltrans0.ltrans.o
 .text.SdtOpenEx
                0x0000000000001974       0xa0 /tmp/AcpiTableDxe.dll.CXbD3e.ltrans0.ltrans.o
 .text.GetChild
                0x0000000000001a14      0x1d4 /tmp/AcpiTableDxe.dll.CXbD3e.ltrans0.ltrans.o
 .text.OpenSdt  0x0000000000001be8       0xa4 /tmp/AcpiTableDxe.dll.CXbD3e.ltrans0.ltrans.o
 .text.RegisterNotify
                0x0000000000001c8c       0xa8 /tmp/AcpiTableDxe.dll.CXbD3e.ltrans0.ltrans.o
 .text.GetAcpiTable2
                0x0000000000001d34       0x5c /tmp/AcpiTableDxe.dll.CXbD3e.ltrans0.ltrans.o
 .text.FindTableByBuffer
                0x0000000000001d90       0x4c /tmp/AcpiTableDxe.dll.CXbD3e.ltrans0.ltrans.o
 .text.Open     0x0000000000001ddc       0x60 /tmp/AcpiTableDxe.dll.CXbD3e.ltrans0.ltrans.o
 .text.AcpiPlatformChecksum
                0x0000000000001e3c       0x38 /tmp/AcpiTableDxe.dll.CXbD3e.ltrans0.ltrans.o
 .text.Close    0x0000000000001e74       0x80 /tmp/AcpiTableDxe.dll.CXbD3e.ltrans0.ltrans.o
 .text.ChecksumCommonTables
                0x0000000000001ef4       0x48 /tmp/AcpiTableDxe.dll.CXbD3e.ltrans0.ltrans.o
 .text.FreeTableMemory
                0x0000000000001f3c       0x40 /tmp/AcpiTableDxe.dll.CXbD3e.ltrans0.ltrans.o
 .text.CompareMem.constprop.0
                0x0000000000001f7c       0x18 /tmp/AcpiTableDxe.dll.CXbD3e.ltrans0.ltrans.o
 .text.CopyMem  0x0000000000001f94       0x1c /tmp/AcpiTableDxe.dll.CXbD3e.ltrans0.ltrans.o
 .text.AmlCreateNode
                0x0000000000001fb0       0x6c /tmp/AcpiTableDxe.dll.CXbD3e.ltrans0.ltrans.o
 .text.AmlFindNodeInTheTree
                0x000000000000201c      0x120 /tmp/AcpiTableDxe.dll.CXbD3e.ltrans0.ltrans.o
 .text.AmlConstructNodeList.part.0
                0x000000000000213c      0x180 /tmp/AcpiTableDxe.dll.CXbD3e.ltrans0.ltrans.o
 .text.AmlFindPath
                0x00000000000022bc      0x120 /tmp/AcpiTableDxe.dll.CXbD3e.ltrans0.ltrans.o
 .text.SetOption
                0x00000000000023dc       0xd8 /tmp/AcpiTableDxe.dll.CXbD3e.ltrans0.ltrans.o
 .text.RemoveTableFromRsdt
                0x00000000000024b4      0x194 /tmp/AcpiTableDxe.dll.CXbD3e.ltrans0.ltrans.o
 .text.PublishTables
                0x0000000000002648       0xf8 /tmp/AcpiTableDxe.dll.CXbD3e.ltrans0.ltrans.o
 .text.SetMem   0x0000000000002740       0x10 /tmp/AcpiTableDxe.dll.CXbD3e.ltrans0.ltrans.o
 .text.FindPath
                0x0000000000002750      0x3a8 /tmp/AcpiTableDxe.dll.CXbD3e.ltrans0.ltrans.o
 .text.ZeroMem  0x0000000000002af8        0xc /tmp/AcpiTableDxe.dll.CXbD3e.ltrans0.ltrans.o
 .text.ReallocateAcpiTableBuffer
                0x0000000000002b04      0x184 /tmp/AcpiTableDxe.dll.CXbD3e.ltrans0.ltrans.o
 .text.UninstallAcpiTable
                0x0000000000002c88      0x18c /tmp/AcpiTableDxe.dll.CXbD3e.ltrans0.ltrans.o
 .text.InstallAcpiTable
                0x0000000000002e14      0x520 /tmp/AcpiTableDxe.dll.CXbD3e.ltrans0.ltrans.o
 .text.__stack_chk_fail
                0x0000000000003334       0x18 /tmp/AcpiTableDxe.dll.CXbD3e.ltrans0.ltrans.o
                0x0000000000003334                __stack_chk_fail
 .text._ModuleEntryPoint
                0x000000000000334c      0x384 /tmp/AcpiTableDxe.dll.CXbD3e.ltrans0.ltrans.o
                0x000000000000334c                _ModuleEntryPoint
 .text          0x00000000000036d0      0x200 /home/alastair/pftf-rpi4/Build/RPi4/RELEASE_GCC5/AARCH64/MdePkg/Library/BaseMemoryLibOptDxe/BaseMemoryLibOptDxe/OUTPUT/BaseMemoryLibOptDxe.lib(SetMem.obj)
                0x00000000000036d0                InternalMemSetMem16
                0x00000000000036dc                InternalMemSetMem32
                0x00000000000036e8                InternalMemSetMem64
                0x00000000000036f4                InternalMemZeroMem
                0x00000000000036fc                InternalMemSetMem
 .text          0x00000000000038d0      0x218 /home/alastair/pftf-rpi4/Build/RPi4/RELEASE_GCC5/AARCH64/MdePkg/Library/BaseMemoryLibOptDxe/BaseMemoryLibOptDxe/OUTPUT/BaseMemoryLibOptDxe.lib(CopyMem.obj)
                0x0000000000003a3c                InternalMemCopyMem
 *fill*         0x0000000000003ae8       0x18 
 .text          0x0000000000003b00       0xe0 /home/alastair/pftf-rpi4/Build/RPi4/RELEASE_GCC5/AARCH64/MdePkg/Library/BaseMemoryLibOptDxe/BaseMemoryLibOptDxe/OUTPUT/BaseMemoryLibOptDxe.lib(CompareMem.obj)
                0x0000000000003b00                InternalMemCompareMem
 *(.rodata .rodata.* .gnu.linkonce.r.*)
 .rodata.AmlParseOptionCommon.part.0
                0x0000000000003be0        0x7 /tmp/AcpiTableDxe.dll.CXbD3e.ltrans0.ltrans.o
 .rodata._gPcd_FixedAtBuild_PcdAcpiDefaultOemId
                0x0000000000003be7        0x7 /tmp/AcpiTableDxe.dll.CXbD3e.ltrans0.ltrans.o
 *fill*         0x0000000000003bee        0x2 
 .rodata.mAmlTypeToAcpiType
                0x0000000000003bf0       0x24 /tmp/AcpiTableDxe.dll.CXbD3e.ltrans0.ltrans.o
 *(.got .got.*)
 *fill*         0x0000000000003c14        0x4 
 .got           0x0000000000003c18        0x8 /home/alastair/pftf-rpi4/edk2/ArmPkg/Library/GccLto/liblto-aarch64.a
                0x0000000000003c18                _GLOBAL_OFFSET_TABLE_
 .got.plt       0x0000000000003c20       0x18 /home/alastair/pftf-rpi4/edk2/ArmPkg/Library/GccLto/liblto-aarch64.a
 *:AutoGen.obj(.data.g*Guid)

.plt            0x0000000000003c38        0x0
 .plt           0x0000000000003c38        0x0 /home/alastair/pftf-rpi4/edk2/ArmPkg/Library/GccLto/liblto-aarch64.a

.data           0x0000000000004000     0x14e8
 *(.data .data.* .gnu.linkonce.d.*)
 .data.rel.ro   0x0000000000004000        0x0 /home/alastair/pftf-rpi4/edk2/ArmPkg/Library/GccLto/liblto-aarch64.a
 .data.__stack_chk_guard
                0x0000000000004000        0x8 /tmp/AcpiTableDxe.dll.CXbD3e.ltrans0.ltrans.o
                0x0000000000004000                __stack_chk_guard
 .data.gEfiAcpi10TableGuid
                0x0000000000004008       0x10 /tmp/AcpiTableDxe.dll.CXbD3e.ltrans0.ltrans.o
 .data.gEfiAcpiSdtProtocolGuid
                0x0000000000004018       0x10 /tmp/AcpiTableDxe.dll.CXbD3e.ltrans0.ltrans.o
 .data.gEfiAcpiTableGuid
                0x0000000000004028       0x10 /tmp/AcpiTableDxe.dll.CXbD3e.ltrans0.ltrans.o
 .data.gEfiAcpiTableProtocolGuid
                0x0000000000004038       0x10 /tmp/AcpiTableDxe.dll.CXbD3e.ltrans0.ltrans.o
 .data.mAcpiSdtProtocolTemplate
                0x0000000000004048       0x50 /tmp/AcpiTableDxe.dll.CXbD3e.ltrans0.ltrans.o
 .data.mAmlByteEncoding
                0x0000000000004098     0x141c /tmp/AcpiTableDxe.dll.CXbD3e.ltrans0.ltrans.o
 *fill*         0x00000000000054b4        0x4 
 .data.mEfiAcpiMaxNumTables
                0x00000000000054b8        0x8 /tmp/AcpiTableDxe.dll.CXbD3e.ltrans0.ltrans.o
 *(.bss .bss.*)
 .bss.gBS       0x00000000000054c0        0x8 /tmp/AcpiTableDxe.dll.CXbD3e.ltrans0.ltrans.o
 .bss.gST       0x00000000000054c8        0x8 /tmp/AcpiTableDxe.dll.CXbD3e.ltrans0.ltrans.o
 .bss.mAcpiTableAllocType
                0x00000000000054d0        0x4 /tmp/AcpiTableDxe.dll.CXbD3e.ltrans0.ltrans.o
 *fill*         0x00000000000054d4        0x4 
 .bss.mHandle   0x00000000000054d8        0x8 /tmp/AcpiTableDxe.dll.CXbD3e.ltrans0.ltrans.o
 .bss.mPrivateData
                0x00000000000054e0        0x8 /tmp/AcpiTableDxe.dll.CXbD3e.ltrans0.ltrans.o

.dynbss         0x00000000000054e8        0x0
 .dynbss        0x00000000000054e8        0x0 /home/alastair/pftf-rpi4/edk2/ArmPkg/Library/GccLto/liblto-aarch64.a

.eh_frame
 *(.eh_frame)

.rela           0x00000000000054e8       0xd8
 *(.rela .rela.*)
 .rela.got      0x00000000000054e8        0x0 /home/alastair/pftf-rpi4/edk2/ArmPkg/Library/GccLto/liblto-aarch64.a
 .rela.plt      0x00000000000054e8        0x0 /home/alastair/pftf-rpi4/edk2/ArmPkg/Library/GccLto/liblto-aarch64.a
 .rela.bss      0x00000000000054e8        0x0 /home/alastair/pftf-rpi4/edk2/ArmPkg/Library/GccLto/liblto-aarch64.a
 .rela.data.rel.ro
                0x00000000000054e8        0x0 /home/alastair/pftf-rpi4/edk2/ArmPkg/Library/GccLto/liblto-aarch64.a
 .rela.ifunc    0x00000000000054e8        0x0 /home/alastair/pftf-rpi4/edk2/ArmPkg/Library/GccLto/liblto-aarch64.a
 .rela.data.mAcpiSdtProtocolTemplate
                0x00000000000054e8       0xd8 /home/alastair/pftf-rpi4/edk2/ArmPkg/Library/GccLto/liblto-aarch64.a

.hii
 *(.hii)

.build-id       0x00000000000055c0       0x24
 *(.note.gnu.build-id)
 .note.gnu.build-id
                0x00000000000055c0       0x24 /home/alastair/pftf-rpi4/edk2/ArmPkg/Library/GccLto/liblto-aarch64.a

/DISCARD/
 *(.note.GNU-stack)
 *(.gnu_debuglink)
 *(.interp)
 *(.dynsym)
 *(.dynstr)
 *(.dynamic)
 *(.hash .gnu.hash)
 *(.comment)
 *(COMMON)
                0x0000000000000228                PECOFF_HEADER_SIZE = 0x228
OUTPUT(/home/alastair/pftf-rpi4/Build/RPi4/RELEASE_GCC5/AARCH64/MdeModulePkg/Universal/Acpi/AcpiTableDxe/AcpiTableDxe/DEBUG/AcpiTableDxe.dll elf64-littleaarch64)
LOAD linker stubs

.debug_info     0x0000000000000000    0x26516
 .debug_info    0x0000000000000000     0x38c0 /tmp/AcpiTableDxe.dll.CXbD3e.ltrans0.ltrans.o
 .debug_info    0x00000000000038c0     0x1a57 /tmp/ccGnn4Be.debug.temp.o
                0x00000000000038c0                DriverEntryPoint.c.0bb94e37
 .debug_info    0x0000000000005317      0x17b /tmp/ccwpoNae.debug.temp.o
                0x0000000000005317                BaseStackCheckGcc.c.3fb9ce64
 .debug_info    0x0000000000005492      0x1d7 /tmp/ccBGlf0f.debug.temp.o
                0x0000000000005492                memcpy.c.79986cd0
 .debug_info    0x0000000000005669      0x188 /tmp/ccNqbAqe.debug.temp.o
                0x0000000000005669                memset.c.02de5c04
 .debug_info    0x00000000000057f1     0x1dcb /tmp/ccOyfAjg.debug.temp.o
                0x00000000000057f1                AutoGen.c.73ccf5e1
 .debug_info    0x00000000000075bc     0x2872 /tmp/ccOWMlxe.debug.temp.o
                0x00000000000075bc                AcpiTable.c.72556e53
 .debug_info    0x0000000000009e2e     0x2dbe /tmp/ccWFem8d.debug.temp.o
                0x0000000000009e2e                AcpiTableProtocol.c.4761675c
 .debug_info    0x000000000000cbec     0x30bd /tmp/ccgXW1le.debug.temp.o
                0x000000000000cbec                AcpiSdt.c.7c1c4239
 .debug_info    0x000000000000fca9     0x2993 /tmp/cct4OHbe.debug.temp.o
                0x000000000000fca9                Aml.c.2d0c6eee
 .debug_info    0x000000000001263c     0x2ac0 /tmp/cc3hSZfg.debug.temp.o
                0x000000000001263c                AmlString.c.ce6be113
 .debug_info    0x00000000000150fc     0x2bbc /tmp/ccpK40Te.debug.temp.o
                0x00000000000150fc                AmlOption.c.d19bc6ce
 .debug_info    0x0000000000017cb8     0x2ab2 /tmp/cc8bEsPe.debug.temp.o
                0x0000000000017cb8                AmlChild.c.b313b41d
 .debug_info    0x000000000001a76a     0x2d59 /tmp/ccfESiRc.debug.temp.o
                0x000000000001a76a                AmlNamespace.c.edf40b23
 .debug_info    0x000000000001d4c3      0x1d0 /tmp/ccRaUdBe.debug.temp.o
                0x000000000001d4c3                CpuDeadLoop.c.755e7c7b
 .debug_info    0x000000000001d693      0x428 /tmp/cch4QcQc.debug.temp.o
                0x000000000001d693                LinkedList.c.7e1d43c9
 .debug_info    0x000000000001dabb      0x7f3 /tmp/ccJKrwTc.debug.temp.o
                0x000000000001dabb                String.c.76785ee4
 .debug_info    0x000000000001e2ae      0x2ef /tmp/cce5WF2f.debug.temp.o
                0x000000000001e2ae                DebugLib.c.be4a5591
 .debug_info    0x000000000001e59d      0x21d /tmp/cc7E9qLg.debug.temp.o
                0x000000000001e59d                MemLibGuid.c.89fba256
 .debug_info    0x000000000001e7ba      0x16e /tmp/ccp4f2xe.debug.temp.o
                0x000000000001e7ba                ZeroMemWrapper.c.da3b248e
 .debug_info    0x000000000001e928      0x19b /tmp/ccZ8z31f.debug.temp.o
                0x000000000001e928                CompareMemWrapper.c.df2c23b5
 .debug_info    0x000000000001eac3      0x1af /tmp/ccvnfcEf.debug.temp.o
                0x000000000001eac3                SetMemWrapper.c.bdf1ad9c
 .debug_info    0x000000000001ec72      0x185 /tmp/ccxacXHg.debug.temp.o
                0x000000000001ec72                CopyMemWrapper.c.4760c160
 .debug_info    0x000000000001edf7     0x18e1 /tmp/cce4GhAe.debug.temp.o
                0x000000000001edf7                UefiBootServicesTableLib.c.1b9b5282
 .debug_info    0x00000000000206d8     0x1de0 /tmp/ccqMDByd.debug.temp.o
                0x00000000000206d8                MemoryAllocationLib.c.7e75fabe
 .debug_info    0x00000000000224b8     0x18b2 /tmp/cc9dbxGd.debug.temp.o
                0x00000000000224b8                UefiRuntimeServicesTableLib.c.76abd5a8
 .debug_info    0x0000000000023d6a     0x27ac /tmp/ccGB94ye.debug.temp.o
                0x0000000000023d6a                UefiLib.c.c9f50ead

.debug_abbrev   0x0000000000000000     0x2a16
 .debug_abbrev  0x0000000000000000      0x23f /tmp/AcpiTableDxe.dll.CXbD3e.ltrans0.ltrans.o
 .debug_abbrev  0x000000000000023f      0x1e9 /tmp/ccGnn4Be.debug.temp.o
 .debug_abbrev  0x0000000000000428       0xc7 /tmp/ccwpoNae.debug.temp.o
 .debug_abbrev  0x00000000000004ef       0xee /tmp/ccBGlf0f.debug.temp.o
 .debug_abbrev  0x00000000000005dd       0xc0 /tmp/ccNqbAqe.debug.temp.o
 .debug_abbrev  0x000000000000069d      0x247 /tmp/ccOyfAjg.debug.temp.o
 .debug_abbrev  0x00000000000008e4      0x1e1 /tmp/ccOWMlxe.debug.temp.o
 .debug_abbrev  0x0000000000000ac5      0x24d /tmp/ccWFem8d.debug.temp.o
 .debug_abbrev  0x0000000000000d12      0x258 /tmp/ccgXW1le.debug.temp.o
 .debug_abbrev  0x0000000000000f6a      0x1fa /tmp/cct4OHbe.debug.temp.o
 .debug_abbrev  0x0000000000001164      0x23e /tmp/cc3hSZfg.debug.temp.o
 .debug_abbrev  0x00000000000013a2      0x21c /tmp/ccpK40Te.debug.temp.o
 .debug_abbrev  0x00000000000015be      0x1e9 /tmp/cc8bEsPe.debug.temp.o
 .debug_abbrev  0x00000000000017a7      0x242 /tmp/ccfESiRc.debug.temp.o
 .debug_abbrev  0x00000000000019e9       0xb6 /tmp/ccRaUdBe.debug.temp.o
 .debug_abbrev  0x0000000000001a9f      0x139 /tmp/cch4QcQc.debug.temp.o
 .debug_abbrev  0x0000000000001bd8      0x126 /tmp/ccJKrwTc.debug.temp.o
 .debug_abbrev  0x0000000000001cfe      0x121 /tmp/cce5WF2f.debug.temp.o
 .debug_abbrev  0x0000000000001e1f       0xce /tmp/cc7E9qLg.debug.temp.o
 .debug_abbrev  0x0000000000001eed       0xb1 /tmp/ccp4f2xe.debug.temp.o
 .debug_abbrev  0x0000000000001f9e       0xb1 /tmp/ccZ8z31f.debug.temp.o
 .debug_abbrev  0x000000000000204f       0xc6 /tmp/ccvnfcEf.debug.temp.o
 .debug_abbrev  0x0000000000002115       0xb8 /tmp/ccxacXHg.debug.temp.o
 .debug_abbrev  0x00000000000021cd      0x1dd /tmp/cce4GhAe.debug.temp.o
 .debug_abbrev  0x00000000000023aa      0x242 /tmp/ccqMDByd.debug.temp.o
 .debug_abbrev  0x00000000000025ec      0x1c3 /tmp/cc9dbxGd.debug.temp.o
 .debug_abbrev  0x00000000000027af      0x267 /tmp/ccGB94ye.debug.temp.o

.debug_loc      0x0000000000000000     0x8c58
 .debug_loc     0x0000000000000000     0x8c58 /tmp/AcpiTableDxe.dll.CXbD3e.ltrans0.ltrans.o

.debug_aranges  0x0000000000000000      0x350
 .debug_aranges
                0x0000000000000000      0x350 /tmp/AcpiTableDxe.dll.CXbD3e.ltrans0.ltrans.o

.debug_ranges   0x0000000000000000     0x13e0
 .debug_ranges  0x0000000000000000     0x13e0 /tmp/AcpiTableDxe.dll.CXbD3e.ltrans0.ltrans.o

.debug_line     0x0000000000000000     0x716f
 .debug_line    0x0000000000000000     0x2e6e /tmp/AcpiTableDxe.dll.CXbD3e.ltrans0.ltrans.o
 .debug_line    0x0000000000002e6e      0x349 /tmp/ccGnn4Be.debug.temp.o
 .debug_line    0x00000000000031b7      0x172 /tmp/ccwpoNae.debug.temp.o
 .debug_line    0x0000000000003329      0x173 /tmp/ccBGlf0f.debug.temp.o
 .debug_line    0x000000000000349c      0x173 /tmp/ccNqbAqe.debug.temp.o
 .debug_line    0x000000000000360f      0x2fc /tmp/ccOyfAjg.debug.temp.o
 .debug_line    0x000000000000390b      0x3d9 /tmp/ccOWMlxe.debug.temp.o
 .debug_line    0x0000000000003ce4      0x3e1 /tmp/ccWFem8d.debug.temp.o
 .debug_line    0x00000000000040c5      0x3e4 /tmp/ccgXW1le.debug.temp.o
 .debug_line    0x00000000000044a9      0x3e0 /tmp/cct4OHbe.debug.temp.o
 .debug_line    0x0000000000004889      0x3d9 /tmp/cc3hSZfg.debug.temp.o
 .debug_line    0x0000000000004c62      0x3e6 /tmp/ccpK40Te.debug.temp.o
 .debug_line    0x0000000000005048      0x3e5 /tmp/cc8bEsPe.debug.temp.o
 .debug_line    0x000000000000542d      0x3e9 /tmp/ccfESiRc.debug.temp.o
 .debug_line    0x0000000000005816      0x14e /tmp/ccRaUdBe.debug.temp.o
 .debug_line    0x0000000000005964      0x14d /tmp/cch4QcQc.debug.temp.o
 .debug_line    0x0000000000005ab1      0x149 /tmp/ccJKrwTc.debug.temp.o
 .debug_line    0x0000000000005bfa      0x174 /tmp/cce5WF2f.debug.temp.o
 .debug_line    0x0000000000005d6e      0x175 /tmp/cc7E9qLg.debug.temp.o
 .debug_line    0x0000000000005ee3      0x175 /tmp/ccp4f2xe.debug.temp.o
 .debug_line    0x0000000000006058      0x178 /tmp/ccZ8z31f.debug.temp.o
 .debug_line    0x00000000000061d0      0x174 /tmp/ccvnfcEf.debug.temp.o
 .debug_line    0x0000000000006344      0x175 /tmp/ccxacXHg.debug.temp.o
 .debug_line    0x00000000000064b9      0x332 /tmp/cce4GhAe.debug.temp.o
 .debug_line    0x00000000000067eb      0x32a /tmp/ccqMDByd.debug.temp.o
 .debug_line    0x0000000000006b15      0x2eb /tmp/cc9dbxGd.debug.temp.o
 .debug_line    0x0000000000006e00      0x36f /tmp/ccGB94ye.debug.temp.o

.debug_str      0x0000000000000000     0x4b23
 .debug_str     0x0000000000000000      0x273 /tmp/AcpiTableDxe.dll.CXbD3e.ltrans0.ltrans.o
 .debug_str     0x0000000000000273     0x1566 /tmp/ccGnn4Be.debug.temp.o
                                       0x1692 (size before relaxing)
 .debug_str     0x00000000000017d9      0x27c /tmp/ccwpoNae.debug.temp.o
                                        0x3a9 (size before relaxing)
 .debug_str     0x0000000000001a55       0xd5 /tmp/ccBGlf0f.debug.temp.o
                                        0x350 (size before relaxing)
 .debug_str     0x0000000000001b2a       0x55 /tmp/ccNqbAqe.debug.temp.o
                                        0x344 (size before relaxing)
 .debug_str     0x0000000000001b7f      0x772 /tmp/ccOyfAjg.debug.temp.o
                                       0x1cfc (size before relaxing)
 .debug_str     0x00000000000022f1      0x6f2 /tmp/ccOWMlxe.debug.temp.o
                                       0x2197 (size before relaxing)
 .debug_str     0x00000000000029e3      0x2ed /tmp/ccWFem8d.debug.temp.o
                                       0x2458 (size before relaxing)
 .debug_str     0x0000000000002cd0      0x2ba /tmp/ccgXW1le.debug.temp.o
                                       0x24de (size before relaxing)
 .debug_str     0x0000000000002f8a       0xc6 /tmp/cct4OHbe.debug.temp.o
                                       0x226b (size before relaxing)
 .debug_str     0x0000000000003050      0x17f /tmp/cc3hSZfg.debug.temp.o
                                       0x229b (size before relaxing)
 .debug_str     0x00000000000031cf      0x12b /tmp/ccpK40Te.debug.temp.o
                                       0x2322 (size before relaxing)
 .debug_str     0x00000000000032fa       0xda /tmp/cc8bEsPe.debug.temp.o
                                       0x22da (size before relaxing)
 .debug_str     0x00000000000033d4      0x187 /tmp/ccfESiRc.debug.temp.o
                                       0x23f4 (size before relaxing)
 .debug_str     0x000000000000355b       0xa7 /tmp/ccRaUdBe.debug.temp.o
                                        0x463 (size before relaxing)
 .debug_str     0x0000000000003602      0x11a /tmp/cch4QcQc.debug.temp.o
                                        0x573 (size before relaxing)
 .debug_str     0x000000000000371c      0x301 /tmp/ccJKrwTc.debug.temp.o
                                        0x7e4 (size before relaxing)
 .debug_str     0x0000000000003a1d      0x1e9 /tmp/cce5WF2f.debug.temp.o
                                        0x480 (size before relaxing)
 .debug_str     0x0000000000003c06      0x11a /tmp/cc7E9qLg.debug.temp.o
                                        0x3af (size before relaxing)
 .debug_str     0x0000000000003d20       0x52 /tmp/ccp4f2xe.debug.temp.o
                                        0x352 (size before relaxing)
 .debug_str     0x0000000000003d72       0x74 /tmp/ccZ8z31f.debug.temp.o
                                        0x37b (size before relaxing)
 .debug_str     0x0000000000003de6       0x59 /tmp/ccvnfcEf.debug.temp.o
                                        0x35e (size before relaxing)
 .debug_str     0x0000000000003e3f       0x52 /tmp/ccxacXHg.debug.temp.o
                                        0x36a (size before relaxing)
 .debug_str     0x0000000000003e91       0xff /tmp/cce4GhAe.debug.temp.o
                                       0x156f (size before relaxing)
 .debug_str     0x0000000000003f90      0x30c /tmp/ccqMDByd.debug.temp.o
                                       0x17db (size before relaxing)
 .debug_str     0x000000000000429c      0x10e /tmp/cc9dbxGd.debug.temp.o
                                       0x1571 (size before relaxing)
 .debug_str     0x00000000000043aa      0x779 /tmp/ccGB94ye.debug.temp.o
                                       0x20b3 (size before relaxing)

.debug_frame    0x0000000000000000      0x8a8
 .debug_frame   0x0000000000000000      0x8a8 /tmp/AcpiTableDxe.dll.CXbD3e.ltrans0.ltrans.o
