Archive member included to satisfy reference by file (symbol)

/home/alastair/pftf-rpi4/Build/RPi4/DEBUG_GCC5/AARCH64/MdePkg/Library/UefiDriverEntryPoint/UefiDriverEntryPoint/OUTPUT/UefiDriverEntryPoint.lib(DriverEntryPoint.obj)
                              (_ModuleEntryPoint)
/home/alastair/pftf-rpi4/Build/RPi4/DEBUG_GCC5/AARCH64/MdePkg/Library/BaseStackCheckLib/BaseStackCheckLib/OUTPUT/BaseStackCheckLib.lib(BaseStackCheckGcc.obj)
                              /home/alastair/pftf-rpi4/edk2/ArmPkg/Library/GccLto/liblto-aarch64.a (__stack_chk_fail)
/home/alastair/pftf-rpi4/Build/RPi4/DEBUG_GCC5/AARCH64/ArmPkg/Library/CompilerIntrinsicsLib/CompilerIntrinsicsLib/OUTPUT/CompilerIntrinsicsLib.lib(memcpy.obj)
                              /home/alastair/pftf-rpi4/edk2/ArmPkg/Library/GccLto/liblto-aarch64.a (memcpy)
/home/alastair/pftf-rpi4/Build/RPi4/DEBUG_GCC5/AARCH64/ArmPkg/Library/CompilerIntrinsicsLib/CompilerIntrinsicsLib/OUTPUT/CompilerIntrinsicsLib.lib(memset.obj)
                              /home/alastair/pftf-rpi4/edk2/ArmPkg/Library/GccLto/liblto-aarch64.a (memset)
/home/alastair/pftf-rpi4/Build/RPi4/DEBUG_GCC5/AARCH64/MdeModulePkg/Universal/PCD/Dxe/Pcd/OUTPUT/PcdDxe.lib(AutoGen.obj)
                              DriverEntryPoint.obj (symbol from plugin) (ProcessLibraryConstructorList)
/home/alastair/pftf-rpi4/Build/RPi4/DEBUG_GCC5/AARCH64/MdeModulePkg/Universal/PCD/Dxe/Pcd/OUTPUT/PcdDxe.lib(Pcd.obj)
                              AutoGen.obj (symbol from plugin) (PcdDxeInit)
/home/alastair/pftf-rpi4/Build/RPi4/DEBUG_GCC5/AARCH64/MdeModulePkg/Universal/PCD/Dxe/Pcd/OUTPUT/PcdDxe.lib(Service.obj)
                              Pcd.obj (symbol from plugin) (mPcdDatabase)
/home/alastair/pftf-rpi4/Build/RPi4/DEBUG_GCC5/AARCH64/MdePkg/Library/BaseLib/BaseLib/OUTPUT/BaseLib.lib(CpuDeadLoop.obj)
                              BaseStackCheckGcc.obj (symbol from plugin) (CpuDeadLoop)
/home/alastair/pftf-rpi4/Build/RPi4/DEBUG_GCC5/AARCH64/MdePkg/Library/BaseLib/BaseLib/OUTPUT/BaseLib.lib(LinkedList.obj)
                              Service.obj (symbol from plugin) (InitializeListHead)
/home/alastair/pftf-rpi4/Build/RPi4/DEBUG_GCC5/AARCH64/MdePkg/Library/BaseLib/BaseLib/OUTPUT/BaseLib.lib(SafeString.obj)
                              Service.obj (symbol from plugin) (AsciiStrCatS)
/home/alastair/pftf-rpi4/Build/RPi4/DEBUG_GCC5/AARCH64/MdePkg/Library/BaseLib/BaseLib/OUTPUT/BaseLib.lib(String.obj)
                              Service.obj (symbol from plugin) (StrCmp)
/home/alastair/pftf-rpi4/Build/RPi4/DEBUG_GCC5/AARCH64/MdePkg/Library/BaseLib/BaseLib/OUTPUT/BaseLib.lib(Unaligned.obj)
                              Pcd.obj (symbol from plugin) (ReadUnaligned16)
/home/alastair/pftf-rpi4/Build/RPi4/DEBUG_GCC5/AARCH64/MdePkg/Library/BaseLib/BaseLib/OUTPUT/BaseLib.lib(CpuBreakpoint.obj)
                              BaseStackCheckGcc.obj (symbol from plugin) (CpuBreakpoint)
/home/alastair/pftf-rpi4/Build/RPi4/DEBUG_GCC5/AARCH64/MdePkg/Library/BaseLib/BaseLib/OUTPUT/BaseLib.lib(SwapBytes32.obj)
                              SafeString.obj (symbol from plugin) (SwapBytes32)
/home/alastair/pftf-rpi4/Build/RPi4/DEBUG_GCC5/AARCH64/MdePkg/Library/BaseLib/BaseLib/OUTPUT/BaseLib.lib(SwapBytes16.obj)
                              SafeString.obj (symbol from plugin) (SwapBytes16)
/home/alastair/pftf-rpi4/Build/RPi4/DEBUG_GCC5/AARCH64/MdePkg/Library/BaseLib/BaseLib/OUTPUT/BaseLib.lib(RShiftU64.obj)
                              SafeString.obj (symbol from plugin) (RShiftU64)
/home/alastair/pftf-rpi4/Build/RPi4/DEBUG_GCC5/AARCH64/MdePkg/Library/BaseLib/BaseLib/OUTPUT/BaseLib.lib(MultU64x32.obj)
                              SafeString.obj (symbol from plugin) (MultU64x32)
/home/alastair/pftf-rpi4/Build/RPi4/DEBUG_GCC5/AARCH64/MdePkg/Library/BaseLib/BaseLib/OUTPUT/BaseLib.lib(LShiftU64.obj)
                              SafeString.obj (symbol from plugin) (LShiftU64)
/home/alastair/pftf-rpi4/Build/RPi4/DEBUG_GCC5/AARCH64/MdePkg/Library/BaseLib/BaseLib/OUTPUT/BaseLib.lib(DivU64x32.obj)
                              SafeString.obj (symbol from plugin) (DivU64x32)
/home/alastair/pftf-rpi4/Build/RPi4/DEBUG_GCC5/AARCH64/MdePkg/Library/BaseLib/BaseLib/OUTPUT/BaseLib.lib(Math64.obj)
                              LShiftU64.obj (symbol from plugin) (InternalMathLShiftU64)
/home/alastair/pftf-rpi4/Build/RPi4/DEBUG_GCC5/AARCH64/MdePkg/Library/BaseMemoryLibOptDxe/BaseMemoryLibOptDxe/OUTPUT/BaseMemoryLibOptDxe.lib(MemLibGuid.obj)
                              SafeString.obj (symbol from plugin) (CopyGuid)
/home/alastair/pftf-rpi4/Build/RPi4/DEBUG_GCC5/AARCH64/MdePkg/Library/BaseMemoryLibOptDxe/BaseMemoryLibOptDxe/OUTPUT/BaseMemoryLibOptDxe.lib(ZeroMemWrapper.obj)
                              SafeString.obj (symbol from plugin) (ZeroMem)
/home/alastair/pftf-rpi4/Build/RPi4/DEBUG_GCC5/AARCH64/MdePkg/Library/BaseMemoryLibOptDxe/BaseMemoryLibOptDxe/OUTPUT/BaseMemoryLibOptDxe.lib(CopyMemWrapper.obj)
                              Pcd.obj (symbol from plugin) (CopyMem)
/home/alastair/pftf-rpi4/Build/RPi4/DEBUG_GCC5/AARCH64/MdePkg/Library/BaseMemoryLibOptDxe/BaseMemoryLibOptDxe/OUTPUT/BaseMemoryLibOptDxe.lib(SetMem.obj)
                              ZeroMemWrapper.obj (symbol from plugin) (InternalMemZeroMem)
/home/alastair/pftf-rpi4/Build/RPi4/DEBUG_GCC5/AARCH64/MdePkg/Library/BaseMemoryLibOptDxe/BaseMemoryLibOptDxe/OUTPUT/BaseMemoryLibOptDxe.lib(CopyMem.obj)
                              MemLibGuid.obj (symbol from plugin) (InternalMemCopyMem)
/home/alastair/pftf-rpi4/Build/RPi4/DEBUG_GCC5/AARCH64/MdePkg/Library/BaseMemoryLibOptDxe/BaseMemoryLibOptDxe/OUTPUT/BaseMemoryLibOptDxe.lib(CompareGuid.obj)
                              MemLibGuid.obj (symbol from plugin) (InternalMemCompareGuid)
/home/alastair/pftf-rpi4/Build/RPi4/DEBUG_GCC5/AARCH64/MdePkg/Library/BaseDebugLibSerialPort/BaseDebugLibSerialPort/OUTPUT/BaseDebugLibSerialPort.lib(DebugLib.obj)
                              AutoGen.obj (symbol from plugin) (BaseDebugLibSerialPortConstructor)
/home/alastair/pftf-rpi4/Build/RPi4/DEBUG_GCC5/AARCH64/MdePkg/Library/UefiBootServicesTableLib/UefiBootServicesTableLib/OUTPUT/UefiBootServicesTableLib.lib(UefiBootServicesTableLib.obj)
                              AutoGen.obj (symbol from plugin) (UefiBootServicesTableLibConstructor)
/home/alastair/pftf-rpi4/Build/RPi4/DEBUG_GCC5/AARCH64/MdePkg/Library/UefiMemoryAllocationLib/UefiMemoryAllocationLib/OUTPUT/UefiMemoryAllocationLib.lib(MemoryAllocationLib.obj)
                              Service.obj (symbol from plugin) (AllocatePool)
/home/alastair/pftf-rpi4/Build/RPi4/DEBUG_GCC5/AARCH64/MdePkg/Library/UefiRuntimeServicesTableLib/UefiRuntimeServicesTableLib/OUTPUT/UefiRuntimeServicesTableLib.lib(UefiRuntimeServicesTableLib.obj)
                              AutoGen.obj (symbol from plugin) (UefiRuntimeServicesTableLibConstructor)
/home/alastair/pftf-rpi4/Build/RPi4/DEBUG_GCC5/AARCH64/MdePkg/Library/UefiLib/UefiLib/OUTPUT/UefiLib.lib(UefiLib.obj)
                              AutoGen.obj (symbol from plugin) (UefiLibConstructor)
/home/alastair/pftf-rpi4/Build/RPi4/DEBUG_GCC5/AARCH64/MdePkg/Library/DxeHobLib/DxeHobLib/OUTPUT/DxeHobLib.lib(HobLib.obj)
                              AutoGen.obj (symbol from plugin) (HobLibConstructor)
/home/alastair/pftf-rpi4/Build/RPi4/DEBUG_GCC5/AARCH64/MdePkg/Library/DxeServicesLib/DxeServicesLib/OUTPUT/DxeServicesLib.lib(DxeServicesLib.obj)
                              Service.obj (symbol from plugin) (GetSectionFromFfs)
/home/alastair/pftf-rpi4/Build/RPi4/DEBUG_GCC5/AARCH64/MdePkg/Library/BaseMemoryLibOptDxe/BaseMemoryLibOptDxe/OUTPUT/BaseMemoryLibOptDxe.lib(SetMemWrapper.obj)
                              DebugLib.obj (symbol from plugin) (SetMem)
/home/alastair/pftf-rpi4/Build/RPi4/DEBUG_GCC5/AARCH64/MdePkg/Library/BaseMemoryLibOptDxe/BaseMemoryLibOptDxe/OUTPUT/BaseMemoryLibOptDxe.lib(SetMem64Wrapper.obj)
                              SetMemWrapper.obj (symbol from plugin) (SetMem64)
/home/alastair/pftf-rpi4/Build/RPi4/DEBUG_GCC5/AARCH64/MdePkg/Library/BaseDebugPrintErrorLevelLib/BaseDebugPrintErrorLevelLib/OUTPUT/BaseDebugPrintErrorLevelLib.lib(BaseDebugPrintErrorLevelLib.obj)
                              DebugLib.obj (symbol from plugin) (GetDebugPrintErrorLevel)
/home/alastair/pftf-rpi4/Build/RPi4/DEBUG_GCC5/AARCH64/Platform/RaspberryPi/Library/DualSerialPortLib/DebugDualSerialPortLib/OUTPUT/DebugDualSerialPortLib.lib(DebugDualSerialPortLib.obj)
                              DebugLib.obj (symbol from plugin) (SerialPortInitialize)
/home/alastair/pftf-rpi4/Build/RPi4/DEBUG_GCC5/AARCH64/Platform/RaspberryPi/Library/DualSerialPortLib/DebugDualSerialPortLib/OUTPUT/DebugDualSerialPortLib.lib(DualSerialPortLibCommon.obj)
                              DebugLib.obj (symbol from plugin) (SerialPortWrite)
/home/alastair/pftf-rpi4/Build/RPi4/DEBUG_GCC5/AARCH64/MdePkg/Library/BasePrintLib/BasePrintLib/OUTPUT/BasePrintLib.lib(PrintLib.obj)
                              DebugLib.obj (symbol from plugin) (AsciiVSPrint)
/home/alastair/pftf-rpi4/Build/RPi4/DEBUG_GCC5/AARCH64/MdePkg/Library/BasePrintLib/BasePrintLib/OUTPUT/BasePrintLib.lib(PrintLibInternal.obj)
                              PrintLib.obj (symbol from plugin) (BasePrintLibConvertValueToStringS)
/home/alastair/pftf-rpi4/Build/RPi4/DEBUG_GCC5/AARCH64/MdePkg/Library/UefiDevicePathLib/UefiDevicePathLib/OUTPUT/UefiDevicePathLib.lib(DevicePathUtilities.obj)
                              UefiLib.obj (symbol from plugin) (DevicePathType)
/home/alastair/pftf-rpi4/Build/RPi4/DEBUG_GCC5/AARCH64/MdePkg/Library/UefiDevicePathLib/UefiDevicePathLib/OUTPUT/UefiDevicePathLib.lib(DevicePathUtilitiesDxeSmm.obj)
                              DevicePathUtilities.obj (symbol from plugin) (DevicePathFromHandle)
/home/alastair/pftf-rpi4/Build/RPi4/DEBUG_GCC5/AARCH64/MdePkg/Library/UefiDevicePathLib/UefiDevicePathLib/OUTPUT/UefiDevicePathLib.lib(UefiDevicePathLib.obj)
                              DevicePathUtilities.obj (symbol from plugin) (GetDevicePathSize)
/home/alastair/pftf-rpi4/Build/RPi4/DEBUG_GCC5/AARCH64/MdePkg/Library/UefiDevicePathLib/UefiDevicePathLib/OUTPUT/UefiDevicePathLib.lib(DevicePathToText.obj)
                              UefiDevicePathLib.obj (symbol from plugin) (UefiDevicePathLibConvertDeviceNodeToText)
/home/alastair/pftf-rpi4/Build/RPi4/DEBUG_GCC5/AARCH64/MdePkg/Library/UefiDevicePathLib/UefiDevicePathLib/OUTPUT/UefiDevicePathLib.lib(DevicePathFromText.obj)
                              UefiDevicePathLib.obj (symbol from plugin) (UefiDevicePathLibConvertTextToDeviceNode)
/home/alastair/pftf-rpi4/Build/RPi4/DEBUG_GCC5/AARCH64/MdePkg/Library/UefiLib/UefiLib/OUTPUT/UefiLib.lib(UefiNotTiano.obj)
                              DxeServicesLib.obj (symbol from plugin) (EfiGetNameGuidFromFwVolDevicePathNode)
/home/alastair/pftf-rpi4/Build/RPi4/DEBUG_GCC5/AARCH64/MdePkg/Library/BaseLib/BaseLib/OUTPUT/BaseLib.lib(SwapBytes64.obj)
                              DevicePathFromText.obj (symbol from plugin) (SwapBytes64)
/home/alastair/pftf-rpi4/Build/RPi4/DEBUG_GCC5/AARCH64/MdePkg/Library/BaseLib/BaseLib/OUTPUT/BaseLib.lib(DivU64x32Remainder.obj)
                              PrintLibInternal.obj (symbol from plugin) (DivU64x32Remainder)
/home/alastair/pftf-rpi4/Build/RPi4/DEBUG_GCC5/AARCH64/MdePkg/Library/BaseIoLibIntrinsic/BaseIoLibIntrinsic/OUTPUT/BaseIoLibIntrinsic.lib(IoLibNoIo.obj)
                              DualSerialPortLibCommon.obj (symbol from plugin) (MmioRead8)
/home/alastair/pftf-rpi4/Build/RPi4/DEBUG_GCC5/AARCH64/ArmPlatformPkg/Library/PL011UartLib/PL011UartLib/OUTPUT/PL011UartLib.lib(PL011UartLib.obj)
                              DualSerialPortLibCommon.obj (symbol from plugin) (PL011UartWrite)

Discarded input sections

 .text          0x0000000000000000       0x10 /home/alastair/pftf-rpi4/edk2/ArmPkg/Library/GccLto/liblto-aarch64.a
 .data          0x0000000000000000        0x0 /home/alastair/pftf-rpi4/edk2/ArmPkg/Library/GccLto/liblto-aarch64.a
 .bss           0x0000000000000000        0x0 /home/alastair/pftf-rpi4/edk2/ArmPkg/Library/GccLto/liblto-aarch64.a
 .text          0x0000000000000000        0x0 /tmp/PcdDxe.dll.onC5mV.ltrans0.ltrans.o
 .data          0x0000000000000000        0x0 /tmp/PcdDxe.dll.onC5mV.ltrans0.ltrans.o
 .bss           0x0000000000000000        0x0 /tmp/PcdDxe.dll.onC5mV.ltrans0.ltrans.o
 .text._DriverUnloadHandler
                0x0000000000000000        0x8 /tmp/PcdDxe.dll.onC5mV.ltrans0.ltrans.o
 .text.StrnLenS
                0x0000000000000000       0x70 /tmp/PcdDxe.dll.onC5mV.ltrans0.ltrans.o
 .rodata.IsNodeInList.str1.1
                0x0000000000000000       0x44 /tmp/PcdDxe.dll.onC5mV.ltrans0.ltrans.o
 .text.IsNodeInList
                0x0000000000000000       0xa0 /tmp/PcdDxe.dll.onC5mV.ltrans0.ltrans.o
 .text.__memset
                0x0000000000000000       0x1c /tmp/PcdDxe.dll.onC5mV.ltrans0.ltrans.o
 .comment       0x0000000000000000       0x2b /tmp/PcdDxe.dll.onC5mV.ltrans0.ltrans.o
 .note.GNU-stack
                0x0000000000000000        0x0 /tmp/PcdDxe.dll.onC5mV.ltrans0.ltrans.o
 .comment       0x0000000000000000       0x2b /tmp/ccBtBtVV.debug.temp.o
 .note.GNU-stack
                0x0000000000000000        0x0 /tmp/ccBtBtVV.debug.temp.o
 .comment       0x0000000000000000       0x2b /tmp/ccEEUpJW.debug.temp.o
 .note.GNU-stack
                0x0000000000000000        0x0 /tmp/ccEEUpJW.debug.temp.o
 .comment       0x0000000000000000       0x2b /tmp/cchnwLsU.debug.temp.o
 .note.GNU-stack
                0x0000000000000000        0x0 /tmp/cchnwLsU.debug.temp.o
 .comment       0x0000000000000000       0x2b /tmp/cciga6XT.debug.temp.o
 .note.GNU-stack
                0x0000000000000000        0x0 /tmp/cciga6XT.debug.temp.o
 .comment       0x0000000000000000       0x2b /tmp/ccqNNsFS.debug.temp.o
 .note.GNU-stack
                0x0000000000000000        0x0 /tmp/ccqNNsFS.debug.temp.o
 .comment       0x0000000000000000       0x2b /tmp/ccwaymmV.debug.temp.o
 .note.GNU-stack
                0x0000000000000000        0x0 /tmp/ccwaymmV.debug.temp.o
 .comment       0x0000000000000000       0x2b /tmp/ccGar1rV.debug.temp.o
 .note.GNU-stack
                0x0000000000000000        0x0 /tmp/ccGar1rV.debug.temp.o
 .comment       0x0000000000000000       0x2b /tmp/ccmuSteT.debug.temp.o
 .note.GNU-stack
                0x0000000000000000        0x0 /tmp/ccmuSteT.debug.temp.o
 .comment       0x0000000000000000       0x2b /tmp/ccj9mlEV.debug.temp.o
 .note.GNU-stack
                0x0000000000000000        0x0 /tmp/ccj9mlEV.debug.temp.o
 .comment       0x0000000000000000       0x2b /tmp/ccFnmePU.debug.temp.o
 .note.GNU-stack
                0x0000000000000000        0x0 /tmp/ccFnmePU.debug.temp.o
 .comment       0x0000000000000000       0x2b /tmp/ccgHrbDV.debug.temp.o
 .note.GNU-stack
                0x0000000000000000        0x0 /tmp/ccgHrbDV.debug.temp.o
 .comment       0x0000000000000000       0x2b /tmp/cc1NzAQS.debug.temp.o
 .note.GNU-stack
                0x0000000000000000        0x0 /tmp/cc1NzAQS.debug.temp.o
 .debug_info    0x0000000000000000      0x1db /tmp/ccoGf8vS.debug.temp.o
 .debug_abbrev  0x0000000000000000       0xc0 /tmp/ccoGf8vS.debug.temp.o
 .debug_line    0x0000000000000000      0x14c /tmp/ccoGf8vS.debug.temp.o
 .debug_str     0x0000000000000000      0x472 /tmp/ccoGf8vS.debug.temp.o
 .comment       0x0000000000000000       0x2b /tmp/ccoGf8vS.debug.temp.o
 .note.GNU-stack
                0x0000000000000000        0x0 /tmp/ccoGf8vS.debug.temp.o
 .debug_info    0x0000000000000000      0x1c3 /tmp/cc8PQYjV.debug.temp.o
 .debug_abbrev  0x0000000000000000       0xb1 /tmp/cc8PQYjV.debug.temp.o
 .debug_line    0x0000000000000000      0x14c /tmp/cc8PQYjV.debug.temp.o
 .debug_str     0x0000000000000000      0x45b /tmp/cc8PQYjV.debug.temp.o
 .comment       0x0000000000000000       0x2b /tmp/cc8PQYjV.debug.temp.o
 .note.GNU-stack
                0x0000000000000000        0x0 /tmp/cc8PQYjV.debug.temp.o
 .debug_info    0x0000000000000000      0x1db /tmp/ccxvQ5YT.debug.temp.o
 .debug_abbrev  0x0000000000000000       0xb1 /tmp/ccxvQ5YT.debug.temp.o
 .debug_line    0x0000000000000000      0x14a /tmp/ccxvQ5YT.debug.temp.o
 .debug_str     0x0000000000000000      0x465 /tmp/ccxvQ5YT.debug.temp.o
 .comment       0x0000000000000000       0x2b /tmp/ccxvQ5YT.debug.temp.o
 .note.GNU-stack
                0x0000000000000000        0x0 /tmp/ccxvQ5YT.debug.temp.o
 .debug_info    0x0000000000000000      0x1db /tmp/cc8qyzbU.debug.temp.o
 .debug_abbrev  0x0000000000000000       0xc0 /tmp/cc8qyzbU.debug.temp.o
 .debug_line    0x0000000000000000      0x14b /tmp/cc8qyzbU.debug.temp.o
 .debug_str     0x0000000000000000      0x472 /tmp/cc8qyzbU.debug.temp.o
 .comment       0x0000000000000000       0x2b /tmp/cc8qyzbU.debug.temp.o
 .note.GNU-stack
                0x0000000000000000        0x0 /tmp/cc8qyzbU.debug.temp.o
 .comment       0x0000000000000000       0x2b /tmp/cc051FwT.debug.temp.o
 .note.GNU-stack
                0x0000000000000000        0x0 /tmp/cc051FwT.debug.temp.o
 .debug_info    0x0000000000000000      0x1cf /tmp/ccXFpOsS.debug.temp.o
 .debug_abbrev  0x0000000000000000       0xb1 /tmp/ccXFpOsS.debug.temp.o
 .debug_line    0x0000000000000000      0x14a /tmp/ccXFpOsS.debug.temp.o
 .debug_str     0x0000000000000000      0x462 /tmp/ccXFpOsS.debug.temp.o
 .comment       0x0000000000000000       0x2b /tmp/ccXFpOsS.debug.temp.o
 .note.GNU-stack
                0x0000000000000000        0x0 /tmp/ccXFpOsS.debug.temp.o
 .comment       0x0000000000000000       0x2b /tmp/ccIfDEBU.debug.temp.o
 .note.GNU-stack
                0x0000000000000000        0x0 /tmp/ccIfDEBU.debug.temp.o
 .comment       0x0000000000000000       0x2b /tmp/cczXrGNT.debug.temp.o
 .note.GNU-stack
                0x0000000000000000        0x0 /tmp/cczXrGNT.debug.temp.o
 .comment       0x0000000000000000       0x2b /tmp/ccID8KJW.debug.temp.o
 .note.GNU-stack
                0x0000000000000000        0x0 /tmp/ccID8KJW.debug.temp.o
 .comment       0x0000000000000000       0x2b /tmp/ccE6F8FT.debug.temp.o
 .note.GNU-stack
                0x0000000000000000        0x0 /tmp/ccE6F8FT.debug.temp.o
 .comment       0x0000000000000000       0x2b /tmp/ccvdeFvV.debug.temp.o
 .note.GNU-stack
                0x0000000000000000        0x0 /tmp/ccvdeFvV.debug.temp.o
 .comment       0x0000000000000000       0x2b /tmp/ccX3YUMT.debug.temp.o
 .note.GNU-stack
                0x0000000000000000        0x0 /tmp/ccX3YUMT.debug.temp.o
 .comment       0x0000000000000000       0x2b /tmp/ccNVoNNV.debug.temp.o
 .note.GNU-stack
                0x0000000000000000        0x0 /tmp/ccNVoNNV.debug.temp.o
 .comment       0x0000000000000000       0x2b /tmp/cc7AnVtW.debug.temp.o
 .note.GNU-stack
                0x0000000000000000        0x0 /tmp/cc7AnVtW.debug.temp.o
 .comment       0x0000000000000000       0x2b /tmp/cchPVXvT.debug.temp.o
 .note.GNU-stack
                0x0000000000000000        0x0 /tmp/cchPVXvT.debug.temp.o
 .comment       0x0000000000000000       0x2b /tmp/ccc7sqNU.debug.temp.o
 .note.GNU-stack
                0x0000000000000000        0x0 /tmp/ccc7sqNU.debug.temp.o
 .comment       0x0000000000000000       0x2b /tmp/cc4GeIXS.debug.temp.o
 .note.GNU-stack
                0x0000000000000000        0x0 /tmp/cc4GeIXS.debug.temp.o
 .debug_info    0x0000000000000000      0x1bb /tmp/ccXmLXKU.debug.temp.o
 .debug_abbrev  0x0000000000000000       0xc6 /tmp/ccXmLXKU.debug.temp.o
 .debug_line    0x0000000000000000      0x172 /tmp/ccXmLXKU.debug.temp.o
 .debug_str     0x0000000000000000      0x364 /tmp/ccXmLXKU.debug.temp.o
 .comment       0x0000000000000000       0x2b /tmp/ccXmLXKU.debug.temp.o
 .note.GNU-stack
                0x0000000000000000        0x0 /tmp/ccXmLXKU.debug.temp.o
 .debug_info    0x0000000000000000      0x186 /tmp/ccCZQyiU.debug.temp.o
 .debug_abbrev  0x0000000000000000       0xb1 /tmp/ccCZQyiU.debug.temp.o
 .debug_line    0x0000000000000000      0x174 /tmp/ccCZQyiU.debug.temp.o
 .debug_str     0x0000000000000000      0x360 /tmp/ccCZQyiU.debug.temp.o
 .comment       0x0000000000000000       0x2b /tmp/ccCZQyiU.debug.temp.o
 .note.GNU-stack
                0x0000000000000000        0x0 /tmp/ccCZQyiU.debug.temp.o
 .comment       0x0000000000000000       0x2b /tmp/ccLNe5lU.debug.temp.o
 .note.GNU-stack
                0x0000000000000000        0x0 /tmp/ccLNe5lU.debug.temp.o
 .comment       0x0000000000000000       0x2b /tmp/ccnbyUYS.debug.temp.o
 .note.GNU-stack
                0x0000000000000000        0x0 /tmp/ccnbyUYS.debug.temp.o
 .comment       0x0000000000000000       0x2b /tmp/ccXPGWmW.debug.temp.o
 .note.GNU-stack
                0x0000000000000000        0x0 /tmp/ccXPGWmW.debug.temp.o
 .comment       0x0000000000000000       0x2b /tmp/ccrRJjKV.debug.temp.o
 .note.GNU-stack
                0x0000000000000000        0x0 /tmp/ccrRJjKV.debug.temp.o
 .comment       0x0000000000000000       0x2b /tmp/ccwW4MiW.debug.temp.o
 .note.GNU-stack
                0x0000000000000000        0x0 /tmp/ccwW4MiW.debug.temp.o
 .debug_info    0x0000000000000000     0x1d7d /tmp/ccm1t9eT.debug.temp.o
 .debug_abbrev  0x0000000000000000      0x240 /tmp/ccm1t9eT.debug.temp.o
 .debug_line    0x0000000000000000      0x36c /tmp/ccm1t9eT.debug.temp.o
 .debug_str     0x0000000000000000     0x1974 /tmp/ccm1t9eT.debug.temp.o
 .comment       0x0000000000000000       0x2b /tmp/ccm1t9eT.debug.temp.o
 .note.GNU-stack
                0x0000000000000000        0x0 /tmp/ccm1t9eT.debug.temp.o
 .debug_info    0x0000000000000000     0x1953 /tmp/ccgD4xJV.debug.temp.o
 .debug_abbrev  0x0000000000000000      0x1d4 /tmp/ccgD4xJV.debug.temp.o
 .debug_line    0x0000000000000000      0x372 /tmp/ccgD4xJV.debug.temp.o
 .debug_str     0x0000000000000000     0x1658 /tmp/ccgD4xJV.debug.temp.o
 .comment       0x0000000000000000       0x2b /tmp/ccgD4xJV.debug.temp.o
 .note.GNU-stack
                0x0000000000000000        0x0 /tmp/ccgD4xJV.debug.temp.o
 .debug_info    0x0000000000000000     0x1afe /tmp/ccDuxZDV.debug.temp.o
 .debug_abbrev  0x0000000000000000      0x1fe /tmp/ccDuxZDV.debug.temp.o
 .debug_line    0x0000000000000000      0x36a /tmp/ccDuxZDV.debug.temp.o
 .debug_str     0x0000000000000000     0x17d8 /tmp/ccDuxZDV.debug.temp.o
 .comment       0x0000000000000000       0x2b /tmp/ccDuxZDV.debug.temp.o
 .note.GNU-stack
                0x0000000000000000        0x0 /tmp/ccDuxZDV.debug.temp.o
 .debug_info    0x0000000000000000     0x3d60 /tmp/ccWDuDiT.debug.temp.o
 .debug_abbrev  0x0000000000000000      0x2ca /tmp/ccWDuDiT.debug.temp.o
 .debug_line    0x0000000000000000      0x3db /tmp/ccWDuDiT.debug.temp.o
 .debug_str     0x0000000000000000     0x25ec /tmp/ccWDuDiT.debug.temp.o
 .comment       0x0000000000000000       0x2b /tmp/ccWDuDiT.debug.temp.o
 .note.GNU-stack
                0x0000000000000000        0x0 /tmp/ccWDuDiT.debug.temp.o
 .debug_info    0x0000000000000000     0x45d4 /tmp/ccSM0y6T.debug.temp.o
 .debug_abbrev  0x0000000000000000      0x2b0 /tmp/ccSM0y6T.debug.temp.o
 .debug_line    0x0000000000000000      0x3cf /tmp/ccSM0y6T.debug.temp.o
 .debug_str     0x0000000000000000     0x2f11 /tmp/ccSM0y6T.debug.temp.o
 .comment       0x0000000000000000       0x2b /tmp/ccSM0y6T.debug.temp.o
 .note.GNU-stack
                0x0000000000000000        0x0 /tmp/ccSM0y6T.debug.temp.o
 .debug_info    0x0000000000000000     0x1c06 /tmp/ccTdWuhW.debug.temp.o
 .debug_abbrev  0x0000000000000000      0x233 /tmp/ccTdWuhW.debug.temp.o
 .debug_line    0x0000000000000000      0x341 /tmp/ccTdWuhW.debug.temp.o
 .debug_str     0x0000000000000000     0x1a6f /tmp/ccTdWuhW.debug.temp.o
 .comment       0x0000000000000000       0x2b /tmp/ccTdWuhW.debug.temp.o
 .note.GNU-stack
                0x0000000000000000        0x0 /tmp/ccTdWuhW.debug.temp.o
 .debug_info    0x0000000000000000      0x1c3 /tmp/ccsJ7EpU.debug.temp.o
 .debug_abbrev  0x0000000000000000       0xb1 /tmp/ccsJ7EpU.debug.temp.o
 .debug_line    0x0000000000000000      0x14c /tmp/ccsJ7EpU.debug.temp.o
 .debug_str     0x0000000000000000      0x45b /tmp/ccsJ7EpU.debug.temp.o
 .comment       0x0000000000000000       0x2b /tmp/ccsJ7EpU.debug.temp.o
 .note.GNU-stack
                0x0000000000000000        0x0 /tmp/ccsJ7EpU.debug.temp.o
 .comment       0x0000000000000000       0x2b /tmp/ccs9ePnV.debug.temp.o
 .note.GNU-stack
                0x0000000000000000        0x0 /tmp/ccs9ePnV.debug.temp.o
 .comment       0x0000000000000000       0x2b /tmp/cclQtrgW.debug.temp.o
 .note.GNU-stack
                0x0000000000000000        0x0 /tmp/cclQtrgW.debug.temp.o
 .comment       0x0000000000000000       0x2b /tmp/cc4rrFgU.debug.temp.o
 .note.GNU-stack
                0x0000000000000000        0x0 /tmp/cc4rrFgU.debug.temp.o
 .text          0x0000000000000000        0x8 /home/alastair/pftf-rpi4/Build/RPi4/DEBUG_GCC5/AARCH64/MdePkg/Library/BaseLib/BaseLib/OUTPUT/BaseLib.lib(CpuBreakpoint.obj)
 .data          0x0000000000000000        0x0 /home/alastair/pftf-rpi4/Build/RPi4/DEBUG_GCC5/AARCH64/MdePkg/Library/BaseLib/BaseLib/OUTPUT/BaseLib.lib(CpuBreakpoint.obj)
 .bss           0x0000000000000000        0x0 /home/alastair/pftf-rpi4/Build/RPi4/DEBUG_GCC5/AARCH64/MdePkg/Library/BaseLib/BaseLib/OUTPUT/BaseLib.lib(CpuBreakpoint.obj)
 .data          0x0000000000000000        0x0 /home/alastair/pftf-rpi4/Build/RPi4/DEBUG_GCC5/AARCH64/MdePkg/Library/BaseMemoryLibOptDxe/BaseMemoryLibOptDxe/OUTPUT/BaseMemoryLibOptDxe.lib(SetMem.obj)
 .bss           0x0000000000000000        0x0 /home/alastair/pftf-rpi4/Build/RPi4/DEBUG_GCC5/AARCH64/MdePkg/Library/BaseMemoryLibOptDxe/BaseMemoryLibOptDxe/OUTPUT/BaseMemoryLibOptDxe.lib(SetMem.obj)
 .data          0x0000000000000000        0x0 /home/alastair/pftf-rpi4/Build/RPi4/DEBUG_GCC5/AARCH64/MdePkg/Library/BaseMemoryLibOptDxe/BaseMemoryLibOptDxe/OUTPUT/BaseMemoryLibOptDxe.lib(CopyMem.obj)
 .bss           0x0000000000000000        0x0 /home/alastair/pftf-rpi4/Build/RPi4/DEBUG_GCC5/AARCH64/MdePkg/Library/BaseMemoryLibOptDxe/BaseMemoryLibOptDxe/OUTPUT/BaseMemoryLibOptDxe.lib(CopyMem.obj)
 .data          0x0000000000000000        0x0 /home/alastair/pftf-rpi4/Build/RPi4/DEBUG_GCC5/AARCH64/MdePkg/Library/BaseMemoryLibOptDxe/BaseMemoryLibOptDxe/OUTPUT/BaseMemoryLibOptDxe.lib(CompareGuid.obj)
 .bss           0x0000000000000000        0x0 /home/alastair/pftf-rpi4/Build/RPi4/DEBUG_GCC5/AARCH64/MdePkg/Library/BaseMemoryLibOptDxe/BaseMemoryLibOptDxe/OUTPUT/BaseMemoryLibOptDxe.lib(CompareGuid.obj)

Memory Configuration

Name             Origin             Length             Attributes
*default*        0x0000000000000000 0xffffffffffffffff

Linker script and memory map

LOAD /home/alastair/pftf-rpi4/edk2/ArmPkg/Library/GccLto/liblto-aarch64.a
START GROUP
LOAD /tmp/PcdDxe.dll.onC5mV.ltrans0.ltrans.o
LOAD /tmp/ccBtBtVV.debug.temp.o
LOAD /tmp/ccEEUpJW.debug.temp.o
LOAD /tmp/cchnwLsU.debug.temp.o
LOAD /tmp/cciga6XT.debug.temp.o
LOAD /tmp/ccqNNsFS.debug.temp.o
LOAD /tmp/ccwaymmV.debug.temp.o
LOAD /tmp/ccGar1rV.debug.temp.o
LOAD /tmp/ccmuSteT.debug.temp.o
LOAD /tmp/ccj9mlEV.debug.temp.o
LOAD /tmp/ccFnmePU.debug.temp.o
LOAD /tmp/ccgHrbDV.debug.temp.o
LOAD /tmp/cc1NzAQS.debug.temp.o
LOAD /tmp/ccoGf8vS.debug.temp.o
LOAD /tmp/cc8PQYjV.debug.temp.o
LOAD /tmp/ccxvQ5YT.debug.temp.o
LOAD /tmp/cc8qyzbU.debug.temp.o
LOAD /tmp/cc051FwT.debug.temp.o
LOAD /tmp/ccXFpOsS.debug.temp.o
LOAD /tmp/ccIfDEBU.debug.temp.o
LOAD /tmp/cczXrGNT.debug.temp.o
LOAD /tmp/ccID8KJW.debug.temp.o
LOAD /tmp/ccE6F8FT.debug.temp.o
LOAD /tmp/ccvdeFvV.debug.temp.o
LOAD /tmp/ccX3YUMT.debug.temp.o
LOAD /tmp/ccNVoNNV.debug.temp.o
LOAD /tmp/cc7AnVtW.debug.temp.o
LOAD /tmp/cchPVXvT.debug.temp.o
LOAD /tmp/ccc7sqNU.debug.temp.o
LOAD /tmp/cc4GeIXS.debug.temp.o
LOAD /tmp/ccXmLXKU.debug.temp.o
LOAD /tmp/ccCZQyiU.debug.temp.o
LOAD /tmp/ccLNe5lU.debug.temp.o
LOAD /tmp/ccnbyUYS.debug.temp.o
LOAD /tmp/ccXPGWmW.debug.temp.o
LOAD /tmp/ccrRJjKV.debug.temp.o
LOAD /tmp/ccwW4MiW.debug.temp.o
LOAD /tmp/ccm1t9eT.debug.temp.o
LOAD /tmp/ccgD4xJV.debug.temp.o
LOAD /tmp/ccDuxZDV.debug.temp.o
LOAD /tmp/ccWDuDiT.debug.temp.o
LOAD /tmp/ccSM0y6T.debug.temp.o
LOAD /tmp/ccTdWuhW.debug.temp.o
LOAD /tmp/ccsJ7EpU.debug.temp.o
LOAD /tmp/ccs9ePnV.debug.temp.o
LOAD /tmp/cclQtrgW.debug.temp.o
LOAD /tmp/cc4rrFgU.debug.temp.o
LOAD /home/alastair/pftf-rpi4/Build/RPi4/DEBUG_GCC5/AARCH64/MdePkg/Library/BasePcdLibNull/BasePcdLibNull/OUTPUT/BasePcdLibNull.lib
LOAD /home/alastair/pftf-rpi4/Build/RPi4/DEBUG_GCC5/AARCH64/MdePkg/Library/BaseLib/BaseLib/OUTPUT/BaseLib.lib
LOAD /home/alastair/pftf-rpi4/Build/RPi4/DEBUG_GCC5/AARCH64/MdePkg/Library/BaseMemoryLibOptDxe/BaseMemoryLibOptDxe/OUTPUT/BaseMemoryLibOptDxe.lib
LOAD /home/alastair/pftf-rpi4/Build/RPi4/DEBUG_GCC5/AARCH64/MdePkg/Library/BaseIoLibIntrinsic/BaseIoLibIntrinsic/OUTPUT/BaseIoLibIntrinsic.lib
LOAD /home/alastair/pftf-rpi4/Build/RPi4/DEBUG_GCC5/AARCH64/ArmPlatformPkg/Library/PL011UartLib/PL011UartLib/OUTPUT/PL011UartLib.lib
LOAD /home/alastair/pftf-rpi4/Build/RPi4/DEBUG_GCC5/AARCH64/MdePkg/Library/BaseDebugPrintErrorLevelLib/BaseDebugPrintErrorLevelLib/OUTPUT/BaseDebugPrintErrorLevelLib.lib
LOAD /home/alastair/pftf-rpi4/Build/RPi4/DEBUG_GCC5/AARCH64/Platform/RaspberryPi/Library/DualSerialPortLib/DebugDualSerialPortLib/OUTPUT/DebugDualSerialPortLib.lib
LOAD /home/alastair/pftf-rpi4/Build/RPi4/DEBUG_GCC5/AARCH64/MdePkg/Library/BasePrintLib/BasePrintLib/OUTPUT/BasePrintLib.lib
LOAD /home/alastair/pftf-rpi4/Build/RPi4/DEBUG_GCC5/AARCH64/MdePkg/Library/BaseDebugLibSerialPort/BaseDebugLibSerialPort/OUTPUT/BaseDebugLibSerialPort.lib
LOAD /home/alastair/pftf-rpi4/Build/RPi4/DEBUG_GCC5/AARCH64/MdePkg/Library/UefiBootServicesTableLib/UefiBootServicesTableLib/OUTPUT/UefiBootServicesTableLib.lib
LOAD /home/alastair/pftf-rpi4/Build/RPi4/DEBUG_GCC5/AARCH64/MdePkg/Library/UefiMemoryAllocationLib/UefiMemoryAllocationLib/OUTPUT/UefiMemoryAllocationLib.lib
LOAD /home/alastair/pftf-rpi4/Build/RPi4/DEBUG_GCC5/AARCH64/MdePkg/Library/UefiDevicePathLib/UefiDevicePathLib/OUTPUT/UefiDevicePathLib.lib
LOAD /home/alastair/pftf-rpi4/Build/RPi4/DEBUG_GCC5/AARCH64/MdePkg/Library/UefiRuntimeServicesTableLib/UefiRuntimeServicesTableLib/OUTPUT/UefiRuntimeServicesTableLib.lib
LOAD /home/alastair/pftf-rpi4/Build/RPi4/DEBUG_GCC5/AARCH64/MdePkg/Library/UefiLib/UefiLib/OUTPUT/UefiLib.lib
LOAD /home/alastair/pftf-rpi4/Build/RPi4/DEBUG_GCC5/AARCH64/MdePkg/Library/DxeHobLib/DxeHobLib/OUTPUT/DxeHobLib.lib
LOAD /home/alastair/pftf-rpi4/Build/RPi4/DEBUG_GCC5/AARCH64/MdePkg/Library/UefiDriverEntryPoint/UefiDriverEntryPoint/OUTPUT/UefiDriverEntryPoint.lib
LOAD /home/alastair/pftf-rpi4/Build/RPi4/DEBUG_GCC5/AARCH64/MdePkg/Library/DxeServicesLib/DxeServicesLib/OUTPUT/DxeServicesLib.lib
LOAD /home/alastair/pftf-rpi4/Build/RPi4/DEBUG_GCC5/AARCH64/MdePkg/Library/BaseStackCheckLib/BaseStackCheckLib/OUTPUT/BaseStackCheckLib.lib
LOAD /home/alastair/pftf-rpi4/Build/RPi4/DEBUG_GCC5/AARCH64/ArmPkg/Library/CompilerIntrinsicsLib/CompilerIntrinsicsLib/OUTPUT/CompilerIntrinsicsLib.lib
LOAD /home/alastair/pftf-rpi4/Build/RPi4/DEBUG_GCC5/AARCH64/MdeModulePkg/Universal/PCD/Dxe/Pcd/OUTPUT/PcdDxe.lib
END GROUP
                0x0000000000000228                . = PECOFF_HEADER_SIZE

.gnu.version_d  0x0000000000000228        0x0
 .gnu.version_d
                0x0000000000000228        0x0 /home/alastair/pftf-rpi4/edk2/ArmPkg/Library/GccLto/liblto-aarch64.a

.gnu.version    0x0000000000000228        0x0
 .gnu.version   0x0000000000000228        0x0 /home/alastair/pftf-rpi4/edk2/ArmPkg/Library/GccLto/liblto-aarch64.a

.gnu.version_r  0x0000000000000228        0x0
 .gnu.version_r
                0x0000000000000228        0x0 /home/alastair/pftf-rpi4/edk2/ArmPkg/Library/GccLto/liblto-aarch64.a

.text           0x0000000000001000     0x7380
 *(.text .text.* .stub .gnu.linkonce.t.*)
 .text.SerialPortWritable.constprop.0
                0x0000000000001000        0x8 /tmp/PcdDxe.dll.onC5mV.ltrans0.ltrans.o
 .text.DebugAssertEnabled
                0x0000000000001008        0x8 /tmp/PcdDxe.dll.onC5mV.ltrans0.ltrans.o
 .text.InternalAllocatePool.constprop.0
                0x0000000000001010       0x6c /tmp/PcdDxe.dll.onC5mV.ltrans0.ltrans.o
 .text.BasePrintLibFillBuffer
                0x000000000000107c       0x34 /tmp/PcdDxe.dll.onC5mV.ltrans0.ltrans.o
 .text.DebugPrintLevelEnabled
                0x00000000000010b0        0x8 /tmp/PcdDxe.dll.onC5mV.ltrans0.ltrans.o
 .text.DebugPrintEnabled
                0x00000000000010b8        0x8 /tmp/PcdDxe.dll.onC5mV.ltrans0.ltrans.o
 .text.BaseDebugLibSerialPortConstructor
                0x00000000000010c0        0x8 /tmp/PcdDxe.dll.onC5mV.ltrans0.ltrans.o
 .text.AsciiStrnLenS
                0x00000000000010c8       0x3c /tmp/PcdDxe.dll.onC5mV.ltrans0.ltrans.o
 .text.GetSizeTableIndex
                0x0000000000001104       0x54 /tmp/PcdDxe.dll.onC5mV.ltrans0.ltrans.o
 .text.UpdatePcdDatabase
                0x0000000000001158      0x124 /tmp/PcdDxe.dll.onC5mV.ltrans0.ltrans.o
 .text.GetLocalTokenNumber
                0x000000000000127c       0x44 /tmp/PcdDxe.dll.onC5mV.ltrans0.ltrans.o
 .text.DxeGetPcdInfoGetSku
                0x00000000000012c0       0x10 /tmp/PcdDxe.dll.onC5mV.ltrans0.ltrans.o
 .text.DebugAssert
                0x00000000000012d0       0x8c /tmp/PcdDxe.dll.onC5mV.ltrans0.ltrans.o
 .text.EfiReleaseLock.constprop.0
                0x000000000000135c       0x6c /tmp/PcdDxe.dll.onC5mV.ltrans0.ltrans.o
 .text.EfiAcquireLock.constprop.0
                0x00000000000013c8       0x70 /tmp/PcdDxe.dll.onC5mV.ltrans0.ltrans.o
 .text.SerialPortWrite
                0x0000000000001438      0x120 /tmp/PcdDxe.dll.onC5mV.ltrans0.ltrans.o
 .text.ReadUnaligned16
                0x0000000000001558       0x5c /tmp/PcdDxe.dll.onC5mV.ltrans0.ltrans.o
 .text.ReadUnaligned32
                0x00000000000015b4       0x50 /tmp/PcdDxe.dll.onC5mV.ltrans0.ltrans.o
 .text.ReadUnaligned64
                0x0000000000001604       0x50 /tmp/PcdDxe.dll.onC5mV.ltrans0.ltrans.o
 .text.AsciiStrLen
                0x0000000000001654       0x74 /tmp/PcdDxe.dll.onC5mV.ltrans0.ltrans.o
 .text.AsciiStrSize
                0x00000000000016c8       0x18 /tmp/PcdDxe.dll.onC5mV.ltrans0.ltrans.o
 .text.StrLen   0x00000000000016e0       0x90 /tmp/PcdDxe.dll.onC5mV.ltrans0.ltrans.o
 .text.StrCmp   0x0000000000001770       0x98 /tmp/PcdDxe.dll.onC5mV.ltrans0.ltrans.o
 .text.BasePrintLibSPrintMarker.constprop.0
                0x0000000000001808      0xbe8 /tmp/PcdDxe.dll.onC5mV.ltrans0.ltrans.o
 .text.BasePrintLibSPrint.constprop.0
                0x00000000000023f0       0x9c /tmp/PcdDxe.dll.onC5mV.ltrans0.ltrans.o
 .text.DebugPrint
                0x000000000000248c       0xcc /tmp/PcdDxe.dll.onC5mV.ltrans0.ltrans.o
 .text.FreePool
                0x0000000000002558       0x7c /tmp/PcdDxe.dll.onC5mV.ltrans0.ltrans.o
 .text.AsciiStrCatS
                0x00000000000025d4      0x220 /tmp/PcdDxe.dll.onC5mV.ltrans0.ltrans.o
 .text.AsciiSPrint.constprop.0
                0x00000000000027f4       0xa8 /tmp/PcdDxe.dll.onC5mV.ltrans0.ltrans.o
 .text.InitializeListHead
                0x000000000000289c       0x40 /tmp/PcdDxe.dll.onC5mV.ltrans0.ltrans.o
 .text.InternalBaseLibIsListValid
                0x00000000000028dc       0xac /tmp/PcdDxe.dll.onC5mV.ltrans0.ltrans.o
 .text.RemoveEntryList
                0x0000000000002988       0x74 /tmp/PcdDxe.dll.onC5mV.ltrans0.ltrans.o
 .text.GetFirstNode
                0x00000000000029fc       0x44 /tmp/PcdDxe.dll.onC5mV.ltrans0.ltrans.o
 .text.GetNextNode
                0x0000000000002a40       0x44 /tmp/PcdDxe.dll.onC5mV.ltrans0.ltrans.o
 .text.InvokeCallbackOnSet
                0x0000000000002a84       0xa0 /tmp/PcdDxe.dll.onC5mV.ltrans0.ltrans.o
 .text.InsertTailList
                0x0000000000002b24       0x5c /tmp/PcdDxe.dll.onC5mV.ltrans0.ltrans.o
 .text.VariableLockDynamicHiiPcd
                0x0000000000002b80      0x140 /tmp/PcdDxe.dll.onC5mV.ltrans0.ltrans.o
 .text.VariableLockCallBack
                0x0000000000002cc0       0x80 /tmp/PcdDxe.dll.onC5mV.ltrans0.ltrans.o
 .text.SetPtrTypeSize
                0x0000000000002d40      0x104 /tmp/PcdDxe.dll.onC5mV.ltrans0.ltrans.o
 .text.GetPtrTypeSize
                0x0000000000002e44       0xc8 /tmp/PcdDxe.dll.onC5mV.ltrans0.ltrans.o
 .text.GetPcdType
                0x0000000000002f0c       0xa4 /tmp/PcdDxe.dll.onC5mV.ltrans0.ltrans.o
 .text.DxePcdGetSize
                0x0000000000002fb0       0xec /tmp/PcdDxe.dll.onC5mV.ltrans0.ltrans.o
 .text.DxePcdSetSku
                0x000000000000309c      0x1e0 /tmp/PcdDxe.dll.onC5mV.ltrans0.ltrans.o
 .text.CopyMem  0x000000000000327c       0xa4 /tmp/PcdDxe.dll.onC5mV.ltrans0.ltrans.o
 .text.GetWorker
                0x0000000000003320      0x38c /tmp/PcdDxe.dll.onC5mV.ltrans0.ltrans.o
 .text.DxePcdGetPtr
                0x00000000000036ac        0x8 /tmp/PcdDxe.dll.onC5mV.ltrans0.ltrans.o
 .text.DxePcdGet64
                0x00000000000036b4       0x18 /tmp/PcdDxe.dll.onC5mV.ltrans0.ltrans.o
 .text.DxePcdGet32
                0x00000000000036cc       0x18 /tmp/PcdDxe.dll.onC5mV.ltrans0.ltrans.o
 .text.DxePcdGet16
                0x00000000000036e4       0x18 /tmp/PcdDxe.dll.onC5mV.ltrans0.ltrans.o
 .text.DxePcdGet8
                0x00000000000036fc       0x1c /tmp/PcdDxe.dll.onC5mV.ltrans0.ltrans.o
 .text.DxePcdGetBool
                0x0000000000003718        0x4 /tmp/PcdDxe.dll.onC5mV.ltrans0.ltrans.o
 .text.ZeroMem  0x000000000000371c       0x70 /tmp/PcdDxe.dll.onC5mV.ltrans0.ltrans.o
 .text.AllocateZeroPool
                0x000000000000378c       0x34 /tmp/PcdDxe.dll.onC5mV.ltrans0.ltrans.o
 .text.GetPcdName
                0x00000000000037c0      0x184 /tmp/PcdDxe.dll.onC5mV.ltrans0.ltrans.o
 .text.GetDistinctTokenSpace
                0x0000000000003944       0xcc /tmp/PcdDxe.dll.onC5mV.ltrans0.ltrans.o
 .text.ScanGuid
                0x0000000000003a10       0xc4 /tmp/PcdDxe.dll.onC5mV.ltrans0.ltrans.o
 .text.GetExPcdTokenNumber
                0x0000000000003ad4      0x178 /tmp/PcdDxe.dll.onC5mV.ltrans0.ltrans.o
 .text.ExGetWorker
                0x0000000000003c4c       0x24 /tmp/PcdDxe.dll.onC5mV.ltrans0.ltrans.o
 .text.DxePcdGetPtrEx
                0x0000000000003c70        0x8 /tmp/PcdDxe.dll.onC5mV.ltrans0.ltrans.o
 .text.DxePcdGet64Ex
                0x0000000000003c78       0x18 /tmp/PcdDxe.dll.onC5mV.ltrans0.ltrans.o
 .text.DxePcdGet32Ex
                0x0000000000003c90       0x18 /tmp/PcdDxe.dll.onC5mV.ltrans0.ltrans.o
 .text.DxePcdGet16Ex
                0x0000000000003ca8       0x18 /tmp/PcdDxe.dll.onC5mV.ltrans0.ltrans.o
 .text.DxePcdGet8Ex
                0x0000000000003cc0       0x1c /tmp/PcdDxe.dll.onC5mV.ltrans0.ltrans.o
 .text.DxePcdGetBoolEx
                0x0000000000003cdc        0x4 /tmp/PcdDxe.dll.onC5mV.ltrans0.ltrans.o
 .text.DxeUnRegisterCallBackOnSet
                0x0000000000003ce0       0xc0 /tmp/PcdDxe.dll.onC5mV.ltrans0.ltrans.o
 .text.DxeRegisterCallBackOnSet
                0x0000000000003da0       0xe4 /tmp/PcdDxe.dll.onC5mV.ltrans0.ltrans.o
 .text.DxePcdGetSizeEx
                0x0000000000003e84       0x14 /tmp/PcdDxe.dll.onC5mV.ltrans0.ltrans.o
 .text.ExGetNextTokeNumber
                0x0000000000003e98      0x110 /tmp/PcdDxe.dll.onC5mV.ltrans0.ltrans.o
 .text.DxePcdGetNextToken
                0x0000000000003fa8      0x150 /tmp/PcdDxe.dll.onC5mV.ltrans0.ltrans.o
 .text.ExGetPcdInfo
                0x00000000000040f8      0x118 /tmp/PcdDxe.dll.onC5mV.ltrans0.ltrans.o
 .text.DxeGetPcdInfo
                0x0000000000004210      0x16c /tmp/PcdDxe.dll.onC5mV.ltrans0.ltrans.o
 .text.DxeGetPcdInfoGetInfoEx
                0x000000000000437c        0x4 /tmp/PcdDxe.dll.onC5mV.ltrans0.ltrans.o
 .text.DxeGetPcdInfoGetInfo
                0x0000000000004380       0x10 /tmp/PcdDxe.dll.onC5mV.ltrans0.ltrans.o
 .text.CompareGuid
                0x0000000000004390       0x60 /tmp/PcdDxe.dll.onC5mV.ltrans0.ltrans.o
 .text.GetNextGuidHob.constprop.0
                0x00000000000043f0       0xa4 /tmp/PcdDxe.dll.onC5mV.ltrans0.ltrans.o
 .text.GetHobList
                0x0000000000004494      0x118 /tmp/PcdDxe.dll.onC5mV.ltrans0.ltrans.o
 .text.GetVariableSizeAndDataFromHiiPcd
                0x00000000000045ac      0x150 /tmp/PcdDxe.dll.onC5mV.ltrans0.ltrans.o
 .text.SetWorker
                0x00000000000046fc      0x530 /tmp/PcdDxe.dll.onC5mV.ltrans0.ltrans.o
 .text.ExSetWorker
                0x0000000000004c2c       0x74 /tmp/PcdDxe.dll.onC5mV.ltrans0.ltrans.o
 .text.DxePcdSetPtrEx
                0x0000000000004ca0       0x20 /tmp/PcdDxe.dll.onC5mV.ltrans0.ltrans.o
 .text.DxePcdSet64Ex
                0x0000000000004cc0       0x6c /tmp/PcdDxe.dll.onC5mV.ltrans0.ltrans.o
 .text.DxePcdSet32Ex
                0x0000000000004d2c       0x6c /tmp/PcdDxe.dll.onC5mV.ltrans0.ltrans.o
 .text.DxePcdSet8Ex
                0x0000000000004d98       0x6c /tmp/PcdDxe.dll.onC5mV.ltrans0.ltrans.o
 .text.DxePcdSetBoolEx
                0x0000000000004e04        0x4 /tmp/PcdDxe.dll.onC5mV.ltrans0.ltrans.o
 .text.DxePcdSetPtr
                0x0000000000004e08       0x14 /tmp/PcdDxe.dll.onC5mV.ltrans0.ltrans.o
 .text.DxePcdSet16
                0x0000000000004e1c       0x60 /tmp/PcdDxe.dll.onC5mV.ltrans0.ltrans.o
 .text.DxePcdSet64
                0x0000000000004e7c       0x60 /tmp/PcdDxe.dll.onC5mV.ltrans0.ltrans.o
 .text.DxePcdSet32
                0x0000000000004edc       0x60 /tmp/PcdDxe.dll.onC5mV.ltrans0.ltrans.o
 .text.DxePcdSet8
                0x0000000000004f3c       0x60 /tmp/PcdDxe.dll.onC5mV.ltrans0.ltrans.o
 .text.DxePcdSetBool
                0x0000000000004f9c        0x4 /tmp/PcdDxe.dll.onC5mV.ltrans0.ltrans.o
 .text.DxePcdGetNextTokenSpace
                0x0000000000004fa0      0x234 /tmp/PcdDxe.dll.onC5mV.ltrans0.ltrans.o
 *fill*         0x00000000000051d4        0x4 
 .text.DxePcdGetNextTokenSpace.stub
                0x00000000000051d8       0x10 linker stubs
 .text.DxePcdSet16Ex
                0x00000000000061d8       0xc0 /tmp/PcdDxe.dll.onC5mV.ltrans0.ltrans.o
 .text.memcpy   0x0000000000006298       0x20 /tmp/PcdDxe.dll.onC5mV.ltrans0.ltrans.o
                0x0000000000006298                memcpy
 .text.__stack_chk_fail
                0x00000000000062b8       0x48 /tmp/PcdDxe.dll.onC5mV.ltrans0.ltrans.o
                0x00000000000062b8                __stack_chk_fail
 .text._ModuleEntryPoint
                0x0000000000006300      0x7f8 /tmp/PcdDxe.dll.onC5mV.ltrans0.ltrans.o
                0x0000000000006300                _ModuleEntryPoint
 *fill*         0x0000000000006af8        0x8 
 .text          0x0000000000006b00      0x200 /home/alastair/pftf-rpi4/Build/RPi4/DEBUG_GCC5/AARCH64/MdePkg/Library/BaseMemoryLibOptDxe/BaseMemoryLibOptDxe/OUTPUT/BaseMemoryLibOptDxe.lib(SetMem.obj)
                0x0000000000006b00                InternalMemSetMem16
                0x0000000000006b0c                InternalMemSetMem32
                0x0000000000006b18                InternalMemSetMem64
                0x0000000000006b24                InternalMemZeroMem
                0x0000000000006b2c                InternalMemSetMem
 .text          0x0000000000006d00      0x218 /home/alastair/pftf-rpi4/Build/RPi4/DEBUG_GCC5/AARCH64/MdePkg/Library/BaseMemoryLibOptDxe/BaseMemoryLibOptDxe/OUTPUT/BaseMemoryLibOptDxe.lib(CopyMem.obj)
                0x0000000000006e6c                InternalMemCopyMem
 *fill*         0x0000000000006f18        0x8 
 .text          0x0000000000006f20       0x20 /home/alastair/pftf-rpi4/Build/RPi4/DEBUG_GCC5/AARCH64/MdePkg/Library/BaseMemoryLibOptDxe/BaseMemoryLibOptDxe/OUTPUT/BaseMemoryLibOptDxe.lib(CompareGuid.obj)
                0x0000000000006f20                InternalMemCompareGuid
 *(.rodata .rodata.* .gnu.linkonce.r.*)
 .rodata.DebugAssert.str1.1
                0x0000000000006f40       0x1f /tmp/PcdDxe.dll.onC5mV.ltrans0.ltrans.o
 .rodata.EfiReleaseLock.constprop.0.str1.1
                0x0000000000006f5f       0x5d /tmp/PcdDxe.dll.onC5mV.ltrans0.ltrans.o
 .rodata.EfiAcquireLock.constprop.0.str1.1
                0x0000000000006fbc       0x1e /tmp/PcdDxe.dll.onC5mV.ltrans0.ltrans.o
 .rodata.ReadUnaligned16.str1.1
                0x0000000000006fda       0x5c /tmp/PcdDxe.dll.onC5mV.ltrans0.ltrans.o
 .rodata.AsciiStrLen.str1.1
                0x0000000000007036       0x76 /tmp/PcdDxe.dll.onC5mV.ltrans0.ltrans.o
 .rodata.StrLen.str1.1
                0x00000000000070ac       0x5d /tmp/PcdDxe.dll.onC5mV.ltrans0.ltrans.o
 .rodata.StrCmp.str1.1
                0x0000000000007109       0x37 /tmp/PcdDxe.dll.onC5mV.ltrans0.ltrans.o
 .rodata.StrnLenS.str1.1
                0x0000000000007140       0x42 /tmp/PcdDxe.dll.onC5mV.ltrans0.ltrans.o
 .rodata.BasePrintLibSPrintMarker.constprop.0.str1.1
                0x0000000000007182      0x17d /tmp/PcdDxe.dll.onC5mV.ltrans0.ltrans.o
 *fill*         0x00000000000072ff        0x1 
 .rodata.BasePrintLibSPrintMarker.constprop.0
                0x0000000000007300       0x5e /tmp/PcdDxe.dll.onC5mV.ltrans0.ltrans.o
 .rodata.FreePool.str1.1
                0x000000000000735e       0x90 /tmp/PcdDxe.dll.onC5mV.ltrans0.ltrans.o
 .rodata.AsciiStrCatS.str1.1
                0x00000000000073ee      0x102 /tmp/PcdDxe.dll.onC5mV.ltrans0.ltrans.o
 .rodata.InitializeListHead.str1.1
                0x00000000000074f0       0x5b /tmp/PcdDxe.dll.onC5mV.ltrans0.ltrans.o
 .rodata.InternalBaseLibIsListValid.str1.1
                0x000000000000754b       0x41 /tmp/PcdDxe.dll.onC5mV.ltrans0.ltrans.o
                                         0x56 (size before relaxing)
 .rodata.RemoveEntryList.str1.1
                0x000000000000758c       0x3b /tmp/PcdDxe.dll.onC5mV.ltrans0.ltrans.o
 .rodata.GetFirstNode.str1.1
                0x00000000000075c7       0x22 /tmp/PcdDxe.dll.onC5mV.ltrans0.ltrans.o
 .rodata.VariableLockDynamicHiiPcd.str1.1
                0x00000000000075e9       0x47 /tmp/PcdDxe.dll.onC5mV.ltrans0.ltrans.o
 .rodata.SetPtrTypeSize.str1.1
                0x0000000000007630       0x82 /tmp/PcdDxe.dll.onC5mV.ltrans0.ltrans.o
 .rodata.DxePcdGetSize.str1.1
                0x00000000000076b2       0x6d /tmp/PcdDxe.dll.onC5mV.ltrans0.ltrans.o
 .rodata.DxePcdSetSku.str1.1
                0x000000000000771f      0x16e /tmp/PcdDxe.dll.onC5mV.ltrans0.ltrans.o
 .rodata.CopyMem.str1.1
                0x000000000000788d       0xd3 /tmp/PcdDxe.dll.onC5mV.ltrans0.ltrans.o
 .rodata.GetWorker.str1.1
                0x0000000000007960       0xaa /tmp/PcdDxe.dll.onC5mV.ltrans0.ltrans.o
 .rodata.ZeroMem.str1.1
                0x0000000000007a0a       0x88 /tmp/PcdDxe.dll.onC5mV.ltrans0.ltrans.o
 .rodata.GetPcdName.str1.1
                0x0000000000007a92       0x54 /tmp/PcdDxe.dll.onC5mV.ltrans0.ltrans.o
 .rodata.GetDistinctTokenSpace.str1.1
                0x0000000000007ae6       0x23 /tmp/PcdDxe.dll.onC5mV.ltrans0.ltrans.o
 .rodata.ScanGuid.str1.1
                0x0000000000007b09       0xac /tmp/PcdDxe.dll.onC5mV.ltrans0.ltrans.o
 .rodata.GetExPcdTokenNumber.str1.1
                0x0000000000007bb5       0x1a /tmp/PcdDxe.dll.onC5mV.ltrans0.ltrans.o
 .rodata.DxeRegisterCallBackOnSet.str1.1
                0x0000000000007bcf       0x1d /tmp/PcdDxe.dll.onC5mV.ltrans0.ltrans.o
 .rodata.DxeGetPcdInfo.str1.1
                0x0000000000007bec       0x18 /tmp/PcdDxe.dll.onC5mV.ltrans0.ltrans.o
 .rodata.CompareGuid.str1.1
                0x0000000000007c04       0x2c /tmp/PcdDxe.dll.onC5mV.ltrans0.ltrans.o
 .rodata.GetNextGuidHob.constprop.0.str1.1
                0x0000000000007c30       0x59 /tmp/PcdDxe.dll.onC5mV.ltrans0.ltrans.o
 .rodata.GetHobList.str1.1
                0x0000000000007c89       0x19 /tmp/PcdDxe.dll.onC5mV.ltrans0.ltrans.o
 *fill*         0x0000000000007ca2        0x2 
 .rodata.SetWorker
                0x0000000000007ca4        0x8 /tmp/PcdDxe.dll.onC5mV.ltrans0.ltrans.o
 .rodata.DxePcdGetNextTokenSpace.str1.1
                0x0000000000007cac       0x19 /tmp/PcdDxe.dll.onC5mV.ltrans0.ltrans.o
                                         0x15 (size before relaxing)
 .rodata.DxePcdSet16Ex.str1.1
                0x0000000000007cac       0x55 /tmp/PcdDxe.dll.onC5mV.ltrans0.ltrans.o
 .rodata.__stack_chk_fail.str1.1
                0x0000000000007d01       0x2e /tmp/PcdDxe.dll.onC5mV.ltrans0.ltrans.o
 .rodata._ModuleEntryPoint.str1.1
                0x0000000000007d2f      0x2c3 /tmp/PcdDxe.dll.onC5mV.ltrans0.ltrans.o
                                        0x2df (size before relaxing)
 .rodata.__FUNCTION__.2138
                0x0000000000007ff2        0xd /tmp/PcdDxe.dll.onC5mV.ltrans0.ltrans.o
 .rodata.mErrorString
                0x0000000000007fff      0x2b5 /tmp/PcdDxe.dll.onC5mV.ltrans0.ltrans.o
 .rodata.mHexStr
                0x00000000000082b4       0x10 /tmp/PcdDxe.dll.onC5mV.ltrans0.ltrans.o
 .rodata.mWarningString
                0x00000000000082c4       0x96 /tmp/PcdDxe.dll.onC5mV.ltrans0.ltrans.o
 *(.got .got.*)
 *fill*         0x000000000000835a        0x6 
 .got           0x0000000000008360        0x8 /home/alastair/pftf-rpi4/edk2/ArmPkg/Library/GccLto/liblto-aarch64.a
                0x0000000000008360                _GLOBAL_OFFSET_TABLE_
 .got.plt       0x0000000000008368       0x18 /home/alastair/pftf-rpi4/edk2/ArmPkg/Library/GccLto/liblto-aarch64.a
 *:AutoGen.obj(.data.g*Guid)

.plt            0x0000000000008380        0x0
 .plt           0x0000000000008380        0x0 /home/alastair/pftf-rpi4/edk2/ArmPkg/Library/GccLto/liblto-aarch64.a

.data           0x0000000000009000      0x348
 *(.data .data.* .gnu.linkonce.d.*)
 .data.rel.ro   0x0000000000009000        0x0 /home/alastair/pftf-rpi4/edk2/ArmPkg/Library/GccLto/liblto-aarch64.a
 .data.__stack_chk_guard
                0x0000000000009000        0x8 /tmp/PcdDxe.dll.onC5mV.ltrans0.ltrans.o
                0x0000000000009000                __stack_chk_guard
 .data.gEdkiiVariableLockProtocolGuid
                0x0000000000009008       0x10 /tmp/PcdDxe.dll.onC5mV.ltrans0.ltrans.o
 .data.gEfiCallerIdGuid
                0x0000000000009018       0x10 /tmp/PcdDxe.dll.onC5mV.ltrans0.ltrans.o
 .data.gEfiFirmwareVolume2ProtocolGuid
                0x0000000000009028       0x10 /tmp/PcdDxe.dll.onC5mV.ltrans0.ltrans.o
 .data.gEfiGetPcdInfoProtocolGuid
                0x0000000000009038       0x10 /tmp/PcdDxe.dll.onC5mV.ltrans0.ltrans.o
 .data.gEfiHobListGuid
                0x0000000000009048       0x10 /tmp/PcdDxe.dll.onC5mV.ltrans0.ltrans.o
 .data.gEfiLoadedImageProtocolGuid
                0x0000000000009058       0x10 /tmp/PcdDxe.dll.onC5mV.ltrans0.ltrans.o
 .data.gEfiMdeModulePkgTokenSpaceGuid
                0x0000000000009068       0x10 /tmp/PcdDxe.dll.onC5mV.ltrans0.ltrans.o
 .data.gEfiPcdProtocolGuid
                0x0000000000009078       0x10 /tmp/PcdDxe.dll.onC5mV.ltrans0.ltrans.o
 .data.gGetPcdInfoProtocolGuid
                0x0000000000009088       0x10 /tmp/PcdDxe.dll.onC5mV.ltrans0.ltrans.o
 .data.gPcdDataBaseHobGuid
                0x0000000000009098       0x10 /tmp/PcdDxe.dll.onC5mV.ltrans0.ltrans.o
 .data.gPcdDataBaseSignatureGuid
                0x00000000000090a8       0x10 /tmp/PcdDxe.dll.onC5mV.ltrans0.ltrans.o
 .data.gPcdProtocolGuid
                0x00000000000090b8       0x10 /tmp/PcdDxe.dll.onC5mV.ltrans0.ltrans.o
 .data.mEfiGetPcdInfoInstance
                0x00000000000090c8       0x10 /tmp/PcdDxe.dll.onC5mV.ltrans0.ltrans.o
 .data.mEfiPcdInstance
                0x00000000000090d8       0x90 /tmp/PcdDxe.dll.onC5mV.ltrans0.ltrans.o
 .data.mGetPcdInfoInstance
                0x0000000000009168       0x18 /tmp/PcdDxe.dll.onC5mV.ltrans0.ltrans.o
 .data.mPcdDatabaseLock
                0x0000000000009180       0x18 /tmp/PcdDxe.dll.onC5mV.ltrans0.ltrans.o
 .data.mPcdInstance
                0x0000000000009198       0xf8 /tmp/PcdDxe.dll.onC5mV.ltrans0.ltrans.o
 *(.bss .bss.*)
 .bss.TmpTokenSpaceBuffer
                0x0000000000009290        0x8 /tmp/PcdDxe.dll.onC5mV.ltrans0.ltrans.o
 .bss.TmpTokenSpaceBufferCount
                0x0000000000009298        0x8 /tmp/PcdDxe.dll.onC5mV.ltrans0.ltrans.o
 .bss.UsePl011Uart
                0x00000000000092a0        0x1 /tmp/PcdDxe.dll.onC5mV.ltrans0.ltrans.o
 .bss.UsePl011UartSet
                0x00000000000092a1        0x1 /tmp/PcdDxe.dll.onC5mV.ltrans0.ltrans.o
 *fill*         0x00000000000092a2        0x6 
 .bss.gBS       0x00000000000092a8        0x8 /tmp/PcdDxe.dll.onC5mV.ltrans0.ltrans.o
 .bss.gImageHandle
                0x00000000000092b0        0x8 /tmp/PcdDxe.dll.onC5mV.ltrans0.ltrans.o
 .bss.gRT       0x00000000000092b8        0x8 /tmp/PcdDxe.dll.onC5mV.ltrans0.ltrans.o
 .bss.gST       0x00000000000092c0        0x8 /tmp/PcdDxe.dll.onC5mV.ltrans0.ltrans.o
 .bss.mCallbackFnTable
                0x00000000000092c8        0x8 /tmp/PcdDxe.dll.onC5mV.ltrans0.ltrans.o
 .bss.mDxeExMapTableEmpty
                0x00000000000092d0        0x1 /tmp/PcdDxe.dll.onC5mV.ltrans0.ltrans.o
 *fill*         0x00000000000092d1        0x3 
 .bss.mDxeExMapppingTableSize
                0x00000000000092d4        0x4 /tmp/PcdDxe.dll.onC5mV.ltrans0.ltrans.o
 .bss.mDxeGuidTableSize
                0x00000000000092d8        0x4 /tmp/PcdDxe.dll.onC5mV.ltrans0.ltrans.o
 .bss.mDxeLocalTokenCount
                0x00000000000092dc        0x4 /tmp/PcdDxe.dll.onC5mV.ltrans0.ltrans.o
 .bss.mDxeNexTokenCount
                0x00000000000092e0        0x4 /tmp/PcdDxe.dll.onC5mV.ltrans0.ltrans.o
 *fill*         0x00000000000092e4        0x4 
 .bss.mDxePcdDbBinary
                0x00000000000092e8        0x8 /tmp/PcdDxe.dll.onC5mV.ltrans0.ltrans.o
 .bss.mDxePcdDbSize
                0x00000000000092f0        0x8 /tmp/PcdDxe.dll.onC5mV.ltrans0.ltrans.o
 .bss.mHobList  0x00000000000092f8        0x8 /tmp/PcdDxe.dll.onC5mV.ltrans0.ltrans.o
 .bss.mPcdDatabase
                0x0000000000009300       0x10 /tmp/PcdDxe.dll.onC5mV.ltrans0.ltrans.o
 .bss.mPcdHandle
                0x0000000000009310        0x8 /tmp/PcdDxe.dll.onC5mV.ltrans0.ltrans.o
 .bss.mPcdTotalTokenCount
                0x0000000000009318        0x4 /tmp/PcdDxe.dll.onC5mV.ltrans0.ltrans.o
 .bss.mPeiDatabaseEmpty
                0x000000000000931c        0x1 /tmp/PcdDxe.dll.onC5mV.ltrans0.ltrans.o
 .bss.mPeiExMapTableEmpty
                0x000000000000931d        0x1 /tmp/PcdDxe.dll.onC5mV.ltrans0.ltrans.o
 *fill*         0x000000000000931e        0x2 
 .bss.mPeiExMapppingTableSize
                0x0000000000009320        0x4 /tmp/PcdDxe.dll.onC5mV.ltrans0.ltrans.o
 .bss.mPeiGuidTableSize
                0x0000000000009324        0x4 /tmp/PcdDxe.dll.onC5mV.ltrans0.ltrans.o
 .bss.mPeiLocalTokenCount
                0x0000000000009328        0x4 /tmp/PcdDxe.dll.onC5mV.ltrans0.ltrans.o
 .bss.mPeiNexTokenCount
                0x000000000000932c        0x4 /tmp/PcdDxe.dll.onC5mV.ltrans0.ltrans.o
 .bss.mPeiPcdDbBinary
                0x0000000000009330        0x8 /tmp/PcdDxe.dll.onC5mV.ltrans0.ltrans.o
 .bss.mPeiPcdDbSize
                0x0000000000009338        0x8 /tmp/PcdDxe.dll.onC5mV.ltrans0.ltrans.o
 .bss.mVpdBaseAddress
                0x0000000000009340        0x8 /tmp/PcdDxe.dll.onC5mV.ltrans0.ltrans.o

.dynbss         0x0000000000009348        0x0
 .dynbss        0x0000000000009348        0x0 /home/alastair/pftf-rpi4/edk2/ArmPkg/Library/GccLto/liblto-aarch64.a

.eh_frame
 *(.eh_frame)

.rela           0x0000000000009348      0x510
 *(.rela .rela.*)
 .rela.got      0x0000000000009348        0x0 /home/alastair/pftf-rpi4/edk2/ArmPkg/Library/GccLto/liblto-aarch64.a
 .rela.plt      0x0000000000009348        0x0 /home/alastair/pftf-rpi4/edk2/ArmPkg/Library/GccLto/liblto-aarch64.a
 .rela.bss      0x0000000000009348        0x0 /home/alastair/pftf-rpi4/edk2/ArmPkg/Library/GccLto/liblto-aarch64.a
 .rela.data.rel.ro
                0x0000000000009348        0x0 /home/alastair/pftf-rpi4/edk2/ArmPkg/Library/GccLto/liblto-aarch64.a
 .rela.ifunc    0x0000000000009348        0x0 /home/alastair/pftf-rpi4/edk2/ArmPkg/Library/GccLto/liblto-aarch64.a
 .rela.data.mEfiGetPcdInfoInstance
                0x0000000000009348       0x30 /home/alastair/pftf-rpi4/edk2/ArmPkg/Library/GccLto/liblto-aarch64.a
 .rela.data.mEfiPcdInstance
                0x0000000000009378      0x1b0 /home/alastair/pftf-rpi4/edk2/ArmPkg/Library/GccLto/liblto-aarch64.a
 .rela.data.mGetPcdInfoInstance
                0x0000000000009528       0x48 /home/alastair/pftf-rpi4/edk2/ArmPkg/Library/GccLto/liblto-aarch64.a
 .rela.data.mPcdInstance
                0x0000000000009570      0x2e8 /home/alastair/pftf-rpi4/edk2/ArmPkg/Library/GccLto/liblto-aarch64.a

.hii
 *(.hii)

.build-id       0x0000000000009858       0x24
 *(.note.gnu.build-id)
 .note.gnu.build-id
                0x0000000000009858       0x24 /home/alastair/pftf-rpi4/edk2/ArmPkg/Library/GccLto/liblto-aarch64.a

/DISCARD/
 *(.note.GNU-stack)
 *(.gnu_debuglink)
 *(.interp)
 *(.dynsym)
 *(.dynstr)
 *(.dynamic)
 *(.hash .gnu.hash)
 *(.comment)
 *(COMMON)
                0x0000000000000228                PECOFF_HEADER_SIZE = 0x228
OUTPUT(/home/alastair/pftf-rpi4/Build/RPi4/DEBUG_GCC5/AARCH64/MdeModulePkg/Universal/PCD/Dxe/Pcd/DEBUG/PcdDxe.dll elf64-littleaarch64)
LOAD linker stubs

.debug_info     0x0000000000000000    0x2146a
 .debug_info    0x0000000000000000     0x65d5 /tmp/PcdDxe.dll.onC5mV.ltrans0.ltrans.o
 .debug_info    0x00000000000065d5     0x1a57 /tmp/ccBtBtVV.debug.temp.o
                0x00000000000065d5                DriverEntryPoint.c.9519b125
 .debug_info    0x000000000000802c      0x187 /tmp/ccEEUpJW.debug.temp.o
                0x000000000000802c                BaseStackCheckGcc.c.9918e4ed
 .debug_info    0x00000000000081b3      0x1d7 /tmp/cchnwLsU.debug.temp.o
                0x00000000000081b3                memcpy.c.992e94b8
 .debug_info    0x000000000000838a      0x188 /tmp/cciga6XT.debug.temp.o
                0x000000000000838a                memset.c.d190684e
 .debug_info    0x0000000000008512     0x1e70 /tmp/ccqNNsFS.debug.temp.o
                0x0000000000008512                AutoGen.c.0d0947f3
 .debug_info    0x000000000000a382     0x300a /tmp/ccwaymmV.debug.temp.o
                0x000000000000a382                Pcd.c.a2093485
 .debug_info    0x000000000000d38c     0x2e53 /tmp/ccGar1rV.debug.temp.o
                0x000000000000d38c                Service.c.5b51c69c
 .debug_info    0x00000000000101df      0x1d0 /tmp/ccmuSteT.debug.temp.o
                0x00000000000101df                CpuDeadLoop.c.e33e7959
 .debug_info    0x00000000000103af      0x428 /tmp/ccj9mlEV.debug.temp.o
                0x00000000000103af                LinkedList.c.6e13becc
 .debug_info    0x00000000000107d7     0x1004 /tmp/ccFnmePU.debug.temp.o
                0x00000000000107d7                SafeString.c.d8550fea
 .debug_info    0x00000000000117db      0x7f3 /tmp/ccgHrbDV.debug.temp.o
                0x00000000000117db                String.c.753c3495
 .debug_info    0x0000000000011fce      0x33d /tmp/cc1NzAQS.debug.temp.o
                0x0000000000011fce                Unaligned.c.4a0798dc
 .debug_info    0x000000000001230b      0x1db /tmp/cc051FwT.debug.temp.o
                0x000000000001230b                LShiftU64.c.b38ec6e2
 .debug_info    0x00000000000124e6      0x43c /tmp/ccIfDEBU.debug.temp.o
                0x00000000000124e6                Math64.c.5e992ad5
 .debug_info    0x0000000000012922      0x21d /tmp/cczXrGNT.debug.temp.o
                0x0000000000012922                MemLibGuid.c.2ca06148
 .debug_info    0x0000000000012b3f      0x17a /tmp/ccID8KJW.debug.temp.o
                0x0000000000012b3f                ZeroMemWrapper.c.8dc042f6
 .debug_info    0x0000000000012cb9      0x191 /tmp/ccE6F8FT.debug.temp.o
                0x0000000000012cb9                CopyMemWrapper.c.8ed793a8
 .debug_info    0x0000000000012e4a      0x3f2 /tmp/ccvdeFvV.debug.temp.o
                0x0000000000012e4a                DebugLib.c.0df38b98
 .debug_info    0x000000000001323c     0x18e1 /tmp/ccX3YUMT.debug.temp.o
                0x000000000001323c                UefiBootServicesTableLib.c.c00a3dd8
 .debug_info    0x0000000000014b1d     0x1de0 /tmp/ccNVoNNV.debug.temp.o
                0x0000000000014b1d                MemoryAllocationLib.c.774777c4
 .debug_info    0x00000000000168fd     0x18b2 /tmp/cc7AnVtW.debug.temp.o
                0x00000000000168fd                UefiRuntimeServicesTableLib.c.7b9e7237
 .debug_info    0x00000000000181af     0x27ac /tmp/cchPVXvT.debug.temp.o
                0x00000000000181af                UefiLib.c.2c69044c
 .debug_info    0x000000000001a95b     0x22fe /tmp/ccc7sqNU.debug.temp.o
                0x000000000001a95b                HobLib.c.fefb3825
 .debug_info    0x000000000001cc59     0x2756 /tmp/cc4GeIXS.debug.temp.o
                0x000000000001cc59                DxeServicesLib.c.7e331950
 .debug_info    0x000000000001f3af      0x18d /tmp/ccLNe5lU.debug.temp.o
                0x000000000001f3af                BaseDebugPrintErrorLevelLib.c.afda57b5
 .debug_info    0x000000000001f53c      0x201 /tmp/ccnbyUYS.debug.temp.o
                0x000000000001f53c                DebugDualSerialPortLib.c.3fe30e88
 .debug_info    0x000000000001f73d      0x2e6 /tmp/ccXPGWmW.debug.temp.o
                0x000000000001f73d                DualSerialPortLibCommon.c.2dc6badf
 .debug_info    0x000000000001fa23      0x68f /tmp/ccrRJjKV.debug.temp.o
                0x000000000001fa23                PrintLib.c.260a037f
 .debug_info    0x00000000000200b2      0x79a /tmp/ccwW4MiW.debug.temp.o
                0x00000000000200b2                PrintLibInternal.c.92769e0a
 .debug_info    0x000000000002084c      0x1e5 /tmp/ccs9ePnV.debug.temp.o
                0x000000000002084c                DivU64x32Remainder.c.19070deb
 .debug_info    0x0000000000020a31      0x503 /tmp/cclQtrgW.debug.temp.o
                0x0000000000020a31                IoLibNoIo.c.335a48c4
 .debug_info    0x0000000000020f34      0x536 /tmp/cc4rrFgU.debug.temp.o
                0x0000000000020f34                PL011UartLib.c.f54a0051

.debug_abbrev   0x0000000000000000     0x2d68
 .debug_abbrev  0x0000000000000000      0x276 /tmp/PcdDxe.dll.onC5mV.ltrans0.ltrans.o
 .debug_abbrev  0x0000000000000276      0x1e9 /tmp/ccBtBtVV.debug.temp.o
 .debug_abbrev  0x000000000000045f       0xc7 /tmp/ccEEUpJW.debug.temp.o
 .debug_abbrev  0x0000000000000526       0xee /tmp/cchnwLsU.debug.temp.o
 .debug_abbrev  0x0000000000000614       0xc0 /tmp/cciga6XT.debug.temp.o
 .debug_abbrev  0x00000000000006d4      0x236 /tmp/ccqNNsFS.debug.temp.o
 .debug_abbrev  0x000000000000090a      0x27d /tmp/ccwaymmV.debug.temp.o
 .debug_abbrev  0x0000000000000b87      0x264 /tmp/ccGar1rV.debug.temp.o
 .debug_abbrev  0x0000000000000deb       0xb6 /tmp/ccmuSteT.debug.temp.o
 .debug_abbrev  0x0000000000000ea1      0x139 /tmp/ccj9mlEV.debug.temp.o
 .debug_abbrev  0x0000000000000fda      0x138 /tmp/ccFnmePU.debug.temp.o
 .debug_abbrev  0x0000000000001112      0x126 /tmp/ccgHrbDV.debug.temp.o
 .debug_abbrev  0x0000000000001238       0xc9 /tmp/cc1NzAQS.debug.temp.o
 .debug_abbrev  0x0000000000001301       0xb1 /tmp/cc051FwT.debug.temp.o
 .debug_abbrev  0x00000000000013b2       0xf9 /tmp/ccIfDEBU.debug.temp.o
 .debug_abbrev  0x00000000000014ab       0xce /tmp/cczXrGNT.debug.temp.o
 .debug_abbrev  0x0000000000001579       0xb1 /tmp/ccID8KJW.debug.temp.o
 .debug_abbrev  0x000000000000162a       0xb8 /tmp/ccE6F8FT.debug.temp.o
 .debug_abbrev  0x00000000000016e2      0x165 /tmp/ccvdeFvV.debug.temp.o
 .debug_abbrev  0x0000000000001847      0x1dd /tmp/ccX3YUMT.debug.temp.o
 .debug_abbrev  0x0000000000001a24      0x242 /tmp/ccNVoNNV.debug.temp.o
 .debug_abbrev  0x0000000000001c66      0x1c3 /tmp/cc7AnVtW.debug.temp.o
 .debug_abbrev  0x0000000000001e29      0x267 /tmp/cchPVXvT.debug.temp.o
 .debug_abbrev  0x0000000000002090      0x25a /tmp/ccc7sqNU.debug.temp.o
 .debug_abbrev  0x00000000000022ea      0x225 /tmp/cc4GeIXS.debug.temp.o
 .debug_abbrev  0x000000000000250f       0xc6 /tmp/ccLNe5lU.debug.temp.o
 .debug_abbrev  0x00000000000025d5       0xc4 /tmp/ccnbyUYS.debug.temp.o
 .debug_abbrev  0x0000000000002699      0x108 /tmp/ccXPGWmW.debug.temp.o
 .debug_abbrev  0x00000000000027a1      0x150 /tmp/ccrRJjKV.debug.temp.o
 .debug_abbrev  0x00000000000028f1      0x161 /tmp/ccwW4MiW.debug.temp.o
 .debug_abbrev  0x0000000000002a52       0xb3 /tmp/ccs9ePnV.debug.temp.o
 .debug_abbrev  0x0000000000002b05      0x11f /tmp/cclQtrgW.debug.temp.o
 .debug_abbrev  0x0000000000002c24      0x144 /tmp/cc4rrFgU.debug.temp.o

.debug_loc      0x0000000000000000     0xbccd
 .debug_loc     0x0000000000000000     0xbccd /tmp/PcdDxe.dll.onC5mV.ltrans0.ltrans.o

.debug_aranges  0x0000000000000000      0x610
 .debug_aranges
                0x0000000000000000      0x610 /tmp/PcdDxe.dll.onC5mV.ltrans0.ltrans.o

.debug_ranges   0x0000000000000000      0xf80
 .debug_ranges  0x0000000000000000      0xf80 /tmp/PcdDxe.dll.onC5mV.ltrans0.ltrans.o

.debug_line     0x0000000000000000     0x9043
 .debug_line    0x0000000000000000     0x4a37 /tmp/PcdDxe.dll.onC5mV.ltrans0.ltrans.o
 .debug_line    0x0000000000004a37      0x347 /tmp/ccBtBtVV.debug.temp.o
 .debug_line    0x0000000000004d7e      0x170 /tmp/ccEEUpJW.debug.temp.o
 .debug_line    0x0000000000004eee      0x171 /tmp/cchnwLsU.debug.temp.o
 .debug_line    0x000000000000505f      0x171 /tmp/cciga6XT.debug.temp.o
 .debug_line    0x00000000000051d0      0x2e7 /tmp/ccqNNsFS.debug.temp.o
 .debug_line    0x00000000000054b7      0x46d /tmp/ccwaymmV.debug.temp.o
 .debug_line    0x0000000000005924      0x467 /tmp/ccGar1rV.debug.temp.o
 .debug_line    0x0000000000005d8b      0x14c /tmp/ccmuSteT.debug.temp.o
 .debug_line    0x0000000000005ed7      0x14b /tmp/ccj9mlEV.debug.temp.o
 .debug_line    0x0000000000006022      0x14b /tmp/ccFnmePU.debug.temp.o
 .debug_line    0x000000000000616d      0x147 /tmp/ccgHrbDV.debug.temp.o
 .debug_line    0x00000000000062b4      0x14e /tmp/cc1NzAQS.debug.temp.o
 .debug_line    0x0000000000006402      0x14a /tmp/cc051FwT.debug.temp.o
 .debug_line    0x000000000000654c      0x147 /tmp/ccIfDEBU.debug.temp.o
 .debug_line    0x0000000000006693      0x173 /tmp/cczXrGNT.debug.temp.o
 .debug_line    0x0000000000006806      0x173 /tmp/ccID8KJW.debug.temp.o
 .debug_line    0x0000000000006979      0x173 /tmp/ccE6F8FT.debug.temp.o
 .debug_line    0x0000000000006aec      0x20c /tmp/ccvdeFvV.debug.temp.o
 .debug_line    0x0000000000006cf8      0x330 /tmp/ccX3YUMT.debug.temp.o
 .debug_line    0x0000000000007028      0x328 /tmp/ccNVoNNV.debug.temp.o
 .debug_line    0x0000000000007350      0x2e9 /tmp/cc7AnVtW.debug.temp.o
 .debug_line    0x0000000000007639      0x36d /tmp/cchPVXvT.debug.temp.o
 .debug_line    0x00000000000079a6      0x3c1 /tmp/ccc7sqNU.debug.temp.o
 .debug_line    0x0000000000007d67      0x48b /tmp/cc4GeIXS.debug.temp.o
 .debug_line    0x00000000000081f2      0x198 /tmp/ccLNe5lU.debug.temp.o
 .debug_line    0x000000000000838a      0x228 /tmp/ccnbyUYS.debug.temp.o
 .debug_line    0x00000000000085b2      0x240 /tmp/ccXPGWmW.debug.temp.o
 .debug_line    0x00000000000087f2      0x166 /tmp/ccrRJjKV.debug.temp.o
 .debug_line    0x0000000000008958      0x184 /tmp/ccwW4MiW.debug.temp.o
 .debug_line    0x0000000000008adc      0x153 /tmp/ccs9ePnV.debug.temp.o
 .debug_line    0x0000000000008c2f      0x16b /tmp/cclQtrgW.debug.temp.o
 .debug_line    0x0000000000008d9a      0x2a9 /tmp/cc4rrFgU.debug.temp.o

.debug_str      0x0000000000000000     0x66e8
 .debug_str     0x0000000000000000      0x25e /tmp/PcdDxe.dll.onC5mV.ltrans0.ltrans.o
                                        0x277 (size before relaxing)
 .debug_str     0x000000000000025e     0x154d /tmp/ccBtBtVV.debug.temp.o
                                       0x1690 (size before relaxing)
 .debug_str     0x00000000000017ab      0x27a /tmp/ccEEUpJW.debug.temp.o
                                        0x3af (size before relaxing)
 .debug_str     0x0000000000001a25       0xd3 /tmp/cchnwLsU.debug.temp.o
                                        0x34e (size before relaxing)
 .debug_str     0x0000000000001af8       0x55 /tmp/cciga6XT.debug.temp.o
                                        0x342 (size before relaxing)
 .debug_str     0x0000000000001b4d      0x92e /tmp/ccqNNsFS.debug.temp.o
                                       0x1ea3 (size before relaxing)
 .debug_str     0x000000000000247b      0xbfa /tmp/ccwaymmV.debug.temp.o
                                       0x283d (size before relaxing)
 .debug_str     0x0000000000003075      0x5ae /tmp/ccGar1rV.debug.temp.o
                                       0x23f3 (size before relaxing)
 .debug_str     0x0000000000003623       0xa5 /tmp/ccmuSteT.debug.temp.o
                                        0x461 (size before relaxing)
 .debug_str     0x00000000000036c8      0x11a /tmp/ccj9mlEV.debug.temp.o
                                        0x571 (size before relaxing)
 .debug_str     0x00000000000037e2      0x2f5 /tmp/ccFnmePU.debug.temp.o
                                        0x82d (size before relaxing)
 .debug_str     0x0000000000003ad7      0x2ee /tmp/ccgHrbDV.debug.temp.o
                                        0x7e2 (size before relaxing)
 .debug_str     0x0000000000003dc5       0xf5 /tmp/cc1NzAQS.debug.temp.o
                                        0x508 (size before relaxing)
 .debug_str     0x0000000000003eba       0x49 /tmp/cc051FwT.debug.temp.o
                                        0x465 (size before relaxing)
 .debug_str     0x0000000000003f03      0x199 /tmp/ccIfDEBU.debug.temp.o
                                        0x5df (size before relaxing)
 .debug_str     0x000000000000409c      0x10c /tmp/cczXrGNT.debug.temp.o
                                        0x3ad (size before relaxing)
 .debug_str     0x00000000000041a8       0x52 /tmp/ccID8KJW.debug.temp.o
                                        0x358 (size before relaxing)
 .debug_str     0x00000000000041fa       0x71 /tmp/ccE6F8FT.debug.temp.o
                                        0x370 (size before relaxing)
 .debug_str     0x000000000000426b      0x25e /tmp/ccvdeFvV.debug.temp.o
                                        0x5c4 (size before relaxing)
 .debug_str     0x00000000000044c9       0xfd /tmp/ccX3YUMT.debug.temp.o
                                       0x156d (size before relaxing)
 .debug_str     0x00000000000045c6      0x30a /tmp/ccNVoNNV.debug.temp.o
                                       0x17d9 (size before relaxing)
 .debug_str     0x00000000000048d0      0x10c /tmp/cc7AnVtW.debug.temp.o
                                       0x156f (size before relaxing)
 .debug_str     0x00000000000049dc      0x6ef /tmp/cchPVXvT.debug.temp.o
                                       0x20b1 (size before relaxing)
 .debug_str     0x00000000000050cb      0x5a7 /tmp/ccc7sqNU.debug.temp.o
                                       0x1c13 (size before relaxing)
 .debug_str     0x0000000000005672      0x4e8 /tmp/cc4GeIXS.debug.temp.o
                                       0x1f13 (size before relaxing)
 .debug_str     0x0000000000005b5a      0x115 /tmp/ccLNe5lU.debug.temp.o
                                        0x3e0 (size before relaxing)
 .debug_str     0x0000000000005c6f      0x102 /tmp/ccnbyUYS.debug.temp.o
                                        0x516 (size before relaxing)
 .debug_str     0x0000000000005d71       0xf3 /tmp/ccXPGWmW.debug.temp.o
                                        0x5b3 (size before relaxing)
 .debug_str     0x0000000000005e64      0x21d /tmp/ccrRJjKV.debug.temp.o
                                        0x5a2 (size before relaxing)
 .debug_str     0x0000000000006081      0x222 /tmp/ccwW4MiW.debug.temp.o
                                        0x70c (size before relaxing)
 .debug_str     0x00000000000062a3       0x5d /tmp/ccs9ePnV.debug.temp.o
                                        0x47e (size before relaxing)
 .debug_str     0x0000000000006300      0x1ab /tmp/cclQtrgW.debug.temp.o
                                        0x44d (size before relaxing)
 .debug_str     0x00000000000064ab      0x23d /tmp/cc4rrFgU.debug.temp.o
                                        0x818 (size before relaxing)

.debug_frame    0x0000000000000000     0x1158
 .debug_frame   0x0000000000000000     0x1158 /tmp/PcdDxe.dll.onC5mV.ltrans0.ltrans.o
